09-13 15:33:47.699  5285  5285 D PandoraEx.Utils: convertAndUpdateConfig: Config{module[device], systemApi[TM#G_LI_NUM], rules[{normal=Rule{scene[normal], strategy[ban], highFreq[null], cacheTime[0], silenceTime[0], reportRate[0], legalPage[[]], illegalPage[[]]}, before=Rule{scene[before], strategy[ban], highFreq[null], cacheTime[0], silenceTime[0], reportRate[0], legalPage[[]], illegalPage[[]]}, back=Rule{scene[back], strategy[ban], highFreq[null], cacheTime[0], silenceTime[0], reportRate[0], legalPage[[]], illegalPage[[]]}}], specialPage[null], isBanAccess[false], isBanBackgroundAccess[false], isReportRealTime[false], reportSampleRate[100000], configHighFrequency[null}
09-13 15:33:47.699  5285  5285 D PandoraEx.Utils: convertAndUpdateConfig: Config{module[device], systemApi[TM#G_SIM_SE_NUM], rules[{normal=Rule{scene[normal], strategy[ban], highFreq[null], cacheTime[0], silenceTime[0], reportRate[0], legalPage[[]], illegalPage[[]]}, before=Rule{scene[before], strategy[ban], highFreq[null], cacheTime[0], silenceTime[0], reportRate[0], legalPage[[]], illegalPage[[]]}, back=Rule{scene[back], strategy[ban], highFreq[null], cacheTime[0], silenceTime[0], reportRate[0], legalPage[[]], illegalPage[[]]}}], specialPage[null], isBanAccess[false], isBanBackgroundAccess[false], isReportRealTime[false], reportSampleRate[100000], configHighFrequency[null}
09-13 15:33:47.699  5285  5285 D PandoraEx.Utils: convertAndUpdateConfig: Config{module[device], systemApi[TM#G_UICC_INFO], rules[{normal=Rule{scene[normal], strategy[ban], highFreq[null], cacheTime[0], silenceTime[0], reportRate[0], legalPage[[]], illegalPage[[]]}, before=Rule{scene[before], strategy[ban], highFreq[null], cacheTime[0], silenceTime[0], reportRate[0], legalPage[[]], illegalPage[[]]}, back=Rule{scene[back], strategy[ban], highFreq[null], cacheTime[0], silenceTime[0], reportRate[0], legalPage[[]], illegalPage[[]]}}], specialPage[null], isBanAccess[false], isBanBackgroundAccess[false], isReportRealTime[false], reportSampleRate[100000], configHighFrequency[null}
09-13 15:33:47.699  5285  5285 D PandoraEx.Utils: convertAndUpdateConfig: Config{module[device], systemApi[TM#G_IM], rules[{normal=Rule{scene[normal], strategy[ban], highFreq[null], cacheTime[0], silenceTime[0], reportRate[0], legalPage[[]], illegalPage[[]]}, before=Rule{scene[before], strategy[ban], highFreq[null], cacheTime[0], silenceTime[0], reportRate[0], legalPage[[]], illegalPage[[]]}, back=Rule{scene[back], strategy[ban], highFreq[null], cacheTime[0], silenceTime[0], reportRate[0], legalPage[[]], illegalPage[[]]}}], specialPage[null], isBanAccess[false], isBanBackgroundAccess[false], isReportRealTime[false], reportSampleRate[1000000], configHighFrequency[null}
09-13 15:33:47.699  5285  5285 D PandoraEx.Utils: convertAndUpdateConfig: Config{module[device], systemApi[TM#G_IM#I], rules[{normal=Rule{scene[normal], strategy[ban], highFreq[null], cacheTime[0], silenceTime[0], reportRate[0], legalPage[[]], illegalPage[[]]}, before=Rule{scene[before], strategy[ban], highFreq[null], cacheTime[0], silenceTime[0], reportRate[0], legalPage[[]], illegalPage[[]]}, back=Rule{scene[back], strategy[ban], highFreq[null], cacheTime[0], silenceTime[0], reportRate[0], legalPage[[]], illegalPage[[]]}}], specialPage[null], isBanAccess[false], isBanBackgroundAccess[false], isReportRealTime[false], reportSampleRate[1000000], configHighFrequency[null}
09-13 15:33:47.700  5285  5285 D PandoraEx.Utils: convertAndUpdateConfig: Config{module[device], systemApi[TM#G_DID], rules[{normal=Rule{scene[normal], strategy[ban], highFreq[null], cacheTime[0], silenceTime[0], reportRate[0], legalPage[[]], illegalPage[[]]}, before=Rule{scene[before], strategy[ban], highFreq[null], cacheTime[0], silenceTime[0], reportRate[0], legalPage[[]], illegalPage[[]]}, back=Rule{scene[back], strategy[ban], highFreq[null], cacheTime[0], silenceTime[0], reportRate[0], legalPage[[]], illegalPage[[]]}}], specialPage[null], isBanAccess[false], isBanBackgroundAccess[false], isReportRealTime[false], reportSampleRate[1000000], configHighFrequency[null}
09-13 15:33:47.700  5285  5285 D PandoraEx.Utils: convertAndUpdateConfig: Config{module[device], systemApi[TM#G_DID#I], rules[{normal=Rule{scene[normal], strategy[ban], highFreq[null], cacheTime[0], silenceTime[0], reportRate[0], legalPage[[]], illegalPage[[]]}, before=Rule{scene[before], strategy[ban], highFreq[null], cacheTime[0], silenceTime[0], reportRate[0], legalPage[[]], illegalPage[[]]}, back=Rule{scene[back], strategy[ban], highFreq[null], cacheTime[0], silenceTime[0], reportRate[0], legalPage[[]], illegalPage[[]]}}], specialPage[null], isBanAccess[false], isBanBackgroundAccess[false], isReportRealTime[false], reportSampleRate[1000000], configHighFrequency[null}
09-13 15:33:47.700  5285  5285 D PandoraEx.Utils: convertAndUpdateConfig: Config{module[device], systemApi[TM#G_SID], rules[{normal=Rule{scene[normal], strategy[ban], highFreq[null], cacheTime[0], silenceTime[0], reportRate[0], legalPage[[]], illegalPage[[]]}, before=Rule{scene[before], strategy[ban], highFreq[null], cacheTime[0], silenceTime[0], reportRate[0], legalPage[[]], illegalPage[[]]}, back=Rule{scene[back], strategy[ban], highFreq[null], cacheTime[0], silenceTime[0], reportRate[0], legalPage[[]], illegalPage[[]]}}], specialPage[null], isBanAccess[false], isBanBackgroundAccess[false], isReportRealTime[false], reportSampleRate[200000], configHighFrequency[null}
09-13 15:33:47.700  5285  5285 D PandoraEx.Utils: convertAndUpdateConfig: Config{module[device], systemApi[TM#G_MID], rules[{normal=Rule{scene[normal], strategy[ban], highFreq[null], cacheTime[0], silenceTime[0], reportRate[0], legalPage[[]], illegalPage[[]]}, before=Rule{scene[before], strategy[ban], highFreq[null], cacheTime[0], silenceTime[0], reportRate[0], legalPage[[]], illegalPage[[]]}, back=Rule{scene[back], strategy[ban], highFreq[null], cacheTime[0], silenceTime[0], reportRate[0], legalPage[[]], illegalPage[[]]}}], specialPage[null], isBanAccess[false], isBanBackgroundAccess[false], isReportRealTime[false], reportSampleRate[300000], configHighFrequency[null}
09-13 15:33:47.700  5285  5285 D PandoraEx.Utils: convertAndUpdateConfig: Config{module[device], systemApi[TM#G_MID#I], rules[{normal=Rule{scene[normal], strategy[ban], highFreq[null], cacheTime[0], silenceTime[0], reportRate[0], legalPage[[]], illegalPage[[]]}, before=Rule{scene[before], strategy[ban], highFreq[null], cacheTime[0], silenceTime[0], reportRate[0], legalPage[[]], illegalPage[[]]}, back=Rule{scene[back], strategy[ban], highFreq[null], cacheTime[0], silenceTime[0], reportRate[0], legalPage[[]], illegalPage[[]]}}], specialPage[null], isBanAccess[false], isBanBackgroundAccess[false], isReportRealTime[false], reportSampleRate[300000], configHighFrequency[null}
09-13 15:33:47.700  5285  5285 D PandoraEx.Utils: convertAndUpdateConfig: Config{module[network], systemApi[TM#G_DA_NET_TYPE], rules[{normal=Rule{scene[normal], strategy[ban], highFreq[null], cacheTime[0], silenceTime[0], reportRate[0], legalPage[[]], illegalPage[[]]}, before=Rule{scene[before], strategy[ban], highFreq[null], cacheTime[0], silenceTime[0], reportRate[0], legalPage[[]], illegalPage[[]]}, back=Rule{scene[back], strategy[ban], highFreq[null], cacheTime[0], silenceTime[0], reportRate[0], legalPage[[]], illegalPage[[]]}}], specialPage[null], isBanAccess[false], isBanBackgroundAccess[false], isReportRealTime[false], reportSampleRate[300000], configHighFrequency[null}
09-13 15:33:47.701  5285  5285 D PandoraEx.Utils: convertAndUpdateConfig: Config{module[device], systemApi[BU#MODEL], rules[{normal=Rule{scene[normal], strategy[storage], highFreq[null], cacheTime[86400000], silenceTime[0], reportRate[0], legalPage[[]], illegalPage[[]]}, before=Rule{scene[before], strategy[ban], highFreq[null], cacheTime[0], silenceTime[0], reportRate[0], legalPage[[]], illegalPage[[]]}, back=Rule{scene[back], strategy[cache_only], highFreq[null], cacheTime[0], silenceTime[0], reportRate[0], legalPage[[]], illegalPage[[]]}}], specialPage[null], isBanAccess[false], isBanBackgroundAccess[false], isReportRealTime[false], reportSampleRate[20000000], configHighFrequency[null}
09-13 15:33:47.701  5285  5285 D PrivacyProtectionManager: getConfigFormMmkv begin
09-13 15:33:47.701  5285  5285 D PrivacyMonitorConfigProcessor: [config] getConfigFormMMKV: PrivacyMonitorConfigBean{ configList = [] isUseOldConfig = true}
09-13 15:33:47.701  5285  5285 I MMKV    : Disable checkProcessMode()
09-13 15:33:47.701  5285  5285 D PandoraEx.MMKVStrategy: initMMKV at: /data/user/0/com.tencent.mobileqq/files/mmkv
09-13 15:33:47.709  5285  5285 D PandoraEx.PrivacyPolicyHelper: setPrivacyPolicyStatus, state=1
09-13 15:33:47.709  5285  5285 D PrivacyProtectionManager: com.tencent.mobileqq init privacy_protection successful
09-13 15:33:47.709  5285  5285 D PrivacyProtectionManager: initPrivacyProtection cost:24
09-13 15:33:47.709  5285  5285 D Qq******************] force: true, allow: true, init: false: 
09-13 15:33:47.711  5285  5285 I qm      : beacon logAble: false
09-13 15:33:47.720  5285  5285 D QConfigManager: initQAutoInject, mOldServletInjector: a, mInjectProcessors: 415
09-13 15:33:47.735  5285  5285 E 2g.outt : init
09-13 15:33:47.735  5285  5285 E 2g.outt : sync
09-13 15:33:47.744  5285  5285 I 2g.outt : vm onResult true
09-13 15:33:47.747  5285  5285 D PandoraEx.MonitorReporter: module[device], systemApi[SE#G_AID], scene[back], strategy[cache_only], isSystemCall[false
09-13 15:33:47.747  5285  5285 D QQBeaconPrivateInfo: QQBeaconPrivateInfo init is success
09-13 15:33:47.757  5285  5285 D Qq******************] init. process: com.tencent.mobileqq: 
09-13 15:33:47.758  5285  5328 I TetheringManager: registerTetheringEventCallback:com.tencent.mobileqq
09-13 15:33:47.762  5285  5285 E qiqili  : InitMemoryCache BaseApplicationImpl.sProcessId =1BaseApplicationImpl.processName=com.tencent.mobileqq
09-13 15:33:47.765  5285  5285 D AutoMonitor: InitMemoryCache, cost=6 results: true
09-13 15:33:47.781  5285  5285 I NativeMemoryMonitor: load so res: true
09-13 15:33:47.783  5285  5330 I beacon  : beacon logAble: false
09-13 15:33:47.784  5285  5330 I beacon  : logAble: false , SDKVersion: ********-hf2.1
09-13 15:33:47.787  5285  5285 D LIBNATIVE-MEMORY-LIBRARY-LIB: native-lib.cpp:initJniHook(49) >> mark: 2676724216, mark2: 2676724256
09-13 15:33:47.789  5285  5336 I qm      : beacon logAble: false
09-13 15:33:47.790  5285  5330 D TAB.NetworkUtils: Register NetworkCallback
09-13 15:33:47.790  5285  5285 D LIBNATIVE-MEMORY-LIBRARY-LIB: FileHooker.cpp:hookFile(129) >> file hooked
09-13 15:33:47.793  5285  5285 I PERF_LOG: GC.GcWatcher is init
09-13 15:33:47.819  5285  5341 D StorageFileMonitor: onFileOperate runtime not ready
09-13 15:33:47.820  5285  5285 D TeleScreen|JefsClass: JefsClassInjectUtil newInstance
09-13 15:33:47.824  5285  5285 W encent.mobileq: Class android.support.v4.util.ArraySet failed lock verification and will run slower.
09-13 15:33:47.824  5285  5285 W encent.mobileq: Common causes for lock verification issues are non-optimized dex code
09-13 15:33:47.824  5285  5285 W encent.mobileq: and incorrect proguard optimizations.
09-13 15:33:47.824  5285  5330 I TabExpComponent: [environment = release, appId = 1504, sceneId = EmptySceneId, guid = 9978A01200AFDCEFBD1C831910001B616818]-----start-----set true start
09-13 15:33:47.824  5285  5330 I TabExpComponent: [environment = release, appId = 1504, sceneId = EmptySceneId, guid = 9978A01200AFDCEFBD1C831910001B616818]-----start-----set true end
09-13 15:33:47.824  5285  5330 D TAB.TabExpDataManager: [environment = release, appId = 1504, sceneId = EmptySceneId, guid = 9978A01200AFDCEFBD1C831910001B616818]-----setStartUseRefreshListener-----finish
09-13 15:33:47.824  5285  5330 D TAB.TabExpDataManager: [environment = release, appId = 1504, sceneId = EmptySceneId, guid = 9978A01200AFDCEFBD1C831910001B616818]-----startUse-----return by isInitUse = false, isStartUse = false
09-13 15:33:47.824  5285  5330 I TabExpComponent: [environment = release, appId = 1504, sceneId = EmptySceneId, guid = 9978A01200AFDCEFBD1C831910001B616818]-----start-----finish
09-13 15:33:47.825  5285  5346 D TAB.TabExpDataStorage: [environment = release, appId = 1504, sceneId = EmptySceneId, guid = 9978A01200AFDCEFBD1C831910001B616818]----------fetchStorageStart-----
09-13 15:33:47.825  5285  5285 D QQDtReportHelper: 848QQDT [setIsMainProcess] process: 5285, from: 1
09-13 15:33:47.825  5285  5336 D StorageFileMonitor: onFileOperate runtime not ready
09-13 15:33:47.825  5285  5346 D TAB.TabExpDataStorage: [environment = release, appId = 1504, sceneId = EmptySceneId, guid = 9978A01200AFDCEFBD1C831910001B616818]-----isNeedToFetchStorage-----return true by is init fetch
09-13 15:33:47.825  5285  5346 D TAB.TabExpDataStorage: [environment = release, appId = 1504, sceneId = EmptySceneId, guid = 9978A01200AFDCEFBD1C831910001B616818]-----fetchStorage-----is need to fetch
09-13 15:33:47.826  5285  5346 D TAB.TabExpDataStorage: [environment = release, appId = 1504, sceneId = EmptySceneId, guid = 9978A01200AFDCEFBD1C831910001B616818]-----putMemoryDataVersion-----dataVersion = 1662709913
09-13 15:33:47.826  5285  5346 D TAB.TabExpDataStorage: [environment = release, appId = 1504, sceneId = EmptySceneId, guid = 9978A01200AFDCEFBD1C831910001B616818]-----initData-----return by storageAllKeys empty
09-13 15:33:47.836  5285  5347 E System  :  ******** DEPRECATED FUNCTIONALITY ********
09-13 15:33:47.836  5285  5347 E System  :  * The implementation of the KeyFactory.RSA algorithm from
09-13 15:33:47.836  5285  5347 E System  :  * the BC provider is deprecated in this version of Android.
09-13 15:33:47.836  5285  5347 E System  :  * It will be removed in a future version of Android and your
09-13 15:33:47.836  5285  5347 E System  :  * application will no longer be able to request it.  Please see
09-13 15:33:47.836  5285  5347 E System  :  * ****************************************************************************************
09-13 15:33:47.836  5285  5347 E System  :  * for more details.
09-13 15:33:47.837  5285  5348 D StorageFileMonitor: onFileOperate runtime not ready
09-13 15:33:47.838  5285  5353 D StorageFileMonitor: onFileOperate runtime not ready
09-13 15:33:47.838  5285  5348 D StorageFileMonitor: onFileOperate runtime not ready
09-13 15:33:47.838  5285  5348 D StorageFileMonitor: onFileOperate runtime not ready
09-13 15:33:47.842  5285  5354 D StorageFileMonitor: onFileOperate runtime not ready
09-13 15:33:47.847  5285  5346 D TAB.TabExpDataStorage: [environment = release, appId = 1504, sceneId = EmptySceneId, guid = 9978A01200AFDCEFBD1C831910001B616818]-----updateControlInfo = TabExpControlInfo{mData=ControlData{refresh_duration=3600, report_infra=REPORT_INFRA_ATTA, atta_infra_config=AttaInfraConfig{atta_id=04800015034, atta_token=6299336879}}, mEnableReport=false, mRollInterval=3600, mReportInterval=60}
09-13 15:33:47.847  5285  5346 D TAB.TabExpDataStorage: [environment = release, appId = 1504, sceneId = EmptySceneId, guid = 9978A01200AFDCEFBD1C831910001B616818]----------fetchStorageEnd-----
09-13 15:33:47.847  5285  5346 D TAB.TabExpDataStorage: [environment = release, appId = 1504, sceneId = EmptySceneId, guid = 9978A01200AFDCEFBD1C831910001B616818]-----initUse-----finish
09-13 15:33:47.847  5285  5346 D TAB.TabExpDataFetcher: [environment = release, appId = 1504, sceneId = EmptySceneId, guid = 9978A01200AFDCEFBD1C831910001B616818]-----initUse-----finish
09-13 15:33:47.847  5285  5346 I TAB.TabExpDataRoller: [environment = release, appId = 1504, sceneId = EmptySceneId, guid = 9978A01200AFDCEFBD1C831910001B616818]-----initUse-----finish
09-13 15:33:47.847  5285  5346 D TAB.TabExpDataManager: [environment = release, appId = 1504, sceneId = EmptySceneId, guid = 9978A01200AFDCEFBD1C831910001B616818]-----initUse-----finish
09-13 15:33:47.847  5285  5346 D TAB.TabExpDataManager: [environment = release, appId = 1504, sceneId = EmptySceneId, guid = 9978A01200AFDCEFBD1C831910001B616818]-----getStartUseRefreshListener-----finish
09-13 15:33:47.848  5285  5346 D TAB.TabExpDataStorage: [environment = release, appId = 1504, sceneId = EmptySceneId, guid = 9978A01200AFDCEFBD1C831910001B616818]-----startUse-----finish
09-13 15:33:47.848  5285  5346 D TAB.TabExpDataFetcher: [environment = release, appId = 1504, sceneId = EmptySceneId, guid = 9978A01200AFDCEFBD1C831910001B616818]-----startUse-----finish
09-13 15:33:47.848  5285  5346 I TAB.TabExpDataRoller: [environment = release, appId = 1504, sceneId = EmptySceneId, guid = 9978A01200AFDCEFBD1C831910001B616818]-----startUse-----finish
09-13 15:33:47.849  5285  5346 I TAB.TabExpDataRoller: [environment = release, appId = 1504, sceneId = EmptySceneId, guid = 9978A01200AFDCEFBD1C831910001B616818]-----sendRollMessageDelayed-----delayMillis = 3600000
09-13 15:33:47.849  5285  5356 D TAB.TabExpDataManager: [environment = release, appId = 1504, sceneId = EmptySceneId, guid = 9978A01200AFDCEFBD1C831910001B616818]-----refreshData-----
09-13 15:33:47.849  5285  5346 D TAB.TabExpDataManager: [environment = release, appId = 1504, sceneId = EmptySceneId, guid = 9978A01200AFDCEFBD1C831910001B616818]-----startUseInternal-----finish
09-13 15:33:47.849  5285  5346 D TAB.TabExpDataManager: [environment = release, appId = 1504, sceneId = EmptySceneId, guid = 9978A01200AFDCEFBD1C831910001B616818]-----initUse-----finish isCalledStartUse
09-13 15:33:47.851  5285  5356 D TAB.TabExpDataFetcher: [environment = release, appId = 1504, sceneId = EmptySceneId, guid = 9978A01200AFDCEFBD1C831910001B616818]-----expUrl: ********************************************* GetExperimentsReq{app_id=1504, guid=9978A01200AFDCEFBD1C831910001B616818, filter_options=FilterOptions{}, time_version=1662709913}
09-13 15:33:47.851  5285  5356 D TAB.TabExpDataFetcher: [environment = release, appId = 1504, sceneId = EmptySceneId, guid = 9978A01200AFDCEFBD1C831910001B616818]-----fetch----- ********************************************
09-13 15:33:47.851  5285  5285 D DtSdkInitStep: [setDtVideoSwitch] switch: true
09-13 15:33:47.856  5285  5285 D QQDtSamplingConfig: [loadDataFromMMKVByKey], key = mmkv_key_toggle_dataset1239120048 value = 
09-13 15:33:47.856  5285  5285 D QQDtSamplingConfig: com.tencent.mobileqq [convertJsonToData]:null
09-13 15:33:47.857  5285  5285 D QQDtSamplingConfig: com.tencent.mobileqq [onUpdateDTSamplingConfig], pageSamplingMap = {pg_aio=100.0}
09-13 15:33:47.857  5285  5285 D QQDtSamplingConfig: elementSamplingMap = {em_discover_button=100.0}
09-13 15:33:47.857  5285  5285 D DtSdkInitStep: 848QQDT initDTCost : 32 ms from = 1
09-13 15:33:47.858  5285  5285 D AutoMonitor: LoadDex, cost=188 results: true
09-13 15:33:47.859  5285  5357 D TAB.TabExpDataManager: [environment = release, appId = 1504, sceneId = EmptySceneId, guid = 9978A01200AFDCEFBD1C831910001B616818]-----handleResponseStart
09-13 15:33:47.860  5285  5357 D TAB.TabExpDataManager: [environment = release, appId = 1504, sceneId = EmptySceneId, guid = 9978A01200AFDCEFBD1C831910001B616818]-----isNeedToHandleResponse-----return false by is not responseSuccess
09-13 15:33:47.860  5285  5357 D TAB.TabExpDataManager: [environment = release, appId = 1504, sceneId = EmptySceneId, guid = 9978A01200AFDCEFBD1C831910001B616818]-----handleResponse-----return false by is not need
09-13 15:33:47.860  5285  5357 D TAB.TabExpDataManager: [environment = release, appId = 1504, sceneId = EmptySceneId, guid = 9978A01200AFDCEFBD1C831910001B616818]-----handleResponseEnd
09-13 15:33:47.860  5285  5357 D TAB.TabExpDataManager: [environment = release, appId = 1504, sceneId = EmptySceneId, guid = 9978A01200AFDCEFBD1C831910001B616818]-----fetch----refreshListener onRefresh Finished: TabNetworkError {  mResultCode = -1, mResultMessage = , mErrorCode = -1, mErrorMessage = unknown  }
09-13 15:33:47.879  5285  5285 D AutoMonitor: LoadModule, cost=20 results: true
09-13 15:33:47.882  5285  5285 D StorageFileMonitor: onFileOperate runtime not ready
09-13 15:33:47.883  5285  5339 I PERF_LOG: GC.happened gc!!!!!!!!!, 30175 ms interval from last time
09-13 15:33:47.883  5285  5285 D MSF.D.MonitorSocket: phoneDisplays: KOT49H|KTU84P, phoneModels: COOLPAD7295, appid: , version: , currVersion: ********45, process: , com.tencent.mobileqq
09-13 15:33:47.897  5285  5332 D StorageFileMonitor: onFileOperate runtime not ready
09-13 15:33:47.897  5285  5332 D StorageFileMonitor: onFileOperate runtime not ready
09-13 15:33:47.898  5285  5332 D StorageFileMonitor: onFileOperate runtime not ready
09-13 15:33:47.899  5285  5364 D StorageFileMonitor: onFileOperate runtime not ready
09-13 15:33:47.900  5285  5285 D AutoMonitor: OldApplication, cost=22 results: true
09-13 15:33:47.901  5285  5285 D AutoMonitor: ManageThread, cost=0 results: true
09-13 15:33:47.901  5285  5285 D AutoMonitor: [LoadDex, LoadModule, OldApplication, ManageThread], cost=231 results: true
09-13 15:33:47.901  5285  5285 D AutoMonitor: mCurState = 0, next = 1
09-13 15:33:47.901  5285  5285 D AutoMonitor: STATE_0, cost=231 then 1
09-13 15:33:47.908  5285  5285 I BaseMultiProcessSingleton: updateMultiProcessData  bundle = Bundle[{key_xsj_session=}]
09-13 15:33:47.908  5285  5285 D QCircleNativeSessionManager: clearSession
09-13 15:33:47.908  5285  5285 D AutoMonitor: QCircleInitStep, cost=6 results: true
09-13 15:33:47.909  5285  5285 I DCL_MODULE: Initializer.init
09-13 15:33:47.909  5285  5285 I DCL_MODULE: Initializer.supportAlpha DCL_TYPE:0
09-13 15:33:47.909  5285  5331 D AccountRuntimeImpl: getAccount is null
09-13 15:33:47.945  5153  5153 D PatchLogTag: DexPatchInstaller checkDexPatchConfigAndStatus patch config is null
09-13 15:33:47.945  5153  5153 D PatchLogTag: DexPatchInstaller installDexPatch Not inject patch, status=0
09-13 15:33:47.946  5153  5153 D VFSRegisterProxy: initConfig start!
09-13 15:33:47.946  5153  5153 I SharedPreferencesProxy: create new ContentProviderClient: StepUpdate
09-13 15:33:47.949  5153  5153 D VFSRegisterProxy: initConfig checkSP is called, return val = false
09-13 15:33:47.949  5153  5153 D VFSRegisterProxy: initConfig end!
09-13 15:33:47.949  5153  5153 I MMKV    : Disable checkProcessMode()
09-13 15:33:47.950  5153  5153 D PandoraExConfigMMKV: initMMKV at: /data/user/0/com.tencent.mobileqq/files/mmkv
09-13 15:33:47.950  5153  5153 D PandoraEx.ActivityMonitor: ActivityMonitor init success
09-13 15:33:47.951  5153  5153 D PandoraEx.Utils: convertAndUpdateConfig: Config{module[default_module], systemApi[null], rules[{}], specialPage[null], isBanAccess[false], isBanBackgroundAccess[false], isReportRealTime[false], reportSampleRate[1], configHighFrequency[null}
09-13 15:33:47.952  5153  5153 E PandoraEx.ConfigManager: initDefaultConfig initLevel is defaultConfig
09-13 15:33:47.952  5153  5153 D PandoraEx.Utils: convertAndUpdateConfig: Config{module[default_module], systemApi[null], rules[{back=Rule{scene[back], strategy[cache_only], highFreq[null], cacheTime[0], silenceTime[0], reportRate[0], legalPage[[]], illegalPage[[]]}, before=Rule{scene[before], strategy[ban], highFreq[null], cacheTime[0], silenceTime[0], reportRate[0], legalPage[[]], illegalPage[[]]}}], specialPage[null], isBanAccess[false], isBanBackgroundAccess[false], isReportRealTime[false], reportSampleRate[1], configHighFrequency[null}
09-13 15:33:47.952  5153  5153 D PandoraEx.Utils: convertAndUpdateConfig: Config{module[clipboard], systemApi[null], rules[{high_freq=Rule{scene[high_freq], strategy[normal], highFreq[ConfigHighFrequency{count[10], durationMillSecond[10000], actualDuration[0]}], cacheTime[0], silenceTime[0], reportRate[0], legalPage[[]], illegalPage[[]]}}], specialPage[null], isBanAccess[false], isBanBackgroundAccess[false], isReportRealTime[false], reportSampleRate[1], configHighFrequency[ConfigHighFrequency{count[10], durationMillSecond[10000], actualDuration[0]}}
09-13 15:33:47.952  5153  5153 D PandoraEx.Utils: convertAndUpdateConfig: Config{module[contact], systemApi[null], rules[{back=Rule{scene[back], strategy[cache_only], highFreq[null], cacheTime[0], silenceTime[0], reportRate[0], legalPage[[]], illegalPage[[]]}}], specialPage[null], isBanAccess[false], isBanBackgroundAccess[true], isReportRealTime[false], reportSampleRate[1], configHighFrequency[null}
09-13 15:33:47.952  5153  5153 D PandoraEx.Utils: convertAndUpdateConfig: Config{module[location], systemApi[null], rules[{back=Rule{scene[back], strategy[cache_only], highFreq[null], cacheTime[0], silenceTime[0], reportRate[0], legalPage[[]], illegalPage[[]]}}], specialPage[null], isBanAccess[false], isBanBackgroundAccess[true], isReportRealTime[false], reportSampleRate[1], configHighFrequency[null}
09-13 15:33:47.952  5153  5153 D PandoraEx.Utils: convertAndUpdateConfig: Config{module[device], systemApi[null], rules[{normal=Rule{scene[normal], strategy[storage], highFreq[null], cacheTime[0], silenceTime[0], reportRate[0], legalPage[[]], illegalPage[[]]}}], specialPage[null], isBanAccess[false], isBanBackgroundAccess[false], isReportRealTime[false], reportSampleRate[1], configHighFrequency[null}
09-13 15:33:47.952  5153  5153 D PandoraEx.Utils: convertAndUpdateConfig: Config{module[network], systemApi[WI#G_MA_ADDR], rules[{normal=Rule{scene[normal], strategy[storage], highFreq[null], cacheTime[0], silenceTime[0], reportRate[0], legalPage[[]], illegalPage[[]]}}], specialPage[null], isBanAccess[false], isBanBackgroundAccess[false], isReportRealTime[false], reportSampleRate[1], configHighFrequency[null}
09-13 15:33:47.953  5153  5153 D PandoraEx.Utils: convertAndUpdateConfig: Config{module[network], systemApi[NI#G_HW_ADDR], rules[{normal=Rule{scene[normal], strategy[storage], highFreq[null], cacheTime[0], silenceTime[0], reportRate[0], legalPage[[]], illegalPage[[]]}}], specialPage[null], isBanAccess[false], isBanBackgroundAccess[false], isReportRealTime[false], reportSampleRate[1], configHighFrequency[null}
09-13 15:33:47.953  5153  5153 D PandoraEx.Utils: convertAndUpdateConfig: Config{module[device], systemApi[TM#G_LI_NUM], rules[{normal=Rule{scene[normal], strategy[normal], highFreq[null], cacheTime[10000], silenceTime[0], reportRate[0], legalPage[[]], illegalPage[[]]}}], specialPage[null], isBanAccess[false], isBanBackgroundAccess[false], isReportRealTime[false], reportSampleRate[1], configHighFrequency[null}
09-13 15:33:47.953  5153  5153 D PandoraEx.Utils: convertAndUpdateConfig: Config{module[device], systemApi[TM#G_SIM_OP], rules[{normal=Rule{scene[normal], strategy[normal], highFreq[null], cacheTime[10000], silenceTime[0], reportRate[0], legalPage[[]], illegalPage[[]]}}], specialPage[null], isBanAccess[false], isBanBackgroundAccess[false], isReportRealTime[false], reportSampleRate[1], configHighFrequency[null}
09-13 15:33:47.953  5153  5153 D PandoraEx.Utils: convertAndUpdateConfig: Config{module[device], systemApi[TM#G_SIM_SE_NUM], rules[{normal=Rule{scene[normal], strategy[normal], highFreq[null], cacheTime[10000], silenceTime[0], reportRate[0], legalPage[[]], illegalPage[[]]}}], specialPage[null], isBanAccess[false], isBanBackgroundAccess[false], isReportRealTime[false], reportSampleRate[1], configHighFrequency[null}
09-13 15:33:47.953  5153  5153 D PandoraEx.Utils: convertAndUpdateConfig: Config{module[sensor], systemApi[null], rules[{back=Rule{scene[back], strategy[normal], highFreq[null], cacheTime[0], silenceTime[0], reportRate[0], legalPage[[]], illegalPage[[]]}}], specialPage[null], isBanAccess[false], isBanBackgroundAccess[false], isReportRealTime[false], reportSampleRate[1], configHighFrequency[null}
09-13 15:33:47.953  5153  5153 D TraceUtil: config cost = 2.700616
09-13 15:33:47.953  5153  5153 D PandoraEx.Utils: convertAndUpdateConfig: Config{module[network], systemApi[WI#G_MA_ADDR], rules[{}], specialPage[null], isBanAccess[false], isBanBackgroundAccess[false], isReportRealTime[false], reportSampleRate[100000], configHighFrequency[null}
09-13 15:33:47.953  5153  5153 D PandoraEx.Utils: convertAndUpdateConfig: Config{module[network], systemApi[NI#G_HW_ADDR], rules[{}], specialPage[null], isBanAccess[false], isBanBackgroundAccess[false], isReportRealTime[false], reportSampleRate[100000], configHighFrequency[null}
09-13 15:33:47.953  5153  5153 D PandoraEx.Utils: convertAndUpdateConfig: Config{module[network], systemApi[NC#HAS_TRANS], rules[{normal=Rule{scene[normal], strategy[normal], highFreq[null], cacheTime[0], silenceTime[0], reportRate[0], legalPage[[]], illegalPage[[]]}, before=Rule{scene[before], strategy[ban], highFreq[null], cacheTime[0], silenceTime[0], reportRate[0], legalPage[[]], illegalPage[[]]}, back=Rule{scene[back], strategy[ban], highFreq[null], cacheTime[0], silenceTime[0], reportRate[0], legalPage[[]], illegalPage[[]]}}], specialPage[null], isBanAccess[false], isBanBackgroundAccess[false], isReportRealTime[false], reportSampleRate[100000], configHighFrequency[null}
09-13 15:33:47.954  5153  5153 D PandoraEx.Utils: convertAndUpdateConfig: Config{module[default_module], systemApi[null], rules[{}], specialPage[null], isBanAccess[false], isBanBackgroundAccess[false], isReportRealTime[false], reportSampleRate[100000], configHighFrequency[null}
09-13 15:33:47.954  5153  5153 D PandoraEx.Utils: convertAndUpdateConfig: Config{module[device], systemApi[null], rules[{}], specialPage[null], isBanAccess[false], isBanBackgroundAccess[false], isReportRealTime[false], reportSampleRate[100000], configHighFrequency[null}
09-13 15:33:47.954  5153  5153 D PandoraEx.Utils: convertAndUpdateConfig: Config{module[device], systemApi[TM#G_LI_NUM], rules[{}], specialPage[null], isBanAccess[false], isBanBackgroundAccess[false], isReportRealTime[false], reportSampleRate[100000], configHighFrequency[null}
09-13 15:33:47.954  5153  5153 D PandoraEx.Utils: convertAndUpdateConfig: Config{module[device], systemApi[TM#G_SIM_OP], rules[{}], specialPage[null], isBanAccess[false], isBanBackgroundAccess[false], isReportRealTime[false], reportSampleRate[100000], configHighFrequency[null}
09-13 15:33:47.954  5153  5153 D PandoraEx.Utils: convertAndUpdateConfig: Config{module[device], systemApi[TM#G_SIM_SE_NUM], rules[{}], specialPage[null], isBanAccess[false], isBanBackgroundAccess[false], isReportRealTime[false], reportSampleRate[100000], configHighFrequency[null}
09-13 15:33:47.954  5153  5153 D PandoraEx.Utils: convertAndUpdateConfig: Config{module[recorder], systemApi[null], rules[{normal=Rule{scene[normal], strategy[normal], highFreq[null], cacheTime[0], silenceTime[0], reportRate[0], legalPage[[]], illegalPage[[]]}, before=Rule{scene[before], strategy[ban], highFreq[null], cacheTime[0], silenceTime[0], reportRate[0], legalPage[[]], illegalPage[[]]}, back=Rule{scene[back], strategy[normal], highFreq[null], cacheTime[0], silenceTime[0], reportRate[0], legalPage[[]], illegalPage[[]]}}], specialPage[null], isBanAccess[false], isBanBackgroundAccess[false], isReportRealTime[false], reportSampleRate[10], configHighFrequency[null}
09-13 15:33:47.954  5153  5153 D PandoraEx.Utils: convertAndUpdateConfig: Config{module[camera], systemApi[null], rules[{normal=Rule{scene[normal], strategy[normal], highFreq[null], cacheTime[0], silenceTime[0], reportRate[0], legalPage[[]], illegalPage[[]]}, before=Rule{scene[before], strategy[ban], highFreq[null], cacheTime[0], silenceTime[0], reportRate[0], legalPage[[]], illegalPage[[]]}, back=Rule{scene[back], strategy[normal], highFreq[null], cacheTime[0], silenceTime[0], reportRate[0], legalPage[[]], illegalPage[[]]}}], specialPage[null], isBanAccess[false], isBanBackgroundAccess[false], isReportRealTime[false], reportSampleRate[10], configHighFrequency[null}
09-13 15:33:47.954  5153  5153 D PandoraEx.Utils: convertAndUpdateConfig: Config{module[contact], systemApi[null], rules[{normal=Rule{scene[normal], strategy[normal], highFreq[null], cacheTime[0], silenceTime[0], reportRate[0], legalPage[[]], illegalPage[[]]}, before=Rule{scene[before], strategy[ban], highFreq[null], cacheTime[0], silenceTime[0], reportRate[0], legalPage[[]], illegalPage[[]]}, back=Rule{scene[back], strategy[cache_only], highFreq[null], cacheTime[0], silenceTime[0], reportRate[0], legalPage[[]], illegalPage[[]]}}], specialPage[null], isBanAccess[false], isBanBackgroundAccess[false], isReportRealTime[false], reportSampleRate[100000], configHighFrequency[null}
09-13 15:33:47.955  5153  5153 D PandoraEx.Utils: convertAndUpdateConfig: Config{module[location], systemApi[null], rules[{normal=Rule{scene[normal], strategy[normal], highFreq[null], cacheTime[0], silenceTime[0], reportRate[0], legalPage[[]], illegalPage[[]]}, before=Rule{scene[before], strategy[ban], highFreq[null], cacheTime[0], silenceTime[0], reportRate[0], legalPage[[]], illegalPage[[]]}, back=Rule{scene[back], strategy[cache_only], highFreq[null], cacheTime[0], silenceTime[0], reportRate[0], legalPage[[]], illegalPage[[]]}}], specialPage[null], isBanAccess[false], isBanBackgroundAccess[false], isReportRealTime[false], reportSampleRate[100000], configHighFrequency[null}
09-13 15:33:47.955  5153  5153 D PandoraEx.Utils: convertAndUpdateConfig: Config{module[location], systemApi[WM#G_CON_INFO], rules[{normal=Rule{scene[normal], strategy[normal], highFreq[null], cacheTime[0], silenceTime[0], reportRate[0], legalPage[[]], illegalPage[[]]}, before=Rule{scene[before], strategy[ban], highFreq[null], cacheTime[0], silenceTime[0], reportRate[0], legalPage[[]], illegalPage[[]]}, back=Rule{scene[back], strategy[cache_only], highFreq[null], cacheTime[0], silenceTime[0], reportRate[0], legalPage[[]], illegalPage[[]]}}], specialPage[null], isBanAccess[false], isBanBackgroundAccess[false], isReportRealTime[false], reportSampleRate[300000], configHighFrequency[null}
09-13 15:33:47.955  5153  5153 D PandoraEx.Utils: convertAndUpdateConfig: Config{module[location], systemApi[TM#REQ_NW_SC#REC], rules[{normal=Rule{scene[normal], strategy[normal], highFreq[null], cacheTime[0], silenceTime[0], reportRate[0], legalPage[[]], illegalPage[[]]}, before=Rule{scene[before], strategy[ban], highFreq[null], cacheTime[0], silenceTime[0], reportRate[0], legalPage[[]], illegalPage[[]]}, back=Rule{scene[back], strategy[normal], highFreq[null], cacheTime[0], silenceTime[0], reportRate[0], legalPage[[]], illegalPage[[]]}}], specialPage[null], isBanAccess[false], isBanBackgroundAccess[false], isReportRealTime[false], reportSampleRate[100000], configHighFrequency[null}
09-13 15:33:47.955  5153  5153 D PandoraEx.Utils: convertAndUpdateConfig: Config{module[location], systemApi[BLS#STRT_SC#S], rules[{normal=Rule{scene[normal], strategy[normal], highFreq[null], cacheTime[0], silenceTime[0], reportRate[0], legalPage[[]], illegalPage[[]]}, before=Rule{scene[before], strategy[ban], highFreq[null], cacheTime[0], silenceTime[0], reportRate[0], legalPage[[]], illegalPage[[]]}, back=Rule{scene[back], strategy[normal], highFreq[null], cacheTime[0], silenceTime[0], reportRate[0], legalPage[[]], illegalPage[[]]}}], specialPage[null], isBanAccess[false], isBanBackgroundAccess[false], isReportRealTime[false], reportSampleRate[100000], configHighFrequency[null}
09-13 15:33:47.955  5153  5153 D PandoraEx.Utils: convertAndUpdateConfig: Config{module[location], systemApi[BLS#STRT_SC#LSS], rules[{normal=Rule{scene[normal], strategy[normal], highFreq[null], cacheTime[0], silenceTime[0], reportRate[0], legalPage[[]], illegalPage[[]]}, before=Rule{scene[before], strategy[ban], highFreq[null], cacheTime[0], silenceTime[0], reportRate[0], legalPage[[]], illegalPage[[]]}, back=Rule{scene[back], strategy[normal], highFreq[null], cacheTime[0], silenceTime[0], reportRate[0], legalPage[[]], illegalPage[[]]}}], specialPage[null], isBanAccess[false], isBanBackgroundAccess[false], isReportRealTime[false], reportSampleRate[100000], configHighFrequency[null}
09-13 15:33:47.955  5153  5153 D PandoraEx.Utils: convertAndUpdateConfig: Config{module[location], systemApi[BLS#STRT_SC#LSP], rules[{normal=Rule{scene[normal], strategy[normal], highFreq[null], cacheTime[0], silenceTime[0], reportRate[0], legalPage[[]], illegalPage[[]]}, before=Rule{scene[before], strategy[ban], highFreq[null], cacheTime[0], silenceTime[0], reportRate[0], legalPage[[]], illegalPage[[]]}, back=Rule{scene[back], strategy[normal], highFreq[null], cacheTime[0], silenceTime[0], reportRate[0], legalPage[[]], illegalPage[[]]}}], specialPage[null], isBanAccess[false], isBanBackgroundAccess[false], isReportRealTime[false], reportSampleRate[100000], configHighFrequency[null}
09-13 15:33:47.956  5153  5153 D PandoraEx.Utils: convertAndUpdateConfig: Config{module[location], systemApi[BA#STRT_DIS_COV], rules[{normal=Rule{scene[normal], strategy[normal], highFreq[null], cacheTime[0], silenceTime[0], reportRate[0], legalPage[[]], illegalPage[[]]}, before=Rule{scene[before], strategy[ban], highFreq[null], cacheTime[0], silenceTime[0], reportRate[0], legalPage[[]], illegalPage[[]]}, back=Rule{scene[back], strategy[normal], highFreq[null], cacheTime[0], silenceTime[0], reportRate[0], legalPage[[]], illegalPage[[]]}}], specialPage[null], isBanAccess[false], isBanBackgroundAccess[false], isReportRealTime[false], reportSampleRate[100000], configHighFrequency[null}
09-13 15:33:47.956  5153  5153 D PandoraEx.Utils: convertAndUpdateConfig: Config{module[location], systemApi[BA#STRT_LE_SC#L], rules[{normal=Rule{scene[normal], strategy[normal], highFreq[null], cacheTime[0], silenceTime[0], reportRate[0], legalPage[[]], illegalPage[[]]}, before=Rule{scene[before], strategy[ban], highFreq[null], cacheTime[0], silenceTime[0], reportRate[0], legalPage[[]], illegalPage[[]]}, back=Rule{scene[back], strategy[normal], highFreq[null], cacheTime[0], silenceTime[0], reportRate[0], legalPage[[]], illegalPage[[]]}}], specialPage[null], isBanAccess[false], isBanBackgroundAccess[false], isReportRealTime[false], reportSampleRate[100000], configHighFrequency[null}
09-13 15:33:47.956  5153  5153 D PandoraEx.Utils: convertAndUpdateConfig: Config{module[location], systemApi[BA#STRT_LE_SC#UL], rules[{normal=Rule{scene[normal], strategy[normal], highFreq[null], cacheTime[0], silenceTime[0], reportRate[0], legalPage[[]], illegalPage[[]]}, before=Rule{scene[before], strategy[ban], highFreq[null], cacheTime[0], silenceTime[0], reportRate[0], legalPage[[]], illegalPage[[]]}, back=Rule{scene[back], strategy[normal], highFreq[null], cacheTime[0], silenceTime[0], reportRate[0], legalPage[[]], illegalPage[[]]}}], specialPage[null], isBanAccess[false], isBanBackgroundAccess[false], isReportRealTime[false], reportSampleRate[100000], configHighFrequency[null}
09-13 15:33:47.956  5153  5153 D PandoraEx.Utils: convertAndUpdateConfig: Config{module[location], systemApi[TM#G_SER_STATE], rules[{normal=Rule{scene[normal], strategy[normal], highFreq[null], cacheTime[0], silenceTime[0], reportRate[0], legalPage[[]], illegalPage[[]]}, before=Rule{scene[before], strategy[ban], highFreq[null], cacheTime[0], silenceTime[0], reportRate[0], legalPage[[]], illegalPage[[]]}, back=Rule{scene[back], strategy[normal], highFreq[null], cacheTime[0], silenceTime[0], reportRate[0], legalPage[[]], illegalPage[[]]}}], specialPage[null], isBanAccess[false], isBanBackgroundAccess[false], isReportRealTime[false], reportSampleRate[100000], configHighFrequency[null}
09-13 15:33:47.956  5153  5153 D PandoraEx.Utils: convertAndUpdateConfig: Config{module[location], systemApi[TM#LIS#PI], rules[{normal=Rule{scene[normal], strategy[normal], highFreq[null], cacheTime[0], silenceTime[0], reportRate[0], legalPage[[]], illegalPage[[]]}, before=Rule{scene[before], strategy[ban], highFreq[null], cacheTime[0], silenceTime[0], reportRate[0], legalPage[[]], illegalPage[[]]}, back=Rule{scene[back], strategy[normal], highFreq[null], cacheTime[0], silenceTime[0], reportRate[0], legalPage[[]], illegalPage[[]]}}], specialPage[null], isBanAccess[false], isBanBackgroundAccess[false], isReportRealTime[false], reportSampleRate[100000], configHighFrequency[null}
09-13 15:33:47.956  5153  5153 D PandoraEx.Utils: convertAndUpdateConfig: Config{module[network], systemApi[null], rules[{normal=Rule{scene[normal], strategy[normal], highFreq[null], cacheTime[0], silenceTime[0], reportRate[0], legalPage[[]], illegalPage[[]]}, before=Rule{scene[before], strategy[ban], highFreq[null], cacheTime[0], silenceTime[0], reportRate[0], legalPage[[]], illegalPage[[]]}, back=Rule{scene[back], strategy[normal], highFreq[null], cacheTime[0], silenceTime[0], reportRate[0], legalPage[[]], illegalPage[[]]}}], specialPage[null], isBanAccess[false], isBanBackgroundAccess[false], isReportRealTime[false], reportSampleRate[100000], configHighFrequency[null}
09-13 15:33:47.956  5153  5153 D PandoraEx.Utils: convertAndUpdateConfig: Config{module[network], systemApi[WI#G_BSSID], rules[{normal=Rule{scene[normal], strategy[normal], highFreq[null], cacheTime[0], silenceTime[0], reportRate[0], legalPage[[]], illegalPage[[]]}, before=Rule{scene[before], strategy[ban], highFreq[null], cacheTime[0], silenceTime[0], reportRate[0], legalPage[[]], illegalPage[[]]}, back=Rule{scene[back], strategy[normal], highFreq[null], cacheTime[0], silenceTime[0], reportRate[0], legalPage[[]], illegalPage[[]]}}], specialPage[null], isBanAccess[false], isBanBackgroundAccess[false], isReportRealTime[false], reportSampleRate[100000], configHighFrequency[null}
09-13 15:33:47.957  5153  5153 D PandoraEx.Utils: convertAndUpdateConfig: Config{module[network], systemApi[NI#G_TYPE], rules[{normal=Rule{scene[normal], strategy[normal], highFreq[null], cacheTime[0], silenceTime[0], reportRate[0], legalPage[[]], illegalPage[[]]}, before=Rule{scene[before], strategy[ban], highFreq[null], cacheTime[0], silenceTime[0], reportRate[0], legalPage[[]], illegalPage[[]]}, back=Rule{scene[back], strategy[normal], highFreq[null], cacheTime[0], silenceTime[0], reportRate[0], legalPage[[]], illegalPage[[]]}}], specialPage[null], isBanAccess[false], isBanBackgroundAccess[false], isReportRealTime[false], reportSampleRate[5000000], configHighFrequency[null}
09-13 15:33:47.957  5153  5153 D PandoraEx.Utils: convertAndUpdateConfig: Config{module[clipboard], systemApi[CM#G_PRI_CLIP_DESC], rules[{normal=Rule{scene[normal], strategy[normal], highFreq[null], cacheTime[0], silenceTime[0], reportRate[0], legalPage[[]], illegalPage[[]]}, before=Rule{scene[before], strategy[ban], highFreq[null], cacheTime[0], silenceTime[0], reportRate[0], legalPage[[]], illegalPage[[]]}, back=Rule{scene[back], strategy[cache_only], highFreq[null], cacheTime[0], silenceTime[0], reportRate[0], legalPage[[]], illegalPage[[]]}}], specialPage[null], isBanAccess[false], isBanBackgroundAccess[false], isReportRealTime[false], reportSampleRate[10000000], configHighFrequency[null}
09-13 15:33:47.957  5153  5153 D PandoraEx.Utils: convertAndUpdateConfig: Config{module[clipboard], systemApi[CM#HAS_PRI_CLIP], rules[{normal=Rule{scene[normal], strategy[normal], highFreq[null], cacheTime[0], silenceTime[0], reportRate[0], legalPage[[]], illegalPage[[]]}, before=Rule{scene[before], strategy[ban], highFreq[null], cacheTime[0], silenceTime[0], reportRate[0], legalPage[[]], illegalPage[[]]}, back=Rule{scene[back], strategy[cache_only], highFreq[null], cacheTime[0], silenceTime[0], reportRate[0], legalPage[[]], illegalPage[[]]}}], specialPage[null], isBanAccess[false], isBanBackgroundAccess[false], isReportRealTime[false], reportSampleRate[5000000], configHighFrequency[null}
09-13 15:33:47.957  5153  5153 D PandoraEx.Utils: convertAndUpdateConfig: Config{module[sensor], systemApi[null], rules[{normal=Rule{scene[normal], strategy[normal], highFreq[null], cacheTime[0], silenceTime[0], reportRate[0], legalPage[[]], illegalPage[[]]}, before=Rule{scene[before], strategy[ban], highFreq[null], cacheTime[0], silenceTime[0], reportRate[0], legalPage[[]], illegalPage[[]]}, back=Rule{scene[back], strategy[normal], highFreq[null], cacheTime[0], silenceTime[0], reportRate[0], legalPage[[]], illegalPage[[]]}}], specialPage[null], isBanAccess[false], isBanBackgroundAccess[false], isReportRealTime[false], reportSampleRate[100000], configHighFrequency[null}
09-13 15:33:47.957  5153  5153 D PandoraEx.Utils: convertAndUpdateConfig: Config{module[network], systemApi[WI#G_MA_ADDR], rules[{normal=Rule{scene[normal], strategy[storage], highFreq[null], cacheTime[0], silenceTime[0], reportRate[0], legalPage[[]], illegalPage[[]]}, before=Rule{scene[before], strategy[ban], highFreq[null], cacheTime[0], silenceTime[0], reportRate[0], legalPage[[]], illegalPage[[]]}, back=Rule{scene[back], strategy[cache_only], highFreq[null], cacheTime[0], silenceTime[0], reportRate[0], legalPage[[]], illegalPage[[]]}}], specialPage[null], isBanAccess[false], isBanBackgroundAccess[false], isReportRealTime[false], reportSampleRate[20000], configHighFrequency[null}
09-13 15:33:47.958  5153  5153 D PandoraEx.Utils: convertAndUpdateConfig: Config{module[network], systemApi[NI#G_HW_ADDR], rules[{normal=Rule{scene[normal], strategy[storage], highFreq[null], cacheTime[0], silenceTime[0], reportRate[0], legalPage[[]], illegalPage[[]]}, before=Rule{scene[before], strategy[ban], highFreq[null], cacheTime[0], silenceTime[0], reportRate[0], legalPage[[]], illegalPage[[]]}, back=Rule{scene[back], strategy[cache_only], highFreq[null], cacheTime[0], silenceTime[0], reportRate[0], legalPage[[]], illegalPage[[]]}}], specialPage[null], isBanAccess[false], isBanBackgroundAccess[false], isReportRealTime[false], reportSampleRate[20000], configHighFrequency[null}
09-13 15:33:47.958  5153  5153 D PandoraEx.Utils: convertAndUpdateConfig: Config{module[network], systemApi[SE#G_AID], rules[{normal=Rule{scene[normal], strategy[storage], highFreq[null], cacheTime[0], silenceTime[0], reportRate[0], legalPage[[]], illegalPage[[]]}, before=Rule{scene[before], strategy[ban], highFreq[null], cacheTime[0], silenceTime[0], reportRate[0], legalPage[[]], illegalPage[[]]}, back=Rule{scene[back], strategy[cache_only], highFreq[null], cacheTime[0], silenceTime[0], reportRate[0], legalPage[[]], illegalPage[[]]}}], specialPage[null], isBanAccess[false], isBanBackgroundAccess[false], isReportRealTime[false], reportSampleRate[500000], configHighFrequency[null}
09-13 15:33:47.958  5153  5153 D PandoraEx.Utils: convertAndUpdateConfig: Config{module[appinfo], systemApi[null], rules[{normal=Rule{scene[normal], strategy[normal], highFreq[null], cacheTime[0], silenceTime[0], reportRate[0], legalPage[[]], illegalPage[[]]}, before=Rule{scene[before], strategy[ban], highFreq[null], cacheTime[0], silenceTime[0], reportRate[0], legalPage[[]], illegalPage[[]]}, back=Rule{scene[back], strategy[normal], highFreq[null], cacheTime[0], silenceTime[0], reportRate[0], legalPage[[]], illegalPage[[]]}}], specialPage[null], isBanAccess[false], isBanBackgroundAccess[false], isReportRealTime[false], reportSampleRate[10000], configHighFrequency[null}
09-13 15:33:47.958  5153  5153 D PandoraEx.Utils: convertAndUpdateConfig: Config{module[device], systemApi[TM#G_LI_NUM], rules[{normal=Rule{scene[normal], strategy[ban], highFreq[null], cacheTime[0], silenceTime[0], reportRate[0], legalPage[[]], illegalPage[[]]}, before=Rule{scene[before], strategy[ban], highFreq[null], cacheTime[0], silenceTime[0], reportRate[0], legalPage[[]], illegalPage[[]]}, back=Rule{scene[back], strategy[ban], highFreq[null], cacheTime[0], silenceTime[0], reportRate[0], legalPage[[]], illegalPage[[]]}}], specialPage[null], isBanAccess[false], isBanBackgroundAccess[false], isReportRealTime[false], reportSampleRate[100000], configHighFrequency[null}
09-13 15:33:47.958  5153  5153 D PandoraEx.Utils: convertAndUpdateConfig: Config{module[device], systemApi[TM#G_SIM_SE_NUM], rules[{normal=Rule{scene[normal], strategy[ban], highFreq[null], cacheTime[0], silenceTime[0], reportRate[0], legalPage[[]], illegalPage[[]]}, before=Rule{scene[before], strategy[ban], highFreq[null], cacheTime[0], silenceTime[0], reportRate[0], legalPage[[]], illegalPage[[]]}, back=Rule{scene[back], strategy[ban], highFreq[null], cacheTime[0], silenceTime[0], reportRate[0], legalPage[[]], illegalPage[[]]}}], specialPage[null], isBanAccess[false], isBanBackgroundAccess[false], isReportRealTime[false], reportSampleRate[100000], configHighFrequency[null}
09-13 15:33:47.958  5153  5153 D PandoraEx.Utils: convertAndUpdateConfig: Config{module[device], systemApi[TM#G_UICC_INFO], rules[{normal=Rule{scene[normal], strategy[ban], highFreq[null], cacheTime[0], silenceTime[0], reportRate[0], legalPage[[]], illegalPage[[]]}, before=Rule{scene[before], strategy[ban], highFreq[null], cacheTime[0], silenceTime[0], reportRate[0], legalPage[[]], illegalPage[[]]}, back=Rule{scene[back], strategy[ban], highFreq[null], cacheTime[0], silenceTime[0], reportRate[0], legalPage[[]], illegalPage[[]]}}], specialPage[null], isBanAccess[false], isBanBackgroundAccess[false], isReportRealTime[false], reportSampleRate[100000], configHighFrequency[null}
09-13 15:33:47.959  5153  5153 D PandoraEx.Utils: convertAndUpdateConfig: Config{module[device], systemApi[TM#G_IM], rules[{normal=Rule{scene[normal], strategy[ban], highFreq[null], cacheTime[0], silenceTime[0], reportRate[0], legalPage[[]], illegalPage[[]]}, before=Rule{scene[before], strategy[ban], highFreq[null], cacheTime[0], silenceTime[0], reportRate[0], legalPage[[]], illegalPage[[]]}, back=Rule{scene[back], strategy[ban], highFreq[null], cacheTime[0], silenceTime[0], reportRate[0], legalPage[[]], illegalPage[[]]}}], specialPage[null], isBanAccess[false], isBanBackgroundAccess[false], isReportRealTime[false], reportSampleRate[1000000], configHighFrequency[null}
