09-13 15:33:47.959  5153  5153 D PandoraEx.Utils: convertAndUpdateConfig: Config{module[device], systemApi[TM#G_IM#I], rules[{normal=Rule{scene[normal], strategy[ban], highFreq[null], cacheTime[0], silenceTime[0], reportRate[0], legalPage[[]], illegalPage[[]]}, before=Rule{scene[before], strategy[ban], highFreq[null], cacheTime[0], silenceTime[0], reportRate[0], legalPage[[]], illegalPage[[]]}, back=Rule{scene[back], strategy[ban], highFreq[null], cacheTime[0], silenceTime[0], reportRate[0], legalPage[[]], illegalPage[[]]}}], specialPage[null], isBanAccess[false], isBanBackgroundAccess[false], isReportRealTime[false], reportSampleRate[1000000], configHighFrequency[null}
09-13 15:33:47.959  5153  5153 D PandoraEx.Utils: convertAndUpdateConfig: Config{module[device], systemApi[TM#G_DID], rules[{normal=Rule{scene[normal], strategy[ban], highFreq[null], cacheTime[0], silenceTime[0], reportRate[0], legalPage[[]], illegalPage[[]]}, before=Rule{scene[before], strategy[ban], highFreq[null], cacheTime[0], silenceTime[0], reportRate[0], legalPage[[]], illegalPage[[]]}, back=Rule{scene[back], strategy[ban], highFreq[null], cacheTime[0], silenceTime[0], reportRate[0], legalPage[[]], illegalPage[[]]}}], specialPage[null], isBanAccess[false], isBanBackgroundAccess[false], isReportRealTime[false], reportSampleRate[1000000], configHighFrequency[null}
09-13 15:33:47.959  5153  5153 D PandoraEx.Utils: convertAndUpdateConfig: Config{module[device], systemApi[TM#G_DID#I], rules[{normal=Rule{scene[normal], strategy[ban], highFreq[null], cacheTime[0], silenceTime[0], reportRate[0], legalPage[[]], illegalPage[[]]}, before=Rule{scene[before], strategy[ban], highFreq[null], cacheTime[0], silenceTime[0], reportRate[0], legalPage[[]], illegalPage[[]]}, back=Rule{scene[back], strategy[ban], highFreq[null], cacheTime[0], silenceTime[0], reportRate[0], legalPage[[]], illegalPage[[]]}}], specialPage[null], isBanAccess[false], isBanBackgroundAccess[false], isReportRealTime[false], reportSampleRate[1000000], configHighFrequency[null}
09-13 15:33:47.959  5153  5153 D PandoraEx.Utils: convertAndUpdateConfig: Config{module[device], systemApi[TM#G_SID], rules[{normal=Rule{scene[normal], strategy[ban], highFreq[null], cacheTime[0], silenceTime[0], reportRate[0], legalPage[[]], illegalPage[[]]}, before=Rule{scene[before], strategy[ban], highFreq[null], cacheTime[0], silenceTime[0], reportRate[0], legalPage[[]], illegalPage[[]]}, back=Rule{scene[back], strategy[ban], highFreq[null], cacheTime[0], silenceTime[0], reportRate[0], legalPage[[]], illegalPage[[]]}}], specialPage[null], isBanAccess[false], isBanBackgroundAccess[false], isReportRealTime[false], reportSampleRate[200000], configHighFrequency[null}
09-13 15:33:47.959  5153  5153 D PandoraEx.Utils: convertAndUpdateConfig: Config{module[device], systemApi[TM#G_MID], rules[{normal=Rule{scene[normal], strategy[ban], highFreq[null], cacheTime[0], silenceTime[0], reportRate[0], legalPage[[]], illegalPage[[]]}, before=Rule{scene[before], strategy[ban], highFreq[null], cacheTime[0], silenceTime[0], reportRate[0], legalPage[[]], illegalPage[[]]}, back=Rule{scene[back], strategy[ban], highFreq[null], cacheTime[0], silenceTime[0], reportRate[0], legalPage[[]], illegalPage[[]]}}], specialPage[null], isBanAccess[false], isBanBackgroundAccess[false], isReportRealTime[false], reportSampleRate[300000], configHighFrequency[null}
09-13 15:33:47.959  5153  5153 D PandoraEx.Utils: convertAndUpdateConfig: Config{module[device], systemApi[TM#G_MID#I], rules[{normal=Rule{scene[normal], strategy[ban], highFreq[null], cacheTime[0], silenceTime[0], reportRate[0], legalPage[[]], illegalPage[[]]}, before=Rule{scene[before], strategy[ban], highFreq[null], cacheTime[0], silenceTime[0], reportRate[0], legalPage[[]], illegalPage[[]]}, back=Rule{scene[back], strategy[ban], highFreq[null], cacheTime[0], silenceTime[0], reportRate[0], legalPage[[]], illegalPage[[]]}}], specialPage[null], isBanAccess[false], isBanBackgroundAccess[false], isReportRealTime[false], reportSampleRate[300000], configHighFrequency[null}
09-13 15:33:47.960  5153  5153 D PandoraEx.Utils: convertAndUpdateConfig: Config{module[network], systemApi[TM#G_DA_NET_TYPE], rules[{normal=Rule{scene[normal], strategy[ban], highFreq[null], cacheTime[0], silenceTime[0], reportRate[0], legalPage[[]], illegalPage[[]]}, before=Rule{scene[before], strategy[ban], highFreq[null], cacheTime[0], silenceTime[0], reportRate[0], legalPage[[]], illegalPage[[]]}, back=Rule{scene[back], strategy[ban], highFreq[null], cacheTime[0], silenceTime[0], reportRate[0], legalPage[[]], illegalPage[[]]}}], specialPage[null], isBanAccess[false], isBanBackgroundAccess[false], isReportRealTime[false], reportSampleRate[300000], configHighFrequency[null}
09-13 15:33:47.960  5153  5153 D PandoraEx.Utils: convertAndUpdateConfig: Config{module[device], systemApi[BU#MODEL], rules[{normal=Rule{scene[normal], strategy[storage], highFreq[null], cacheTime[86400000], silenceTime[0], reportRate[0], legalPage[[]], illegalPage[[]]}, before=Rule{scene[before], strategy[ban], highFreq[null], cacheTime[0], silenceTime[0], reportRate[0], legalPage[[]], illegalPage[[]]}, back=Rule{scene[back], strategy[cache_only], highFreq[null], cacheTime[0], silenceTime[0], reportRate[0], legalPage[[]], illegalPage[[]]}}], specialPage[null], isBanAccess[false], isBanBackgroundAccess[false], isReportRealTime[false], reportSampleRate[20000000], configHighFrequency[null}
09-13 15:33:47.960  5153  5153 D PrivacyProtectionManager: getConfigFormMmkv begin
09-13 15:33:47.960  5153  5153 D PrivacyMonitorConfigProcessor: [config] getConfigFormMMKV: PrivacyMonitorConfigBean{ configList = [] isUseOldConfig = true}
09-13 15:33:47.960  5153  5153 I MMKV    : Disable checkProcessMode()
09-13 15:33:47.961  5153  5153 D PandoraEx.MMKVStrategy: initMMKV at: /data/user/0/com.tencent.mobileqq/files/mmkv
09-13 15:33:47.961  5153  5153 I SharedPreferencesProxy: create new ContentProviderClient: c_profile_sharepreference
09-13 15:33:47.965  5153  5153 D PandoraEx.PrivacyPolicyHelper: setPrivacyPolicyStatus, state=1
09-13 15:33:47.965  5153  5153 D PrivacyProtectionManager: com.tencent.mobileqq:MSF init privacy_protection successful
09-13 15:33:47.965  5153  5153 D PrivacyProtectionManager: initPrivacyProtection cost:17
09-13 15:33:47.971  5153  5153 I SharedPreferencesProxy: create new ContentProviderClient: dt_sdk_start
09-13 15:33:47.984  5153  5153 I NativeMemoryMonitor: load so res: true
09-13 15:33:47.987  5153  5153 D LIBNATIVE-MEMORY-LIBRARY-LIB: native-lib.cpp:initJniHook(49) >> mark: 2676724216, mark2: 2676724256
09-13 15:33:47.989  5153  5153 D LIBNATIVE-MEMORY-LIBRARY-LIB: FileHooker.cpp:hookFile(129) >> file hooked
09-13 15:33:47.991  5153  5153 I PERF_LOG: GC.GcWatcher is init
09-13 15:33:47.995  5153  5153 D TeleScreen|JefsClass: JefsClassInjectUtil newInstance
09-13 15:33:47.997  5153  5153 W nt.mobileqq:MS: Class android.support.v4.util.ArraySet failed lock verification and will run slower.
09-13 15:33:47.997  5153  5153 W nt.mobileqq:MS: Common causes for lock verification issues are non-optimized dex code
09-13 15:33:47.997  5153  5153 W nt.mobileqq:MS: and incorrect proguard optimizations.
09-13 15:33:48.012  5153  5374 D QConfigManager: initQAutoInject, mOldServletInjector: a, mInjectProcessors: 415
09-13 15:33:48.016  5153  5374 D FileMonitorConfigBean: parseConfig config:{
09-13 15:33:48.016  5153  5374 D FileMonitorConfigBean: "sampling_rate": 10,
09-13 15:33:48.016  5153  5374 D FileMonitorConfigBean: "max_report_count": 1000
09-13 15:33:48.016  5153  5374 D FileMonitorConfigBean: }
09-13 15:33:48.031  5153  5153 D DtSdkInitStep: [setDtVideoSwitch] switch: true
09-13 15:33:48.031  5153  5153 D DtSdkInitStep: markToProceed
09-13 15:33:48.032  5153  5153 D QQDtSamplingConfig: [loadDataFromMMKVByKey], key = mmkv_key_toggle_dataset1239120048 value = 
09-13 15:33:48.032  5153  5153 D QQDtSamplingConfig: com.tencent.mobileqq:MSF [convertJsonToData]:null
09-13 15:33:48.034  5153  5153 D QQDtSamplingConfig: com.tencent.mobileqq:MSF [onUpdateDTSamplingConfig], pageSamplingMap = {pg_aio=100.0}
09-13 15:33:48.034  5153  5153 D QQDtSamplingConfig: elementSamplingMap = {em_discover_button=100.0}
09-13 15:33:48.034  5153  5153 D DtSdkInitStep: 848QQDT initDTCost : 33 ms from = 1
09-13 15:33:48.035  5153  5153 D AutoMonitor: LoadDex, cost=644 results: true
09-13 15:33:48.035  5153  5153 D AutoMonitor: Step, cost=0 results: true
09-13 15:33:48.038  5153  5153 D MSF.D.MonitorSocket: phoneDisplays: KOT49H|KTU84P, phoneModels: COOLPAD7295, appid: , version: , currVersion: ********45, process: , com.tencent.mobileqq:MSF
09-13 15:33:48.052  5153  5153 D AutoMonitor: OldApplication, cost=17 results: false
09-13 15:33:48.052  5153  5153 D AutoMonitor: [LoadDex, LoadModule, OldApplication, ManageThread], cost=662 results: false
09-13 15:33:48.056  5153  5153 I AutoMonitor: updateVersion ProcFirstLaunch com.tencent.mobileqq:MSF e5e5abc0 e5e5abc0
09-13 15:33:48.056  5153  5153 D AutoMonitor: Update, cost=3 results: true
09-13 15:33:48.056  5153  5153 D AutoMonitor: Step, cost=0 results: true
09-13 15:33:48.056  5153  5153 I chatty  : uid=10211 com.tencent.mobileqq:MSF identical 1 line
09-13 15:33:48.056  5153  5153 D AutoMonitor: Step, cost=0 results: true
09-13 15:33:48.056  5153  5153 D AutoMonitor: StartService, cost=0 results: true
09-13 15:33:48.056  5153  5153 D AutoMonitor: [Rdm, NewRuntime, InitSkin, StartService], cost=1 results: true
09-13 15:33:48.056  5153  5153 I DCL_MODULE: Initializer.init
09-13 15:33:48.056  5153  5153 I DCL_MODULE: Initializer.supportAlpha DCL_TYPE:0
09-13 15:33:48.064  5153  5153 D NetConnInfoCenter: receive broadcast Intent { act=android.intent.action.BOOT_COMPLETED flg=0x89000010 cmp=com.tencent.mobileqq/.msf.core.NetConnInfoCenter (has extras) }, init = false
09-13 15:33:48.078  5153  5153 D MSF.S.MsfService: MSF_Alive_Log serivce onCreate
09-13 15:33:48.078  5153  5153 D MSF.S.MsfService: MSF_Alive_Log serviceInit inited=false boot=true gray=false public=true
09-13 15:33:48.078  5153  5153 D MSF.C.MsfCore: MsfCore init begin. isPublic=true isGray=false
09-13 15:33:48.107  5153  5153 I native_eup: register native abi method success
09-13 15:33:48.127  5153  5153 D MSF.C.MsfCore: init RQD cost=50
09-13 15:33:48.130  5153  5153 I SharedPreferencesProxy: create new ContentProviderClient: sp_msf_toggle
09-13 15:33:48.135  5285  5394 W ratelimit: Single process limit 250/s drop 21 lines.
09-13 15:33:48.135  5285  5394 D StorageFileMonitor: onFileOperate runtime not ready
09-13 15:33:48.163  5153  5153 D MSF.C.Util: can not get imsi by toggle
09-13 15:33:48.171  5153  5153 D MSF.C.MsfCore: init deviceInfo cost=44
09-13 15:33:48.172  5153  5153 I MSF.C.MsfCore: check copysolib platform=armeabi installAppVersionCode=3176 isNewVersion=false
09-13 15:33:48.173  5153  5153 D MSF.C.CoreUtil: get new jni id = [154, 537129683]
09-13 15:33:48.175  5153  5153 D MSF.C.CoreUtil: get old jni id = [154, 537129683]
09-13 15:33:48.175  5153  5153 D MSF.C.MsfCore: init copySo cost=4
09-13 15:33:48.175  5153  5153 D MSF.C.MsfCore: init removeSo cost=0
09-13 15:33:48.181  5153  5153 E MSF.C.NativeConfigStore: loadso msfbootV2 true resultCode=262144 cost=6
09-13 15:33:48.215  5153  5153 D MSF.C.MsfCore: init msfStore cost=39
09-13 15:33:48.215  5153  5153 D MSF.C.MsfCore: init nativeConfigStore cost=1
09-13 15:33:48.221  5153  5153 I wlogin_sdk[P:1]: init start
09-13 15:33:48.224  5153  5153 I wlogin_sdk[P:4]: get guid from file
09-13 15:33:48.225  5153  5153 I wlogin_sdk[P:5]: get saved guid d710de468b26628fcd8aeeabe00a6523
09-13 15:33:48.226  5153  5153 I wlogin_sdk[P:4]: generate guid temporarily
09-13 15:33:48.226  5153  5153 D PandoraEx.MonitorReporter: module[device], systemApi[SE#G_AID], scene[back], strategy[cache_only], isSystemCall[false
09-13 15:33:48.227  5153  5153 I wlogin_sdk[P:11]: ***************************
09-13 15:33:48.227  5153  5153 I wlogin_sdk[P:12]: mac *****************
09-13 15:33:48.229  5153  5153 I wlogin_sdk[P:2]: Encode 2 len:8
09-13 15:33:48.229  5153  5153 I wlogin_sdk[P:2]: Encode 4 len:16
09-13 15:33:48.229  5153  5153 I wlogin_sdk[P:7]: get current guid d710de468b26628fcd8aeeabe00a6523
09-13 15:33:48.230  5153  5153 I wlogin_sdk[P:2]: Encode 2 len:8
09-13 15:33:48.230  5153  5153 I wlogin_sdk[P:2]: Encode 4 len:16
09-13 15:33:48.230  5153  5153 D PandoraEx.MonitorReporter: module[device], systemApi[SE#G_AID], scene[back], strategy[cache_only], isSystemCall[false
09-13 15:33:48.231  5153  5153 I wlogin_sdk[P:2]: Encode 2 len:8
09-13 15:33:48.231  5153  5153 I wlogin_sdk[P:2]: Encode 4 len:16
09-13 15:33:48.231  5153  5153 I wlogin_sdk[P:4]: generate guid temporarily
09-13 15:33:48.231  5153  5153 D PandoraEx.MonitorReporter: module[device], systemApi[SE#G_AID], scene[back], strategy[cache_only], isSystemCall[false
09-13 15:33:48.232  5153  5153 I wlogin_sdk[P:11]: ***************************
09-13 15:33:48.232  5153  5153 I wlogin_sdk[P:12]: mac *****************
09-13 15:33:48.232  5153  5153 I wlogin_sdk[P:2]: Encode 2 len:8
09-13 15:33:48.233  5153  5153 I wlogin_sdk[P:2]: Encode 4 len:16
09-13 15:33:48.233  5153  5153 I wlogin_sdk[P:2]: Encode 2 len:8
09-13 15:33:48.233  5153  5153 I wlogin_sdk[P:2]: Encode 4 len:16
09-13 15:33:48.236  5153  5153 I wlogin_sdk[P:39]: guid src 1
09-13 15:33:48.237  5153  5153 I wlogin_sdk[P:2]: Encode 2 len:8
09-13 15:33:48.237  5153  5153 I wlogin_sdk[P:2]: Encode 4 len:16
09-13 15:33:48.237  5153  5153 D PandoraEx.MonitorReporter: module[device], systemApi[SE#G_AID], scene[back], strategy[cache_only], isSystemCall[false
09-13 15:33:48.238  5153  5153 I wlogin_sdk[P:2]: Encode 2 len:8
09-13 15:33:48.238  5153  5153 I wlogin_sdk[P:2]: Encode 4 len:16
09-13 15:33:48.239  5153  5153 D MSF.C.WTLoginCenter: [QimeiListener] get qimei null, java.lang.Throwable
09-13 15:33:48.239  5153  5153 D MSF.C.WTLoginCenter: 	at com.tencent.mobileqq.msf.core.auth.l$a.getQimei(P:2)
09-13 15:33:48.239  5153  5153 D MSF.C.WTLoginCenter: 	at oicq.wlogin_sdk.tools.util.get_qimei(P:3)
09-13 15:33:48.239  5153  5153 D MSF.C.WTLoginCenter: 	at oicq.wlogin_sdk.request.r.k(P:50)
09-13 15:33:48.239  5153  5153 D MSF.C.WTLoginCenter: 	at oicq.wlogin_sdk.request.WtloginHelper.RequestInit(P:2)
09-13 15:33:48.239  5153  5153 D MSF.C.WTLoginCenter: 	at oicq.wlogin_sdk.request.WtloginHelper.localInit(P:6)
09-13 15:33:48.239  5153  5153 D MSF.C.WTLoginCenter: 	at oicq.wlogin_sdk.request.WtloginHelper.<init>(P:57)
09-13 15:33:48.239  5153  5153 D MSF.C.WTLoginCenter: 	at com.tencent.mobileqq.msf.core.auth.l.a(P:5)
09-13 15:33:48.239  5153  5153 D MSF.C.WTLoginCenter: 	at com.tencent.mobileqq.msf.core.MsfCore.init(P:49)
09-13 15:33:48.239  5153  5153 D MSF.C.WTLoginCenter: 	at com.tencent.mobileqq.msf.service.MsfService.serviceInit(P:4)
09-13 15:33:48.239  5153  5153 D MSF.C.WTLoginCenter: 	at com.tencent.mobileqq.msf.service.MsfService.onCreate(P:3)
09-13 15:33:48.239  5153  5153 D MSF.C.WTLoginCenter: 	at android.app.ActivityThread.handleCreateService(ActivityThread.java:4548)
09-13 15:33:48.239  5153  5153 D MSF.C.WTLoginCenter: 	at android.app.ActivityThread.access$1800(ActivityThread.java:269)
09-13 15:33:48.239  5153  5153 D MSF.C.WTLoginCenter: 	at android.app.ActivityThread$H.handleMessage(ActivityThread.java:2202)
09-13 15:33:48.239  5153  5153 D MSF.C.WTLoginCenter: 	at android.os.Handler.dispatchMessage(Handler.java:106)
09-13 15:33:48.239  5153  5153 D MSF.C.WTLoginCenter: 	at android.os.Looper.loop(Looper.java:257)
09-13 15:33:48.239  5153  5153 D MSF.C.WTLoginCenter: 	at android.app.ActivityThread.main(ActivityThread.java:8256)
09-13 15:33:48.239  5153  5153 D MSF.C.WTLoginCenter: 	at java.lang.reflect.Method.invoke(Native Method)
09-13 15:33:48.239  5153  5153 D MSF.C.WTLoginCenter: 	at com.android.internal.os.RuntimeInit$MethodAndArgsCaller.run(RuntimeInit.java:626)
09-13 15:33:48.239  5153  5153 D MSF.C.WTLoginCenter: 	at com.android.internal.os.ZygoteInit.main(ZygoteInit.java:1031)
09-13 15:33:48.240  5153  5153 I wlogin_sdk[P:5]: qimeiget isEmpty
09-13 15:33:48.244  5153  5153 I TetheringManager: registerTetheringEventCallback:com.tencent.mobileqq
09-13 15:33:48.248  5153  5153 I wlogin_sdk[P:2]: Encode 2 len:8
09-13 15:33:48.249  5153  5153 I wlogin_sdk[P:2]: Encode 4 len:16
09-13 15:33:48.261  5153  5153 W nt.mobileqq:MS: Class oicq.wlogin_sdk.request.c failed lock verification and will run slower.
09-13 15:33:48.262  5153  5153 I wlogin_sdk[P:246]: loadTKTreeMap sigfile start name_file
09-13 15:33:48.269  5153  5153 I wlogin_sdk[P:108]: file /data/user/0/com.tencent.mobileqq/databases/name_file last update time 1661352987000,beforeWrite=false
09-13 15:33:48.273  5153  5153 I wlogin_sdk[P:278]: loadTKTreeMap dbdata is null at com.tencent.mobileqq:MSF
09-13 15:33:48.279  5153  5153 I wlogin_sdk[P:8]: read report_datafailed
09-13 15:33:48.279  5153  5153 I SharedPreferencesProxy: create new ContentProviderClient: WLOGIN_COST
09-13 15:33:48.282  5285  5426 D StorageFileMonitor: onFileOperate runtime not ready
09-13 15:33:48.290  5153  5153 I wlogin_sdk[P:4]: powget_pow_test true
09-13 15:33:48.291  5153  5153 I wlogin_sdk[P:4]: asyncGetPerformance started
09-13 15:33:48.292  5153  5153 I wlogin_sdk[P:83]: init ok os ver:11 cur_guid:d710de468b26628fcd8aeeabe00a6523 svn 2517 at com.tencent.mobileqq:MSF
09-13 15:33:48.292  5153  5153 I wlogin_sdk[P:1]: start ShareKeyInit
09-13 15:33:48.293  5153  5153 I SharedPreferencesProxy: create new ContentProviderClient: WLOGIN_DEVICE_INFO
09-13 15:33:48.295  5285  5429 D StorageFileMonitor: onFileOperate runtime not ready
09-13 15:33:48.301  5153  5153 I wlogin_sdk[P:4]: [pubkey]getPubKeyFromFile 547
09-13 15:33:48.302  5153  5153 I wlogin_sdk[P:28]: [pubkey]checkPubKeyValid result:true
09-13 15:33:48.304  5153  5153 I wlogin_sdk[P:1]: setPubKey 0440eaf325b9c66225143aa7f3961c953c3d5a8048c2b73293cdc7dcbab7f35c4c66aa8917a8fd511f9d969d02c8501bcaa3e3b11746f00567e3aea303ac5f2d25 ver:2
09-13 15:33:48.310  5153  5153 I wlogin_sdk[P:3]: getInitKeyTime 0
09-13 15:33:48.313  5285  5431 D StorageFileMonitor: onFileOperate runtime not ready
09-13 15:33:48.313  5285  5431 I chatty  : uid=10211(com.tencent.mobileqq) Binder:5285_4 identical 1 line
09-13 15:33:48.316  5285  5431 D StorageFileMonitor: onFileOperate runtime not ready
09-13 15:33:48.317  5153  5153 I wlogin_sdk[P:5]: saveInitKeyTime time:1
09-13 15:33:48.319  5153  5153 I wlogin_sdk[P:1]: constructX509PublicKey publickey 3059301306072a8648ce3d020106082a8648ce3d0301070342000440eaf325b9c66225143aa7f3961c953c3d5a8048c2b73293cdc7dcbab7f35c4c66aa8917a8fd511f9d969d02c8501bcaa3e3b11746f00567e3aea303ac5f2d25 at com.tencent.mobileqq:MSF
09-13 15:33:48.322  5153  5153 I wlogin_sdk[P:2]: Encode 2 len:8
09-13 15:33:48.322  5153  5153 I wlogin_sdk[P:2]: Encode 4 len:16
09-13 15:33:48.323  5153  5153 I wlogin_sdk[P:26]: initShareKeyByBouncycastle OK
09-13 15:33:48.326  5285  5431 D StorageFileMonitor: onFileOperate runtime not ready
09-13 15:33:48.326  5285  5431 I chatty  : uid=10211(com.tencent.mobileqq) Binder:5285_4 identical 1 line
09-13 15:33:48.328  5285  5431 D StorageFileMonitor: onFileOperate runtime not ready
09-13 15:33:48.330  5153  5153 I wlogin_sdk[P:5]: saveInitKeyTime time:0
09-13 15:33:48.332  5153  5153 I wlogin_sdk[P:13]: end ShareKeyInit
09-13 15:33:48.347  5153  5153 I wlogin_sdk[P:5]: get guid d710de468b26628fcd8aeeabe00a6523
09-13 15:33:48.348  5153  5153 D wtlogin_guid: d710de468b26628fcd8aeeabe00a6523
09-13 15:33:48.349  5153  5153 I wlogin_sdk[P:5]: get guid d710de468b26628fcd8aeeabe00a6523
09-13 15:33:48.349  5153  5153 I SharedPreferencesProxy: create new ContentProviderClient: sp_msf_common
09-13 15:33:48.354  5153  5440 I wlogin_sdk[P:1]: [pubkey]start check local pub key
09-13 15:33:48.359  5285  5445 D StorageFileMonitor: onFileOperate runtime not ready
09-13 15:33:48.363  5153  5440 I wlogin_sdk[P:4]: [pubkey]getPubKeyFromFile 547
09-13 15:33:48.370  5153  5153 D MSF.C.MsfCore: init wtlogin cost=154
09-13 15:33:48.371  5153  5440 I wlogin_sdk[P:4]: [pubkey]getReqTimeFromSp 1661352988019
09-13 15:33:48.371  5153  5440 I wlogin_sdk[P:13]: [pubkey]checkLocalPubKey lastTime:1661352988019 span:86400
09-13 15:33:48.371  5153  5440 I wlogin_sdk[P:4]: [pubkey]fetchPubKey uin:10000
09-13 15:33:48.376  5153  5153 D MSF.C.TokenChecker: msf init ct
09-13 15:33:48.377  5153  5153 I wlogin_sdk[P:246]: loadTKTreeMap sigfile start tk_file
09-13 15:33:48.385  5153  5153 I wlogin_sdk[P:108]: file /data/user/0/com.tencent.mobileqq/databases/tk_file last update time 1662902487000,beforeWrite=false
09-13 15:33:48.388  5153  5153 I wlogin_sdk[P:248]: loadTKTreeMap len:7816 at com.tencent.mobileqq:MSF
09-13 15:33:48.393  5153  5440 I wlogin_sdk[P:27]: [pubkey]connect exceptionjava.net.UnknownHostException: Unable to resolve host "keyrotate.qq.com": No address associated with hostname
09-13 15:33:48.429  5153  5153 I wlogin_sdk[P:255]: loadTKTreeMap tree size: 1
09-13 15:33:48.431  5153  5153 I wlogin_sdk[P:259]: 1239120048 allsig: {16={A1:136,1662902487 A2:72 pskey:3852,1661479077 pt4token:69 wtST:48 da2:80 D2:64,16 1662902487-1664716887}, 1600000226={A1:0,0 A2:0 pskey:0,0 pt4token:0 wtST:0 da2:0 D2:0,0 0-0}}
09-13 15:33:48.440  5153  5153 W wlogin_sdk[P:7]: exception::java.lang.ClassCastException: java.lang.Long cannot be cast to java.lang.String
09-13 15:33:48.440  5153  5153 W wlogin_sdk[P:7]: 	at oicq.wlogin_sdk.tools.a.a(P:9)
09-13 15:33:48.440  5153  5153 W wlogin_sdk[P:7]: 	at oicq.wlogin_sdk.request.c.a(P:265)
09-13 15:33:48.440  5153  5153 W wlogin_sdk[P:7]: 	at oicq.wlogin_sdk.request.c.a(P:200)
09-13 15:33:48.440  5153  5153 W wlogin_sdk[P:7]: 	at oicq.wlogin_sdk.request.r.f(P:1)
09-13 15:33:48.440  5153  5153 W wlogin_sdk[P:7]: 	at oicq.wlogin_sdk.request.WtloginHelper.GetAllLoginInfo(P:1)
09-13 15:33:48.440  5153  5153 W wlogin_sdk[P:7]: 	at com.tencent.mobileqq.msf.core.auth.b.b(P:1)
09-13 15:33:48.440  5153  5153 W wlogin_sdk[P:7]: 	at com.tencent.mobileqq.msf.core.auth.b.a(P:14)
09-13 15:33:48.440  5153  5153 W wlogin_sdk[P:7]: 	at com.tencent.mobileqq.msf.core.auth.b.a(P:2)
09-13 15:33:48.440  5153  5153 W wlogin_sdk[P:7]: 	at com.tencent.mobileqq.msf.core.MsfCore.init(P:53)
09-13 15:33:48.440  5153  5153 W wlogin_sdk[P:7]: 	at com.tencent.mobileqq.msf.service.MsfService.serviceInit(P:4)
09-13 15:33:48.440  5153  5153 W wlogin_sdk[P:7]: 	at com.tencent.mobileqq.msf.service.MsfService.onCreate(P:3)
09-13 15:33:48.440  5153  5153 W wlogin_sdk[P:7]: 	at android.app.ActivityThread.handleCreateService(ActivityThread.java:4548)
09-13 15:33:48.440  5153  5153 W wlogin_sdk[P:7]: 	at android.app.ActivityThread.access$1800(ActivityThread.java:269)
09-13 15:33:48.440  5153  5153 W wlogin_sdk[P:7]: 	at android.app.ActivityThread$H.handleMessage(ActivityThread.java:2202)
09-13 15:33:48.440  5153  5153 W wlogin_sdk[P:7]: 	at android.os.Handler.dispatchMessage(Handler.java:106)
09-13 15:33:48.440  5153  5153 W wlogin_sdk[P:7]: 	at android.os.Looper.loop(Looper.java:257)
09-13 15:33:48.440  5153  5153 W wlogin_sdk[P:7]: 	at android.app.ActivityThread.main(ActivityThread.java:8256)
09-13 15:33:48.440  5153  5153 W wlogin_sdk[P:7]: 	at java.lang.reflect.Method.invoke(Native Method)
09-13 15:33:48.440  5153  5153 W wlogin_sdk[P:7]: 	at com.android.internal.os.RuntimeInit$MethodAndArgsCaller.run(RuntimeInit.java:626)
09-13 15:33:48.440  5153  5153 W wlogin_sdk[P:7]: 	at com.android.internal.os.ZygoteInit.main(ZygoteInit.java:1031)
09-13 15:33:48.441  5153  5153 I wlogin_sdk[P:151]: get_all_siginfo in mem
09-13 15:33:48.441  5153  5153 I wlogin_sdk[P:11]: NeedLoginWithPasswd:false appid:16 flag=2
09-13 15:33:48.441  5153  5153 I wlogin_sdk[P:151]: get_all_siginfo in mem
09-13 15:33:48.447  5153  5153 I wlogin_sdk[P:1]: ps_buf 3852
09-13 15:33:48.448  5153  5153 I wlogin_sdk[P:5]: domainCnt 55
09-13 15:33:48.448  5153  5153 I wlogin_sdk[P:24]: office.qq.com pskey:44,expire: 1661565477
09-13 15:33:48.449  5153  5153 I wlogin_sdk[P:24]: qlive.qq.com pskey:44,expire: 1661523069
09-13 15:33:48.450  5153  5153 I wlogin_sdk[P:24]: kandian.qq.com pskey:44,expire: 1661523069
09-13 15:33:48.451  5153  5153 I wlogin_sdk[P:24]: qcloud.com pskey:44,expire: 1661523069
09-13 15:33:48.451  5153  5153 I wlogin_sdk[P:24]: igame.qq.com pskey:44,expire: 1661523069
09-13 15:33:48.451  5153  5153 I wlogin_sdk[P:24]: docs.qq.com pskey:44,expire: 1661565477
09-13 15:33:48.452  5153  5153 I wlogin_sdk[P:24]: mail.qq.com pskey:44,expire: 1661565477
09-13 15:33:48.452  5153  5153 I wlogin_sdk[P:24]: fudao.qq.com pskey:44,expire: 1661523069
09-13 15:33:48.452  5153  5153 I wlogin_sdk[P:24]: ti.qq.com pskey:44,expire: 1661565477
09-13 15:33:48.453  5153  5153 I wlogin_sdk[P:24]: docx.qq.com pskey:44,expire: 1661523069
09-13 15:33:48.453  5153  5153 I wlogin_sdk[P:24]: baike.sogo.com pskey:44,expire: 1661523069
09-13 15:33:48.453  5153  5153 I wlogin_sdk[P:24]: clt.qq.com pskey:44,expire: 1661523069
09-13 15:33:48.454  5153  5153 I wlogin_sdk[P:24]: qqweb.qq.com pskey:44,expire: 1661565477
09-13 15:33:48.454  5153  5153 I wlogin_sdk[P:24]: connect.qq.com pskey:44,expire: 1661565477
09-13 15:33:48.454  5153  5153 I wlogin_sdk[P:24]: cmshow.qq.com pskey:44,expire: 1661523069
09-13 15:33:48.455  5153  5153 I wlogin_sdk[P:24]: qun.qq.com pskey:44,expire: 1661565477
09-13 15:33:48.458  5153  5153 I wlogin_sdk[P:24]: gamecenter.qq.com pskey:44,expire: 1661565477
09-13 15:33:48.465  5153  5153 I wlogin_sdk[P:24]: y.qq.com pskey:44,expire: 1661523069
09-13 15:33:48.465  5153  5153 I wlogin_sdk[P:24]: now.qq.com pskey:44,expire: 1661523069
09-13 15:33:48.465  5153  5153 I wlogin_sdk[P:24]: show.qq.com pskey:44,expire: 1661523069
09-13 15:33:48.466  5153  5153 I wlogin_sdk[P:24]: qianbao.qq.com pskey:44,expire: 1661523069
09-13 15:33:48.466  5153  5153 I wlogin_sdk[P:24]: books.qq.com pskey:44,expire: 1661523069
09-13 15:33:48.466  5153  5153 I wlogin_sdk[P:24]: q.qq.com pskey:44,expire: 1661523069
09-13 15:33:48.467  5153  5153 I wlogin_sdk[P:24]: ke.qq.com pskey:44,expire: 1661523069
09-13 15:33:48.467  5153  5153 I wlogin_sdk[P:24]: huayang.qq.com pskey:44,expire: 1661523069
09-13 15:33:48.468  5153  5153 I wlogin_sdk[P:24]: weiyun.com pskey:44,expire: 1661523069
09-13 15:33:48.468  5153  5153 I wlogin_sdk[P:24]: weishi.qq.com pskey:44,expire: 1661523069
09-13 15:33:48.468  5153  5153 I wlogin_sdk[P:24]: mma.qq.com pskey:44,expire: 1661565477
09-13 15:33:48.469  5153  5153 I wlogin_sdk[P:24]: qqyc.qq.com pskey:44,expire: 1661523069
09-13 15:33:48.469  5153  5153 I wlogin_sdk[P:24]: zplan.qq.com pskey:44,expire: 1661523070
09-13 15:33:48.470  5153  5153 I wlogin_sdk[P:24]: nbgift.qq.com pskey:44,expire: 1661523070
09-13 15:33:48.470  5153  5153 I wlogin_sdk[P:24]: wenwen.sogou.com pskey:44,expire: 1661523070
09-13 15:33:48.470  5153  5153 I wlogin_sdk[P:24]: quan.qq.com pskey:44,expire: 1661523070
09-13 15:33:48.471  5153  5153 I wlogin_sdk[P:24]: yes.qq.com pskey:44,expire: 1661523070
09-13 15:33:48.471  5153  5153 I wlogin_sdk[P:24]: qqzz.qq.com pskey:44,expire: 1661523070
09-13 15:33:48.471  5153  5153 I wlogin_sdk[P:24]: mobile.qq.com pskey:44,expire: 1661523070
09-13 15:33:48.472  5153  5153 I wlogin_sdk[P:24]: im.qq.com pskey:44,expire: 1661523070
09-13 15:33:48.472  5153  5153 I wlogin_sdk[P:24]: qidian.qq.com pskey:44,expire: 1661523070
09-13 15:33:48.472  5153  5153 I wlogin_sdk[P:24]: vip.qq.com pskey:44,expire: 1661565477
09-13 15:33:48.473  5153  5153 I wlogin_sdk[P:24]: yuanchuang.qq.com pskey:44,expire: 1661523070
09-13 15:33:48.473  5153  5153 I wlogin_sdk[P:24]: qzone.qq.com pskey:44,expire: 1661565477
09-13 15:33:48.473  5153  5153 I wlogin_sdk[P:24]: bots.qq.com pskey:44,expire: 1661523070
09-13 15:33:48.478  5153  5153 I wlogin_sdk[P:24]: baike.sogou.com pskey:44,expire: 1661523070
09-13 15:33:48.479  5153  5153 I wlogin_sdk[P:24]: wenwen.sogo.com pskey:44,expire: 1661523070
09-13 15:33:48.480  5153  5153 I wlogin_sdk[P:24]: tingting.qq.com pskey:44,expire: 1661523070
09-13 15:33:48.481  5153  5153 I wlogin_sdk[P:24]: chong.qq.com pskey:44,expire: 1661523070
09-13 15:33:48.481  5153  5153 I wlogin_sdk[P:24]: tim.qq.com pskey:44,expire: 1661523070
09-13 15:33:48.481  5153  5153 I wlogin_sdk[P:24]: kuyoo.com pskey:44,expire: 1661523070
09-13 15:33:48.482  5153  5153 I wlogin_sdk[P:24]: superqqshow.qq.com pskey:44,expire: 1661523070
09-13 15:33:48.482  5153  5153 I wlogin_sdk[P:24]: wa.qq.com pskey:44,expire: 1661523070
09-13 15:33:48.482  5153  5153 I wlogin_sdk[P:24]: tenpay.com pskey:44,expire: 1661565477
09-13 15:33:48.482  5153  5153 I wlogin_sdk[P:24]: game.qq.com pskey:44,expire: 1661565477
09-13 15:33:48.483  5153  5153 I wlogin_sdk[P:24]: openmobile.qq.com pskey:44,expire: 1661565477
09-13 15:33:48.483  5153  5153 I wlogin_sdk[P:24]: jiankang.qq.com pskey:44,expire: 1661523070
09-13 15:33:48.483  5153  5153 I wlogin_sdk[P:24]: qiye.qq.com pskey:44,expire: 1661523071
09-13 15:33:48.484  5153  5153 I wlogin_sdk[P:1]: ps_buf 69
09-13 15:33:48.484  5153  5153 I wlogin_sdk[P:5]: domainCnt 1
09-13 15:33:48.486  5153  5153 I wlogin_sdk[P:24]: mp.qq.com pt4Token:44,expire: 1661554468
09-13 15:33:48.487  5153  5153 I wlogin_sdk[P:22]: WUserSigInfo.get_clone add da2 80
09-13 15:33:48.487  5153  5153 I wlogin_sdk[P:9]: skey in sigInfo Md***4g
09-13 15:33:48.489  5153  5153 I wlogin_sdk[P:12]: GetUserSigInfoTicket type:0x40 sig:72 key:16 create time:1662902487 expire time:1665321687
09-13 15:33:48.489  5153  5153 I wlogin_sdk[P:13]: 
09-13 15:33:48.490  5153  5153 I wlogin_sdk[P:12]: GetUserSigInfoTicket type:0x40000 sig:64 key:16 create time:1662902487 expire time:1664716887
09-13 15:33:48.490  5153  5153 I wlogin_sdk[P:13]: 
09-13 15:33:48.491  5153  5153 I wlogin_sdk[P:12]: GetUserSigInfoTicket type:0x40000 sig:64 key:16 create time:1662902487 expire time:1664716887
09-13 15:33:48.491  5153  5153 I wlogin_sdk[P:13]: 
09-13 15:33:48.505  5153  5153 I wlogin_sdk[P:12]: GetUserSigInfoTicket type:0x1000 sig:10 key:0 create time:1661479077 expire time:1661565477
09-13 15:33:48.506  5153  5153 I wlogin_sdk[P:13]: skey:Md***4g
09-13 15:33:48.506  5153  5153 I wlogin_sdk[P:12]: GetUserSigInfoTicket type:0x20 sig:64 key:0 create time:1661479077 expire time:1661486277
09-13 15:33:48.506  5153  5153 I wlogin_sdk[P:13]: 
09-13 15:33:48.507  5153  5153 I wlogin_sdk[P:1]: GetLocalTicket appid 16 type 0x40
09-13 15:33:48.507  5153  5153 I wlogin_sdk[P:151]: get_all_siginfo in mem
09-13 15:33:48.508  5153  5153 I wlogin_sdk[P:2]: WUserSigInfo::get_clone 1663054428
09-13 15:33:48.508  5153  5153 I wlogin_sdk[P:9]: skey in sigInfo Md***4g
09-13 15:33:48.517  5153  5153 I wlogin_sdk[P:12]: GetUserSigInfoTicket type:0x40 sig:72 key:16 create time:1662902487 expire time:1665321687
09-13 15:33:48.517  5153  5153 I wlogin_sdk[P:13]: 
09-13 15:33:48.518  5153  5153 I wlogin_sdk[P:1]: GetLocalTicket appid 16 type 0x40000
09-13 15:33:48.518  5153  5153 I wlogin_sdk[P:151]: get_all_siginfo in mem
09-13 15:33:48.518  5153  5153 I wlogin_sdk[P:2]: WUserSigInfo::get_clone 1663054428
09-13 15:33:48.519  5153  5153 I wlogin_sdk[P:9]: skey in sigInfo Md***4g
09-13 15:33:48.523  5153  5153 I wlogin_sdk[P:12]: GetUserSigInfoTicket type:0x40000 sig:64 key:16 create time:1662902487 expire time:1664716887
09-13 15:33:48.524  5153  5153 I wlogin_sdk[P:13]: 
09-13 15:33:48.524  5153  5153 I wlogin_sdk[P:1]: GetLocalTicket appid 16 type 0x80000
09-13 15:33:48.537  5153  5153 I wlogin_sdk[P:151]: get_all_siginfo in mem
09-13 15:33:48.538  5153  5153 I wlogin_sdk[P:2]: WUserSigInfo::get_clone 1663054428
09-13 15:33:48.538  5153  5153 I wlogin_sdk[P:9]: skey in sigInfo Md***4g
09-13 15:33:48.538  5153  5153 I wlogin_sdk[P:12]: GetUserSigInfoTicket type:0x80000 sig:0 key:0 create time:0 expire time:0
09-13 15:33:48.539  5153  5153 I wlogin_sdk[P:13]: 
09-13 15:33:48.539  5153  5153 I wlogin_sdk[P:1]: GetLocalTicket appid 16 type 0x1000
09-13 15:33:48.541  5153  5153 I wlogin_sdk[P:151]: get_all_siginfo in mem
09-13 15:33:48.542  5153  5153 I wlogin_sdk[P:2]: WUserSigInfo::get_clone 1663054428
09-13 15:33:48.542  5153  5153 I wlogin_sdk[P:9]: skey in sigInfo Md***4g
09-13 15:33:48.542  5153  5153 I wlogin_sdk[P:12]: GetUserSigInfoTicket type:0x1000 sig:10 key:0 create time:1661479077 expire time:1661565477
09-13 15:33:48.543  5153  5153 I wlogin_sdk[P:13]: skey:Md***4g
09-13 15:33:48.550  5153  5153 I wlogin_sdk[P:1]: GetLocalTicket appid 16 type 0x20
09-13 15:33:48.552  5153  5372 I PERF_LOG: GC.happened gc!!!!!!!!!, 30844 ms interval from last time
09-13 15:33:48.554  5153  5153 I wlogin_sdk[P:151]: get_all_siginfo in mem
09-13 15:33:48.555  5153  5153 I wlogin_sdk[P:2]: WUserSigInfo::get_clone 1663054428
09-13 15:33:48.555  5153  5153 I wlogin_sdk[P:9]: skey in sigInfo Md***4g
09-13 15:33:48.555  5153  5153 I wlogin_sdk[P:12]: GetUserSigInfoTicket type:0x20 sig:64 key:0 create time:1661479077 expire time:1661486277
09-13 15:33:48.555  5153  5153 I wlogin_sdk[P:13]: 
09-13 15:33:48.557  5153  5153 I wlogin_sdk[P:13]: start get_simpleinfo
09-13 15:33:48.557  5153  5153 I wlogin_sdk[P:151]: get_all_siginfo in mem
09-13 15:33:48.558  5153  5153 I wlogin_sdk[P:151]: get_all_siginfo in mem
09-13 15:33:48.559  5153  5153 I wlogin_sdk[P:11]: NeedLoginWithPasswd:false appid:16 flag=2
09-13 15:33:48.560  5153  5153 I wlogin_sdk[P:151]: get_all_siginfo in mem
09-13 15:33:48.563  5153  5428 I PowDemo : cnt=10000 cost=265
09-13 15:33:48.563  5153  5428 I wlogin_sdk[P:13]: get performance484
09-13 15:33:48.565  5153  5153 I wlogin_sdk[P:2]: WUserSigInfo::get_clone 1663054428
09-13 15:33:48.567  5153  5153 I wlogin_sdk[P:9]: skey in sigInfo Md***4g
09-13 15:33:48.567  5153  5153 I wlogin_sdk[P:12]: GetUserSigInfoTicket type:0x40 sig:72 key:16 create time:1662902487 expire time:1665321687
09-13 15:33:48.567  5153  5153 I wlogin_sdk[P:13]: 
09-13 15:33:48.568  5153  5153 I wlogin_sdk[P:12]: GetUserSigInfoTicket type:0x40000 sig:64 key:16 create time:1662902487 expire time:1664716887
09-13 15:33:48.570  5153  5153 I wlogin_sdk[P:13]: 
09-13 15:33:48.571  5153  5153 I wlogin_sdk[P:12]: GetUserSigInfoTicket type:0x40000 sig:64 key:16 create time:1662902487 expire time:1664716887
09-13 15:33:48.571  5153  5153 I wlogin_sdk[P:13]: 
09-13 15:33:48.572  5153  5153 I wlogin_sdk[P:12]: GetUserSigInfoTicket type:0x1000 sig:10 key:0 create time:1661479077 expire time:1661565477
09-13 15:33:48.572  5153  5153 I wlogin_sdk[P:13]: skey:Md***4g
09-13 15:33:48.573  5153  5153 I wlogin_sdk[P:12]: GetUserSigInfoTicket type:0x20 sig:64 key:0 create time:1661479077 expire time:1661486277
09-13 15:33:48.573  5153  5153 I wlogin_sdk[P:13]: 
09-13 15:33:48.573  5153  5153 I wlogin_sdk[P:1]: GetLocalTicket appid 16 type 0x40
09-13 15:33:48.573  5153  5153 I wlogin_sdk[P:151]: get_all_siginfo in mem
09-13 15:33:48.574  5153  5153 I wlogin_sdk[P:2]: WUserSigInfo::get_clone 1663054428
09-13 15:33:48.574  5153  5153 I wlogin_sdk[P:9]: skey in sigInfo Md***4g
09-13 15:33:48.574  5153  5153 I wlogin_sdk[P:12]: GetUserSigInfoTicket type:0x40 sig:72 key:16 create time:1662902487 expire time:1665321687
09-13 15:33:48.575  5153  5153 I wlogin_sdk[P:13]: 
09-13 15:33:48.575  5153  5153 I wlogin_sdk[P:1]: GetLocalTicket appid 16 type 0x40000
09-13 15:33:48.575  5153  5153 I wlogin_sdk[P:151]: get_all_siginfo in mem
09-13 15:33:48.576  5153  5153 I wlogin_sdk[P:2]: WUserSigInfo::get_clone 1663054428
09-13 15:33:48.576  5153  5153 I wlogin_sdk[P:9]: skey in sigInfo Md***4g
09-13 15:33:48.779  5285  5557 D StorageFileMonitor: onFileOperate runtime not ready
09-13 15:33:49.014  5153  5153 W ratelimit: Single process limit 250/s drop 65 lines.
09-13 15:33:49.014  5153  5153 D MSFConfigManager: MSFConfigManager{isIPCDivideToTransportEnable=false, isSleepThreadWhenIPCBlockEnable=false, isSendQuickHBByDeepSleepEnable=true, isSendQuickHBByScreenOnEnable=true, isMultiChannelReportEnable=true, isBinderConnectOptEnable=false, isChangeHuaweiDSCheck=false, udpSendSwitchOn=false, deepSleepDetectInterval=60, multiTcpEnable=false, multiTcpCmdWhiteList=, releaseSamplingRate=10000, graySamplingRate=100, importantCmdRate=100, subConnSamplingRate=1, enableCheckPandora=true, nullQimeiReleaseSamplingRate=10000, nullQimeiGraySamplingRate=100}
09-13 15:33:49.014  5153  5153 D SendQueuePerformanceReporter: [initSampleRate] rateNormal: false, rateImport: false, grayRate: 100, releaseRate: 10000, impRate: 100, subConn: 1
09-13 15:33:49.020  5153  5372 I PERF_LOG: GC.happened gc!!!!!!!!!, 468 ms interval from last time
09-13 15:33:49.020  5153  5153 D libboot_MSF.C.NetConnTag.true: [initQimei] obtain qimei.
09-13 15:33:49.020  5153  5153 D MSF.C.NetConnTag.true: isReleaseSupportSwitchToTestEnv = false, isPublicVersion = true
09-13 15:33:49.020  5153  5552 D libboot_MSF.C.NetConnTag.true: onQimeiDispatch, sQ*******************************************, qimeiOld = 9978a01200afdcefbd1c831910001b616818
09-13 15:33:49.022  5153  5153 D MSF.C.LogManager: initLogLevel succ ,value =null
09-13 15:33:49.027  5153  5153 D libboot_MSF.C.NetConnTag.false: [initQimei] obtain qimei.
09-13 15:33:49.028  5153  5549 D libboot_MSF.C.NetConnTag.false: onQimeiDispatch, sQ*******************************************, qimeiOld = 9978a01200afdcefbd1c831910001b616818
09-13 15:33:49.029  5153  5153 D MSF.C.NetConnTag.false: isReleaseSupportSwitchToTestEnv = false, isPublicVersion = true
09-13 15:33:49.030  5153  5153 D MSF.C.LogManager: initLogLevel succ ,value =null
09-13 15:33:49.030  5153  5153 D SenderManager: [SenderManager] init: true
09-13 15:33:49.037  5153  5153 D SenderManager: [initSubSenderSp] switch: true
09-13 15:33:49.044  5153  5153 I wlogin_sdk[P:5]: push queue 1
09-13 15:33:49.044  5153  5153 D MSF.C.MsfCore: init sender&light cost=273
09-13 15:33:49.065  5153  5640 I wlogin_sdk[P:7]: start GetStWithoutPasswd: dwSrcAppid:16 dwDstAppid:16 dwDstAppPri:-1 dwMainSigMap:0x21410e0 dwSubDstAppid:100 Seq:1|0 at com.tencent.mobileqq:MSF
09-13 15:33:49.081  5153  5640 I wlogin_sdk[P:23]: MSF SSO SEQ:31038
09-13 15:33:49.081  5153  5640 I wlogin_sdk[P:33]: user:1239120048 exchange A2 from A2/D2/KEY.
09-13 15:33:49.081  5153  5640 I wlogin_sdk[P:2]: Encode 2 len:8
09-13 15:33:49.081  5153  5640 I wlogin_sdk[P:2]: Encode 4 len:16
09-13 15:33:49.083  5153  5640 I wlogin_sdk[P:174]: start request_change_sig
09-13 15:33:49.129  5153  5153 D MSF.C.MsfCore: init push cost=84
09-13 15:33:49.129  5153  5153 D MSF.C.ConfigManager: StandbyMode whitelist not be found.
09-13 15:33:49.132  5153  5640 D PandoraEx.MonitorReporter: module[device], systemApi[SE#G_AID], scene[back], strategy[cache_only], isSystemCall[false
09-13 15:33:49.136  5153  5640 I wlogin_sdk[P:32]: unknown
09-13 15:33:49.136  5153  5640 I wlogin_sdk[P:32]: 
09-13 15:33:49.136  5153  5640 I wlogin_sdk[P:32]: REL
09-13 15:33:49.136  5153  5640 I wlogin_sdk[P:32]: eng.compil.20220715.231522
09-13 15:33:49.136  5153  5640 I wlogin_sdk[P:32]: vivo/PD2068/PD2068:11/RP1A.200720.012/compiler0715231117:user/release-keys
09-13 15:33:49.136  5153  5640 I wlogin_sdk[P:32]: 21077814-c6ed-4b11-a7a5-5f4bf0c7e5a7
09-13 15:33:49.136  5153  5640 I wlogin_sdk[P:32]: 98b61ece02baecc7
09-13 15:33:49.136  5153  5640 I wlogin_sdk[P:32]: 
09-13 15:33:49.136  5153  5640 I wlogin_sdk[P:32]: eng.compil.20220715.231522
09-13 15:33:49.137  5153  5640 I wlogin_sdk[P:4]: get_tlv_52d success 206
09-13 15:33:49.132  5153  5153 W Wtlogin_GetStWi: type=1400 audit(0.0:4076): avc: denied { read } for name="version" dev="proc" ino=4026532229 scontext=u:r:untrusted_app_27:s0:c512,c768 tcontext=u:object_r:proc_version:s0 tclass=file permissive=0 app=com.tencent.mobileqq
09-13 15:33:49.139  5153  5640 I wlogin_sdk[P:4]: device model = PD2068
09-13 15:33:49.143  5153  5153 D MSF.C.QuickSendManager: [shouldReportWeakNet] false. result: 7
09-13 15:33:49.143  5153  5153 D MSF.C.MsfCore: init standby&quickSender cost=15
09-13 15:33:49.144  5153  5153 I SharedPreferencesProxyManager: getProxyInner from mRemoteSPs
09-13 15:33:49.146  5153  5447 I wlogin_sdk[P:1]: GetLocalTicket appid 16 type 0x40
09-13 15:33:49.146  5153  5447 I wlogin_sdk[P:151]: get_all_siginfo in mem
09-13 15:33:49.146  5153  5447 I wlogin_sdk[P:2]: WUserSigInfo::get_clone 1663054428
09-13 15:33:49.147  5153  5447 I wlogin_sdk[P:9]: skey in sigInfo Md***4g
09-13 15:33:49.147  5153  5447 I wlogin_sdk[P:12]: GetUserSigInfoTicket type:0x40 sig:72 key:16 create time:1662902487 expire time:1665321687
09-13 15:33:49.149  5153  5447 I wlogin_sdk[P:13]: 
09-13 15:33:49.149  5153  5153 I SharedPreferencesProxy: create new ContentProviderClient: set_sp_mp
09-13 15:33:49.149  5153  5447 I wlogin_sdk[P:1]: GetLocalTicket appid 16 type 0x40000
09-13 15:33:49.150  5153  5447 I wlogin_sdk[P:151]: get_all_siginfo in mem
09-13 15:33:49.150  5153  5447 I wlogin_sdk[P:2]: WUserSigInfo::get_clone 1663054428
09-13 15:33:49.150  5285  5626 I SharedPreferencesProxyManager: getProxyInner from mLocalSPs
09-13 15:33:49.150  5153  5447 I wlogin_sdk[P:9]: skey in sigInfo Md***4g
09-13 15:33:49.150  5153  5447 I wlogin_sdk[P:12]: GetUserSigInfoTicket type:0x40000 sig:64 key:16 create time:1662902487 expire time:1664716887
09-13 15:33:49.150  5153  5447 I wlogin_sdk[P:13]: 
09-13 15:33:49.152  5153  5447 I wlogin_sdk[P:1]: GetLocalTicket appid 16 type 0x1000
09-13 15:33:49.152  5153  5447 I wlogin_sdk[P:151]: get_all_siginfo in mem
09-13 15:33:49.153  5153  5447 I wlogin_sdk[P:2]: WUserSigInfo::get_clone 1663054428
09-13 15:33:49.153  5153  5447 I wlogin_sdk[P:9]: skey in sigInfo Md***4g
09-13 15:33:49.153  5153  5447 I wlogin_sdk[P:12]: GetUserSigInfoTicket type:0x1000 sig:10 key:0 create time:1661479077 expire time:1661565477
09-13 15:33:49.153  5153  5447 I wlogin_sdk[P:13]: skey:Md***4g
09-13 15:33:49.153  5153  5447 I wlogin_sdk[P:1]: GetLocalTicket appid 16 type 0x20
09-13 15:33:49.154  5153  5447 I wlogin_sdk[P:151]: get_all_siginfo in mem
09-13 15:33:49.154  5153  5447 I wlogin_sdk[P:2]: WUserSigInfo::get_clone 1663054428
09-13 15:33:49.154  5153  5447 I wlogin_sdk[P:9]: skey in sigInfo Md***4g
09-13 15:33:49.154  5153  5447 I wlogin_sdk[P:12]: GetUserSigInfoTicket type:0x20 sig:64 key:0 create time:1661479077 expire time:1661486277
09-13 15:33:49.155  5153  5447 I wlogin_sdk[P:13]: 
09-13 15:33:49.155  5153  5447 I wlogin_sdk[P:1]: GetLocalTicket appid 16 type 0x100000
09-13 15:33:49.155  5153  5447 I wlogin_sdk[P:151]: get_all_siginfo in mem
09-13 15:33:49.155  5153  5447 I wlogin_sdk[P:2]: WUserSigInfo::get_clone 1663054428
09-13 15:33:49.155  5153  5447 I wlogin_sdk[P:9]: skey in sigInfo Md***4g
09-13 15:33:49.156  5153  5447 I wlogin_sdk[P:12]: GetUserSigInfoTicket type:0x100000 sig:44 key:0 create time:1661479077 expire time:1661565477
09-13 15:33:49.156  5153  5447 I wlogin_sdk[P:13]: 
09-13 15:33:49.159  5153  5447 I wlogin_sdk[P:1]: GetLocalTicket appid 16 type 0x1000
09-13 15:33:49.160  5153  5447 I wlogin_sdk[P:151]: get_all_siginfo in mem
09-13 15:33:49.161  5153  5655 D MSF.C.MsfCore: init netflow monitor cost=12
09-13 15:33:49.161  5153  5655 D MSF.C.MsfCore: init BigT Cost=1
09-13 15:33:49.161  5153  5655 I SharedPreferencesProxy: create new ContentProviderClient: Last_Login
09-13 15:33:49.165  5153  5447 I wlogin_sdk[P:2]: WUserSigInfo::get_clone 1663054428
09-13 15:33:49.166  5153  5447 I wlogin_sdk[P:9]: skey in sigInfo Md***4g
09-13 15:33:49.166  5153  5447 I wlogin_sdk[P:12]: GetUserSigInfoTicket type:0x1000 sig:10 key:0 create time:1661479077 expire time:1661565477
09-13 15:33:49.166  5153  5447 I wlogin_sdk[P:13]: skey:Md***4g
09-13 15:33:49.167  5153  5447 I wlogin_sdk[P:1]: GetLocalTicket appid 16 type 0x20
09-13 15:33:49.167  5153  5447 I wlogin_sdk[P:151]: get_all_siginfo in mem
09-13 15:33:49.167  5153  5447 I wlogin_sdk[P:2]: WUserSigInfo::get_clone 1663054428
09-13 15:33:49.167  5153  5447 I wlogin_sdk[P:9]: skey in sigInfo Md***4g
09-13 15:33:49.168  5153  5447 I wlogin_sdk[P:12]: GetUserSigInfoTicket type:0x20 sig:64 key:0 create time:1661479077 expire time:1661486277
09-13 15:33:49.168  5153  5447 I wlogin_sdk[P:13]: 
09-13 15:33:49.168  5153  5447 I wlogin_sdk[P:1]: GetLocalTicket appid 16 type 0x100000
09-13 15:33:49.168  5153  5447 I wlogin_sdk[P:151]: get_all_siginfo in mem
09-13 15:33:49.169  5153  5447 I wlogin_sdk[P:2]: WUserSigInfo::get_clone 1663054428
09-13 15:33:49.169  5153  5447 I wlogin_sdk[P:9]: skey in sigInfo Md***4g
09-13 15:33:49.169  5153  5447 I wlogin_sdk[P:12]: GetUserSigInfoTicket type:0x100000 sig:44 key:0 create time:1661479077 expire time:1661565477
09-13 15:33:49.169  5153  5447 I wlogin_sdk[P:13]: 
09-13 15:33:49.176  5153  5655 I SharedPreferencesProxy: create new ContentProviderClient: mobileQQ
09-13 15:33:49.180  5153  5437 I SharedPreferencesProxy: create new ContentProviderClient: mark_time_com.tencent.mobileqq:MSF_1919db548792b3ab471253d401700565
09-13 15:33:49.189  5285  5671 D StorageFileMonitor: onFileOperate runtime not ready
09-13 15:33:49.192  5285  5673 D StorageFileMonitor: onFileOperate runtime not ready
09-13 15:33:49.198  5153  5447 D MSF.C.TokenChecker: checkToken for *0048 now: 1663054429144 lastCheckWebviewKeyTime: 1661479077000 needChangeToken: true isInstant:true
09-13 15:33:49.199  5153  5153 I MSF.C.MsfCore: MsfCore init finished. cost=1121
09-13 15:33:49.199  5153  5153 D MsfInitCost: MSF_Alive_Log MsfCoreInitCost: 1121
09-13 15:33:49.207  5153  5447 D MSF.C.TokenChecker: checkToken renew webKey for *0048 isNewVersion: true delayTime: 184664
09-13 15:33:49.207  5285  5626 D StorageFileMonitor: onFileOperate runtime not ready
09-13 15:33:49.208  5285  5626 I chatty  : uid=10211(com.tencent.mobileqq) Binder:5285_6 identical 1 line
09-13 15:33:49.209  5285  5626 D StorageFileMonitor: onFileOperate runtime not ready
09-13 15:33:49.213  5153  5153 D MSF.S.AppProcessManager: start loadAppProcessInfos proInfos size=7
09-13 15:33:49.213  5153  5153 D MSF.S.AppProcessManager: loadAppProcessInfo proInfo:com.tencent.mobileqq,com.tencent.mobileqq.broadcast.qq,false
09-13 15:33:49.213  5153  5153 I MSF.S.AppProcessManager: onRegisterApp process=com.tencent.mobileqq processBootName=com.tencent.mobileqq.broadcast.qq appid=0 callback=null
09-13 15:33:49.213  5153  5153 D GuardManager: onAppBind with null
09-13 15:33:49.217  5153  5372 I PERF_LOG: GC.happened gc!!!!!!!!!, 196 ms interval from last time
09-13 15:33:49.218  5153  5153 D MSF.S.AppProcessManager: loadAppProcessInfo proInfo:com.tencent.mobileqq:TMAssistantDownloadSDKService,,false
09-13 15:33:49.218  5153  5153 I MSF.S.AppProcessManager: onRegisterApp process=com.tencent.mobileqq:TMAssistantDownloadSDKService processBootName= appid=0 callback=null
09-13 15:33:49.232  5153  5153 D MSF.S.AppProcessManager: loadAppProcessInfo proInfo:com.tencent.mobileqq:gameservice,,false
09-13 15:33:49.232  5153  5153 I MSF.S.AppProcessManager: onRegisterApp process=com.tencent.mobileqq:gameservice processBootName= appid=0 callback=null
09-13 15:33:49.237  5153  5153 D MSF.S.AppProcessManager: loadAppProcessInfo proInfo:com.tencent.mobileqq:nearby_video,,false
09-13 15:33:49.237  5153  5153 I MSF.S.AppProcessManager: onRegisterApp process=com.tencent.mobileqq:nearby_video processBootName= appid=0 callback=null
09-13 15:33:49.253  5153  5655 D MSF.C.MsfCore: init wifiScan cost=92
09-13 15:33:49.254  5153  5655 I SharedPreferencesProxy: create new ContentProviderClient: health_step_counter_config
09-13 15:33:49.254  5153  5640 I wlogin_sdk[P:21]: oicq.wlogin_sdk.request.k:snd_rcv_req_msf ...
09-13 15:33:49.255  5153  5640 I wlogin_sdk[P:25]: WtloginMsfListener uin:1239120048 service_cmd:wtlogin.exchange_emp timeout:45000 flag:false
09-13 15:33:49.257  5153  5153 D MSF.S.AppProcessManager: loadAppProcessInfo proInfo:com.tencent.mobileqq:peak,,false
09-13 15:33:49.257  5153  5153 I MSF.S.AppProcessManager: onRegisterApp process=com.tencent.mobileqq:peak processBootName= appid=0 callback=null
09-13 15:33:49.258  5285  5707 D StorageFileMonitor: onFileOperate runtime not ready
09-13 15:33:49.260  5153  5708 I wlogin_sdk[P:3]: mqq process: com.tencent.mobileqq:MSF
09-13 15:33:49.260  5153  5708 I wlogin_sdk[P:6]: msf sendData
09-13 15:33:49.262  5153  5708 D MSF.C.StatReport: setUserId = *0048
09-13 15:33:49.263  5153  5628 I SharedPreferencesProxy: create new ContentProviderClient: sso_list
09-13 15:33:49.266  5153  5153 D MSF.S.AppProcessManager: loadAppProcessInfo proInfo:com.tencent.mobileqq:tool,,false
09-13 15:33:49.266  5153  5153 I MSF.S.AppProcessManager: onRegisterApp process=com.tencent.mobileqq:tool processBootName= appid=0 callback=null
09-13 15:33:49.271  5153  5628 D MSF.C.NetConnTag.true: resetUserSimpleHead not connect network
09-13 15:33:49.271  5153  5628 D MSF.C.NetConnTag.true: use full head for uin:*0048
09-13 15:33:49.271  5153  5153 D MSF.S.AppProcessManager: loadAppProcessInfo proInfo:com.tencent.mobileqq:video,com.tencent.av.ui.VChatActivity,false
09-13 15:33:49.271  5153  5153 I MSF.S.AppProcessManager: onRegisterApp process=com.tencent.mobileqq:video processBootName=com.tencent.av.ui.VChatActivity appid=0 callback=null
09-13 15:33:49.272  5153  5628 D MSF.C.NetConnTag.true: msf can not get ssid
09-13 15:33:49.275  5153  5628 D MSF.C.NetConnTag.true: msf can not get ssid
09-13 15:33:49.280  5153  5628 D MSF.C.NetConnTag.true: encodeRequest cmd: wtlogin.exchange_emp, with version = 10, AppId = 537129683
09-13 15:33:49.281  5153  5628 D MSF.C.NetConnTag.true: pa ok: 31038
09-13 15:33:49.282  5153  5628 D MSF.C.NetConnTag.DualConnContext.true: tryDualConn
09-13 15:33:49.282  5153  5708 I ConnQualityStat: WeaknetNew ConfigParam: [1,true,3000,3000,2,2,20,2000,500,3000]
09-13 15:33:49.286  5153  5628 D MSF.C.NetConnTag.true: mainSocketEngineOpenConn start...activeIpFamily=0
09-13 15:33:49.286  5153  5628 D MSF.C.SsoListManager:  getAvailableSsoList ssoTypeKey = SocketWifiIpv4, curr size null
09-13 15:33:49.286  5153  5628 D MSF.C.SsoListManager:  getAvailableSsoList ssoTypeKey = SocketMobileIpv4, curr size null
