09-13 15:34:02.725  6950  7089 I MicroMsg.ServiceManager: [:7089, ]:[+] transit lifecycle status of 'com.tencent.mm.feature.gamelive.GameLiveCommonService@2e9d5a5': 'INACTIVE' => 'ACTIVATED'.
09-13 15:34:02.727  6950  7166 I MMKV    : [:7166, ]:[MMKV_IO.cpp][81][loadFromFile] loading [VFSStrategy] with 2299 actual size, file size 4096, InterProcess 1, meta info version:3
09-13 15:34:02.728  6950  7166 I MMKV    : [:7166, ]:[MMKV_IO.cpp][86][loadFromFile] loading [VFSStrategy] with crc 3288698265 sequence 3 version 3
09-13 15:34:02.729  6950  7166 I MMKV    : [:7166, ]:[MMKV_IO.cpp][130][loadFromFile] loaded [VFSStrategy] with 1 key-values
09-13 15:34:02.731  6950  7084 I UICProvider: [:7084, ]:withApi com.tencent.mm.plugin.finder.loader.ak ==> com.tencent.mm.plugin.finder.loader.y
09-13 15:34:02.732  6950  7084 I UICProvider: [:7084, ]:withApi com.tencent.mm.plugin.finder.api.g ==> com.tencent.mm.plugin.finder.viewmodel.b
09-13 15:34:02.735  6950  7084 I UICProvider: [:7084, ]:withApi com.tencent.mm.plugin.findersdk.b.bl ==> com.tencent.mm.plugin.finder.viewmodel.component.r
09-13 15:34:02.736  6950  7084 I UICProvider: [:7084, ]:withApi com.tencent.mm.plugin.findersdk.b.bs ==> com.tencent.mm.plugin.finder.viewmodel.component.v
09-13 15:34:02.739  6950  7084 I UICProvider: [:7084, ]:withApi com.tencent.mm.plugin.findersdk.b.bt ==> com.tencent.mm.plugin.finder.viewmodel.component.w
09-13 15:34:02.740  6950  7084 I UICProvider: [:7084, ]:withApi com.tencent.mm.plugin.findersdk.b.bu ==> com.tencent.mm.plugin.finder.viewmodel.component.x
09-13 15:34:02.741  6950  7116 I MicroMsg.TaskInitFace: [:7116, ]:localMD5 : a39e2b382d489313ce8da8034670d3af
09-13 15:34:02.741  6950  7084 I UICProvider: [:7084, ]:withApi com.tencent.mm.plugin.findersdk.b.by ==> com.tencent.mm.plugin.finder.viewmodel.component.ab
09-13 15:34:02.742  6950  7116 I MicroMsg.TaskInitFace: [:7116, ]:assetMD5 : a39e2b382d489313ce8da8034670d3af
09-13 15:34:02.743  6950  7116 I MicroMsg.TaskInitFace: [:7116, ]:SDPath:/data/user/0/com.tencent.mm/face_detect/eye.rpdm   exists 
09-13 15:34:02.743  6950  7084 I UICProvider: [:7084, ]:withApi com.tencent.mm.plugin.findersdk.b.ca ==> com.tencent.mm.plugin.finder.viewmodel.component.ad
09-13 15:34:02.743  6950  6950 I MMKernel.CoreAccount: [:6950, ]:summerhardcoder hasInitialized[false] mHardCoderStartPerformance[0] stack[[.legacy.app.WeChatSplashStartup$8:onStartupDone(1237)][.kernel.m$a$1:cI(1040)][.cz.a:a(48)][.kernel.m$a:onStartupDone(37)][.kernel.m$6:onTerminate(253)][.vending.g.e$4:d(320)][.vending.g.e$4:call(316)][.vending.h.f$1:run(1012)]]
09-13 15:34:02.747  6950  6950 I MicroMsg.MMApplicationContext: [:6950, ]:isToolsIsolatedProcess, processName:com.tencent.mm
09-13 15:34:02.748  6950  6950 I MicroMsg.PendingLogAndReport: [:6950, ]:[MicroMsg.MMApplicationLikeImpl @ 2022-09-13 15:33:59.764] clearOldDirIfNewVersion oldversion:0x28001B37, newversion:0x28001B37, gettime:4, settime:0
09-13 15:34:02.750  6950  6950 I MicroMsg.PendingLogAndReport: [:6950, ]:[MicroMsg.WVReservedSpaceShinkerWrapper @ 2022-09-13 15:33:59.765] [+] Env condition is not satisfied, skip installation.
09-13 15:34:02.750  6950  6950 I MicroMsg.PendingLogAndReport: [:6950, ]:[MicroMsg.PatronsWrapper @ 2022-09-13 15:33:59.766] [+] Env condition is not satisfied, skip installation.
09-13 15:34:02.750  6950  7166 I ThreadPool.Execute: [:7166, ]:<<< com.tencent.mm.vfs.bm$1@127613038 state=COMPLETE cost=10ms/6ms ColdPool start@=1663054442719ms delay=0ms run@=1663054442719
09-13 15:34:02.751  6950  6950 I MicroMsg.PendingLogAndReport: [:6950, ]:[MicroMsg.BaseStartupRoutine @ 2022-09-13 15:33:59.766] ** Hit main process condition.
09-13 15:34:02.755  6950  6950 I MicroMsg.PendingLogAndReport: [:6950, ]:[MicroMsg.BaseStartupRoutine @ 2022-09-13 15:33:59.769] ** Patch is not loaded, do not needs to do fix.
09-13 15:34:02.757  6950  7084 I UICProvider: [:7084, ]:withApi com.tencent.mm.plugin.findersdk.b.cc ==> com.tencent.mm.plugin.finder.viewmodel.component.af
09-13 15:34:02.758  6950  7084 I UICProvider: [:7084, ]:withApi com.tencent.mm.plugin.findersdk.b.cd ==> com.tencent.mm.plugin.finder.viewmodel.component.ag
09-13 15:34:02.758  6950  7084 I UICProvider: [:7084, ]:withApi com.tencent.mm.plugin.findersdk.b.el ==> com.tencent.mm.plugin.finder.viewmodel.component.ai
09-13 15:34:02.759  6950  7084 I UICProvider: [:7084, ]:withApi com.tencent.mm.plugin.findersdk.b.dg ==> com.tencent.mm.plugin.finder.viewmodel.component.be
09-13 15:34:02.760  6950  7084 I UICProvider: [:7084, ]:withApi com.tencent.mm.plugin.findersdk.b.dk ==> com.tencent.mm.plugin.finder.viewmodel.component.bi
09-13 15:34:02.765  6950  7084 I UICProvider: [:7084, ]:withApi com.tencent.mm.plugin.findersdk.b.dl ==> com.tencent.mm.plugin.finder.viewmodel.component.bj
09-13 15:34:02.766  6950  7084 I UICProvider: [:7084, ]:withApi com.tencent.mm.plugin.findersdk.b.dr ==> com.tencent.mm.plugin.finder.viewmodel.component.bl
09-13 15:34:02.767  6950  6950 I MicroMsg.WeChatSplashStartup: [:6950, ]:MMKernel onStartupDone
09-13 15:34:02.767  6950  7084 I UICProvider: [:7084, ]:withApi com.tencent.mm.plugin.findersdk.b.dt ==> com.tencent.mm.plugin.finder.viewmodel.component.bm
09-13 15:34:02.767  6950  7084 I UICProvider: [:7084, ]:withApi com.tencent.mm.plugin.findersdk.b.dx ==> com.tencent.mm.plugin.finder.viewmodel.component.bn
09-13 15:34:02.768  6950  7084 I UICProvider: [:7084, ]:withApi com.tencent.mm.plugin.findersdk.b.dz ==> com.tencent.mm.plugin.finder.viewmodel.component.bo
09-13 15:34:02.768  6950  7084 I UICProvider: [:7084, ]:withApi com.tencent.mm.plugin.findersdk.b.ec ==> com.tencent.mm.plugin.finder.viewmodel.component.bt
09-13 15:34:02.768  6950  7084 I UICProvider: [:7084, ]:withApi com.tencent.mm.plugin.findersdk.b.eh ==> com.tencent.mm.plugin.finder.viewmodel.component.bv
09-13 15:34:02.768  6950  7084 I UICProvider: [:7084, ]:withApi com.tencent.mm.plugin.finder.viewmodel.component.cf ==> com.tencent.mm.plugin.finder.viewmodel.component.cb
09-13 15:34:02.768  6950  7116 I MicroMsg.TaskInitFace: [:7116, ]:localMD5 : 0ad60b366f1c08f792ae721d50fee9ee
09-13 15:34:02.768  6950  7116 I MicroMsg.TaskInitFace: [:7116, ]:assetMD5 : 0ad60b366f1c08f792ae721d50fee9ee
09-13 15:34:02.769  6950  7116 I MicroMsg.TaskInitFace: [:7116, ]:SDPath:/data/user/0/com.tencent.mm/face_detect/eye_bin.rpdc   exists 
09-13 15:34:02.772  6950  7084 I UICProvider: [:7084, ]:withApi com.tencent.mm.plugin.findersdk.b.eg ==> com.tencent.mm.plugin.finder.viewmodel.teenmode.b
09-13 15:34:02.772  6950  7173 I MMKV    : [:7173, ]:[MemoryFile.cpp][97][open] open fd[0xd3], /data/user/0/com.tencent.mm/files/mmkv/SnsMMKV
09-13 15:34:02.773  6950  7084 I UICProvider: [:7084, ]:withApi com.tencent.mm.plugin.finder.api.m ==> com.tencent.mm.plugin.finder.viewmodel.teenmode.d
09-13 15:34:02.773  6950  7084 I UICProvider: [:7084, ]:withInstanceApi com.tencent.mm.plugin.findersdk.b.bj ==> com.tencent.mm.plugin.finder.feed.model.f
09-13 15:34:02.774  6950  7084 I UICProvider: [:7084, ]:withInstanceApi com.tencent.mm.plugin.finder.api.h ==> com.tencent.mm.plugin.finder.upload.postui.f
09-13 15:34:02.774  6950  7084 I MicroMsg.FinderLifecycleCallback: [:7084, ]:init
09-13 15:34:02.775  6950  7084 I MicroMsg.ServiceManager: [:7084, ]:[+] transit lifecycle status of 'com.tencent.mm.plugin.m@4ffe3e9': 'INACTIVE' => 'ACTIVATED'.
09-13 15:34:02.776  6950  6950 I MMSkeleton.Boot: [:6950, ]:onStartupDone
09-13 15:34:02.776  6950  7171 I ThreadPool.Execute: [:7171, ]:<<< com.tencent.mm.legacy.app.WeChatSplashStartup$11$1@115421650 state=COMPLETE cost=13ms/7ms ColdPool start@=1663054442756ms delay=0ms run@=1663054442756
09-13 15:34:02.776  6950  6950 I MicroMsg.recovery.PluginRecovery: [:6950, ]:Check app profile: 
09-13 15:34:02.778  6950  6950 I MicroMsg.recovery.PluginRecovery: [:6950, ]:UserId = 0
09-13 15:34:02.778  6950  7173 I MMKV    : [:7173, ]:[MemoryFile.cpp][97][open] open fd[0xe0], /data/user/0/com.tencent.mm/files/mmkv/SnsMMKV.crc
09-13 15:34:02.779  6950  6950 I MicroMsg.recovery.PluginRecovery: [:6950, ]:UserInfo = 0|999 sys(1)
09-13 15:34:02.782  6950  7173 I MMKV    : [:7173, ]:[MMKV_IO.cpp][81][loadFromFile] loading [SnsMMKV] with 2981 actual size, file size 16384, InterProcess 1, meta info version:3
09-13 15:34:02.784  6950  6950 I MicroMsg.recovery.PluginRecovery: [:6950, ]:UserProfile = host
09-13 15:34:02.786  6950  6950 I MicroMsg.recovery.PluginRecovery: [:6950, ]:RunningInDualApp = false
09-13 15:34:02.786  6950  7173 I MMKV    : [:7173, ]:[MMKV_IO.cpp][86][loadFromFile] loading [SnsMMKV] with crc 2465176354 sequence 927 version 3
09-13 15:34:02.787  6950  6950 I MicroMsg.Boots.PluginBoots: [:6950, ]:[+] Trying to trigger tinker patch status report.
09-13 15:34:02.788  6950  7113 I MicroMsg.recovery.PluginRecovery: [:7113, ]:pull recovery online config
09-13 15:34:02.793  6950  7173 I MMKV    : [:7173, ]:[MMKV_IO.cpp][130][loadFromFile] loaded [SnsMMKV] with 11 key-values
09-13 15:34:02.800  6950  7173 I MicroMsg.WeChatSplashStartup: [:7173, ]:cleanSnsTablesByTimeLimit snsDbCount:396
09-13 15:34:02.801  6950  7116 I MicroMsg.TaskInitFace: [:7116, ]:localMD5 : d2be93942c99142d825549679a21c278
09-13 15:34:02.801  6950  7116 I MicroMsg.TaskInitFace: [:7116, ]:assetMD5 : d2be93942c99142d825549679a21c278
09-13 15:34:02.802  6950  7116 I MicroMsg.TaskInitFace: [:7116, ]:SDPath:/data/user/0/com.tencent.mm/face_detect/rotBasis.bin   exists 
09-13 15:34:02.806  6950  7173 I ThreadPool.Execute: [:7173, ]:<<< com.tencent.mm.legacy.app.WeChatSplashStartup$12$1@167549214 state=COMPLETE cost=35ms/11ms ColdPool start@=1663054442766ms delay=0ms run@=1663054442767
09-13 15:34:02.806  5285  7270 D PandoraEx.CollectAppInfo.CollectorCore: filter report for reason = SAMPLING_LIMIT
09-13 15:34:02.808  6950  7116 I MicroMsg.TaskInitFace: [:7116, ]:alvinluo detectmodel: /data/user/0/com.tencent.mm/face_detect/ufdmtcc.bin, exist: true, alignModel: /data/user/0/com.tencent.mm/face_detect/ufat.bin, exist: true
09-13 15:34:02.810  6950  6950 I MicroMsg.WXEntryActivity: [:6950, ]:onReceive, appId = wx93054a223193b95e
09-13 15:34:02.814  6950  7113 I MicroMsg.ExptManager: [:7113, ]:12473205 get mulit expt result[] key[clicfg_recovery_r_enable] def[] cost[0]
09-13 15:34:02.815  6950  6950 W MicroMsg.WXEntryActivity: [:6950, ]:not login, just save the appid : wx93054a223193b95e
09-13 15:34:02.815  6950  7113 I MicroMsg.ExptService: [:7113, ]:API check Expt from mmkv result[] key[clicfg_recovery_r_enable] def[] cost[6]
09-13 15:34:02.816  6950  7113 I MicroMsg.recovery.reporter: [:7113, ]:online config, enabled = 1
09-13 15:34:02.817  6950  6950 I MicroMsg.AppUtil: [:6950, ]:this app has been saved : wx93054a223193b95e in wxca942bbff22e0e51|wxe2aef63cd27fde23|wx03d364f82a74cb17|wx93054a223193b95e|wx50d801314d9eb858|
09-13 15:34:02.822  6950  6950 I Blink-LOG: [:6950, ]:since startup onStartupDone : 3277
09-13 15:34:02.822  6950  7113 I MicroMsg.ExptManager: [:7113, ]:12473205 get mulit expt result[] key[clicfg_recovery_r_threshold_1] def[] cost[0]
09-13 15:34:02.823  6950  7113 I MicroMsg.ExptService: [:7113, ]:API check Expt from mmkv result[] key[clicfg_recovery_r_threshold_1] def[] cost[2]
09-13 15:34:02.825  6950  6950 I MMKV    : [:6950, ]:[MemoryFile.cpp][97][open] open fd[0xdf], /data/user/0/com.tencent.mm/files/mmkv/MMKV_AccidentiallyQuitMarks_
09-13 15:34:02.833  6950  6950 I MMKV    : [:6950, ]:[MemoryFile.cpp][97][open] open fd[0xe2], /data/user/0/com.tencent.mm/files/mmkv/MMKV_AccidentiallyQuitMarks_.crc
09-13 15:34:02.836  6950  6950 I MMKV    : [:6950, ]:[MMKV_IO.cpp][81][loadFromFile] loading [MMKV_AccidentiallyQuitMarks_] with 201 actual size, file size 4096, InterProcess 0, meta info version:3
09-13 15:34:02.837  6950  6950 I MMKV    : [:6950, ]:[MMKV_IO.cpp][86][loadFromFile] loading [MMKV_AccidentiallyQuitMarks_] with crc 2701304579 sequence 2869 version 3
09-13 15:34:02.837  6950  6950 I MMKV    : [:6950, ]:[MMKV_IO.cpp][130][loadFromFile] loaded [MMKV_AccidentiallyQuitMarks_] with 0 key-values
09-13 15:34:02.838  6950  6950 I MicroMsg.AccidentallyQuitMonitor: [:6950, ]:[+] Process [com.tencent.mm] was quit normally last time, skip report.
09-13 15:34:02.839  6950  6950 I ThreadPool.Execute: [:6950, ]:<<< com.tencent.mm.legacy.app.a$5@147723357 state=COMPLETE cost=15ms/8ms UIPool start@=1663054442756ms delay=0ms run@=1663054442823
09-13 15:34:02.839  6950  7113 I MicroMsg.ExptManager: [:7113, ]:12473205 get mulit expt result[] key[clicfg_recovery_r_threshold_2] def[] cost[1]
09-13 15:34:02.840  6950  7113 I MicroMsg.ExptService: [:7113, ]:API check Expt from mmkv result[] key[clicfg_recovery_r_threshold_2] def[] cost[16]
09-13 15:34:02.842  6950  7113 I MicroMsg.ExptManager: [:7113, ]:12473205 get mulit expt result[] key[clicfg_recovery_r_auto_reset] def[] cost[0]
09-13 15:34:02.843  6950  7113 I MicroMsg.ExptService: [:7113, ]:API check Expt from mmkv result[] key[clicfg_recovery_r_auto_reset] def[] cost[3]
09-13 15:34:02.851  6950  7113 I MicroMsg.ExptManager: [:7113, ]:12473205 get mulit expt result[] key[clicfg_recovery_r_interval] def[] cost[0]
09-13 15:34:02.852  6950  7113 I MicroMsg.ExptService: [:7113, ]:API check Expt from mmkv result[] key[clicfg_recovery_r_interval] def[] cost[8]
09-13 15:34:02.856  6950  7113 I MicroMsg.ExptManager: [:7113, ]:12473205 get mulit expt result[] key[clicfg_recovery_r_interval_sub] def[] cost[1]
09-13 15:34:02.859  6950  7113 I MicroMsg.ExptService: [:7113, ]:API check Expt from mmkv result[] key[clicfg_recovery_r_interval_sub] def[] cost[4]
09-13 15:34:02.861  6950  7113 I MicroMsg.recovery.reporter: [:7113, ]:setThresholdLevel1, value = 5
09-13 15:34:02.861  6950  7113 I MicroMsg.recovery.reporter: [:7113, ]:setThresholdLevel2, value = 6
09-13 15:34:02.862  6950  7113 I MicroMsg.recovery.reporter: [:7113, ]:setAutoResetDelay, value = 10000
09-13 15:34:02.867  6950  7113 I MicroMsg.recovery.reporter: [:7113, ]:setCrashInterval, value = 10000
09-13 15:34:02.869  6950  7113 I MicroMsg.recovery.reporter: [:7113, ]:setCrashSubInterval, value = 30000
09-13 15:34:02.871  6950  7113 I MicroMsg.recovery.PluginRecovery: [:7113, ]:unregister recovery after millis: 10000
09-13 15:34:02.875  6950  7113 I ThreadPool.Execute: [:7113, ]:<<< com.tencent.mm.modelrecovery.PluginRecovery$3$1@16035318 state=COMPLETE cost=86ms/35ms ColdPool start@=1663054442786ms delay=0ms run@=1663054442787
09-13 15:34:02.892  6950  7116 I MicroMsg.TaskInitFace: [:7116, ]:localMD5 : 7e504d52e11ff2942b82c6289f0e0f34
09-13 15:34:02.894  6950  7116 I MicroMsg.TaskInitFace: [:7116, ]:assetMD5 : 7e504d52e11ff2942b82c6289f0e0f34
09-13 15:34:02.895  6950  7116 I MicroMsg.TaskInitFace: [:7116, ]:SDPath:/data/user/0/com.tencent.mm/face_detect/ufdmtcc.bin   exists 
09-13 15:34:02.970  5153  5628 D MSF.C.NetConnTag.true: try open Conn OSwzPz8sf3VlLiMyLTEjM2RwN3orKWs5JS5qbGpgdXl6c2BkamJ1YHt5YmRgPiQ2OSZqOi80KWAkNjw4YGl/Ljg2NW5q noneProxy net:0 cross:0 protocalsocket
09-13 15:34:02.970  5153  5628 E MSF.C.NetConnTag.true: [openConn] socket has built, socketEngineID: 0socket: 141492542java.lang.Throwable
09-13 15:34:02.970  5153  5628 E MSF.C.NetConnTag.true: 	at com.tencent.mobileqq.msf.core.net.m.a(P:46)
09-13 15:34:02.970  5153  5628 E MSF.C.NetConnTag.true: 	at com.tencent.mobileqq.msf.core.net.p.a(P:207)
09-13 15:34:02.970  5153  5628 E MSF.C.NetConnTag.true: 	at com.tencent.mobileqq.msf.core.net.p.a(P:203)
09-13 15:34:02.970  5153  5628 E MSF.C.NetConnTag.true: 	at com.tencent.mobileqq.msf.core.net.p.a(P:179)
09-13 15:34:02.970  5153  5628 E MSF.C.NetConnTag.true: 	at com.tencent.mobileqq.msf.core.net.p.b(P:40)
09-13 15:34:02.970  5153  5628 E MSF.C.NetConnTag.true: 	at com.tencent.mobileqq.msf.core.net.p.a(P:108)
09-13 15:34:02.970  5153  5628 E MSF.C.NetConnTag.true: 	at com.tencent.mobileqq.msf.core.net.p.q(P:1)
09-13 15:34:02.970  5153  5628 E MSF.C.NetConnTag.true: 	at com.tencent.mobileqq.msf.core.net.p.a(P:217)
09-13 15:34:02.970  5153  5628 E MSF.C.NetConnTag.true: 	at com.tencent.mobileqq.msf.core.ag$c.run(P:115)
09-13 15:34:02.972  5153  5628 D MSF.C.NetConnTag.true: open msfwifi.3g.qq.com:8080 failed connError_unreachable costTime: 1 configTimeout: 20000 noneProxy cross:0
09-13 15:34:02.990  5153  7277 I SharedPreferencesProxy: create new ContentProviderClient: sp_app_report
09-13 15:34:03.020  5153  7277 D PandoraEx.CollectAppInfo.CollectorCore: filter report for reason = PROCESS_LIMIT
09-13 15:34:03.933  5153  5554 W Settings: Setting airplane_mode_on has moved from android.provider.Settings.System to android.provider.Settings.Global, returning read-only value.
09-13 15:34:03.945  5153  5554 W Settings: Setting airplane_mode_on has moved from android.provider.Settings.System to android.provider.Settings.Global, returning read-only value.
09-13 15:34:03.950  5153  5554 W Settings: Setting airplane_mode_on has moved from android.provider.Settings.System to android.provider.Settings.Global, returning read-only value.
09-13 15:34:04.020  5153  5628 D MSF.C.NetConnTag.true: try open Conn OSwzPz8sf3VlLiMyLTEjM2RwN3orKWs5JS5qbGpgdXl6c2BkamJ1YHt5YmRgPiQ2OSZqOi80KWAkNjw4YGl/Ljg2NW5q noneProxy net:0 cross:0 protocalsocket
09-13 15:34:04.022  5153  5628 E MSF.C.NetConnTag.true: [openConn] socket has built, socketEngineID: 0socket: 175461051java.lang.Throwable
09-13 15:34:04.022  5153  5628 E MSF.C.NetConnTag.true: 	at com.tencent.mobileqq.msf.core.net.m.a(P:46)
09-13 15:34:04.022  5153  5628 E MSF.C.NetConnTag.true: 	at com.tencent.mobileqq.msf.core.net.p.a(P:207)
09-13 15:34:04.022  5153  5628 E MSF.C.NetConnTag.true: 	at com.tencent.mobileqq.msf.core.net.p.a(P:203)
09-13 15:34:04.022  5153  5628 E MSF.C.NetConnTag.true: 	at com.tencent.mobileqq.msf.core.net.p.a(P:179)
09-13 15:34:04.022  5153  5628 E MSF.C.NetConnTag.true: 	at com.tencent.mobileqq.msf.core.net.p.b(P:40)
09-13 15:34:04.022  5153  5628 E MSF.C.NetConnTag.true: 	at com.tencent.mobileqq.msf.core.net.p.a(P:108)
09-13 15:34:04.022  5153  5628 E MSF.C.NetConnTag.true: 	at com.tencent.mobileqq.msf.core.net.p.q(P:1)
09-13 15:34:04.022  5153  5628 E MSF.C.NetConnTag.true: 	at com.tencent.mobileqq.msf.core.net.p.a(P:217)
09-13 15:34:04.022  5153  5628 E MSF.C.NetConnTag.true: 	at com.tencent.mobileqq.msf.core.ag$c.run(P:115)
09-13 15:34:04.024  5153  5628 D MSF.C.NetConnTag.true: open msfwifi.3g.qq.com:8080 failed connError_unreachable costTime: 3 configTimeout: 20000 noneProxy cross:0
09-13 15:34:04.026  5153  5628 D WifiDetector: WIFI detect onWifiAllConnFailed!
09-13 15:34:04.033  5153  5628 D WifiDetector: WIFI detect start failed, wifi is not connected!
09-13 15:34:04.033  5153  5628 D MSF.C.NetConnTag.true: msf can not get ssid
09-13 15:34:04.033  5153  5628 D MSF.C.NetConnTag.true: current network state: weakNet
09-13 15:34:04.035  5153  5628 D MSF.C.NetConnTag.true: msf can not get ssid
09-13 15:34:04.035  5153  5628 D MSF.C.NetConnTag.true: current network state: weakNet
09-13 15:34:04.043  5153  5628 D MSF.C.NetConnTag.true: p ok re1: [can not reuse old point]31038
09-13 15:34:04.046  5153  5628 D MSF.C.NetConnTag.true: mainSocketEngineOpenConn start...activeIpFamily=0
09-13 15:34:04.046  5153  5628 D MSF.C.SsoListManager:  getAvailableSsoList ssoTypeKey = SocketWifiIpv4, curr size null
09-13 15:34:04.046  5153  5628 D MSF.C.SsoListManager:  getAvailableSsoList ssoTypeKey = SocketMobileIpv4, curr size null
09-13 15:34:04.046  5153  5628 D MSF.C.NetConnTag.true: mainSocketEngineOpenConn try single conn wifiSsoList=10, mobileSsoList=6
09-13 15:34:04.046  5153  5628 D MSF.C.NetConnTag.true: [setMainSocketEngineId] mainConnID: 0
09-13 15:34:04.049  5153  5628 W Settings: Setting airplane_mode_on has moved from android.provider.Settings.System to android.provider.Settings.Global, returning read-only value.
09-13 15:34:04.054  5153  5628 D MSF.C.NetConnTag.true: try open Conn OSwzPz8sf3VlLiMyLTEjM2RwN3orKWs5JS5qbGpgdXl6c2BkamJ1YHt5YmRgPiQ2OSZqOi80KWAkNjw4YGl/Ljg2NW5q noneProxy net:0 cross:0 protocalsocket
09-13 15:34:04.057  5153  5628 E MSF.C.NetConnTag.true: [openConn] socket has built, socketEngineID: 0socket: 168294934java.lang.Throwable
09-13 15:34:04.057  5153  5628 E MSF.C.NetConnTag.true: 	at com.tencent.mobileqq.msf.core.net.m.a(P:46)
09-13 15:34:04.057  5153  5628 E MSF.C.NetConnTag.true: 	at com.tencent.mobileqq.msf.core.net.p.a(P:207)
09-13 15:34:04.057  5153  5628 E MSF.C.NetConnTag.true: 	at com.tencent.mobileqq.msf.core.net.p.a(P:203)
09-13 15:34:04.057  5153  5628 E MSF.C.NetConnTag.true: 	at com.tencent.mobileqq.msf.core.net.p.a(P:179)
09-13 15:34:04.057  5153  5628 E MSF.C.NetConnTag.true: 	at com.tencent.mobileqq.msf.core.net.p.b(P:40)
09-13 15:34:04.057  5153  5628 E MSF.C.NetConnTag.true: 	at com.tencent.mobileqq.msf.core.net.p.a(P:108)
09-13 15:34:04.057  5153  5628 E MSF.C.NetConnTag.true: 	at com.tencent.mobileqq.msf.core.net.p.q(P:1)
09-13 15:34:04.057  5153  5628 E MSF.C.NetConnTag.true: 	at com.tencent.mobileqq.msf.core.net.p.a(P:228)
09-13 15:34:04.057  5153  5628 E MSF.C.NetConnTag.true: 	at com.tencent.mobileqq.msf.core.ag$c.run(P:115)
09-13 15:34:04.058  5153  5628 D MSF.C.NetConnTag.true: open msfwifi.3g.qq.com:8080 failed connError_unreachable costTime: 4 configTimeout: 20000 noneProxy cross:0
09-13 15:34:04.133  5153  5372 I PERF_LOG: GC.happened gc!!!!!!!!!, 6981 ms interval from last time
09-13 15:34:04.153  7383  7383 I AutoRevokePermissions: Parsed teamfood setting value: null
09-13 15:34:04.160  7383  7383 I AutoRevokePermissions: Parsed teamfood setting value: null
09-13 15:34:04.161  7383  7383 I AutoRevokePermissions: scheduleAutoRevokePermissions with frequency 1296000000ms and threshold 7776000000ms
09-13 15:34:04.166  7383  7383 I AutoRevokePermissions: user 999 is a profile. Not running Auto Revoke.
09-13 15:34:04.486  1267  1323 I ActivityManager: Finished processing BOOT_COMPLETED for u999
09-13 15:34:04.802  5153  5153 D NetConnInfoCenter: receive broadcast Intent { act=android.intent.action.MEDIA_MOUNTED dat=file:///storage/emulated/0 flg=0x5000010 cmp=com.tencent.mobileqq/.msf.core.NetConnInfoCenter (has extras) }, init = true
09-13 15:34:04.857  5153  5153 D NetConnInfoCenter: receive broadcast Intent { act=android.intent.action.MEDIA_MOUNTED dat=file:///storage/emulated/0 flg=0x5000010 cmp=com.tencent.mobileqq/.msf.core.NetConnInfoCenter (has extras) }, init = true
09-13 15:34:04.918  5153  5153 D NetConnInfoCenter: receive broadcast Intent { act=android.intent.action.MEDIA_MOUNTED dat=file:///storage/emulated/0 flg=0x5000010 cmp=com.tencent.mobileqq/.msf.core.NetConnInfoCenter (has extras) }, init = true
09-13 15:34:05.002  5153  5153 D NetConnInfoCenter: receive broadcast Intent { act=android.intent.action.MEDIA_MOUNTED dat=file:///storage/caf-999 flg=0x5000010 cmp=com.tencent.mobileqq/.msf.core.NetConnInfoCenter (has extras) }, init = true
09-13 15:34:05.114  5153  5628 D MSF.C.NetConnTag.true: try open Conn OSwzPz8sf3VlLiMyLTEjM2RwN3orKWs5JS5qbGpgdXl6c2BkamJ1YHt5YmRgPiQ2OSZqOi80KWAkNjw4YGl/Ljg2NW5q noneProxy net:0 cross:0 protocalsocket
09-13 15:34:05.116  5153  5628 E MSF.C.NetConnTag.true: [openConn] socket has built, socketEngineID: 0socket: 118366573java.lang.Throwable
09-13 15:34:05.116  5153  5628 E MSF.C.NetConnTag.true: 	at com.tencent.mobileqq.msf.core.net.m.a(P:46)
09-13 15:34:05.116  5153  5628 E MSF.C.NetConnTag.true: 	at com.tencent.mobileqq.msf.core.net.p.a(P:207)
09-13 15:34:05.116  5153  5628 E MSF.C.NetConnTag.true: 	at com.tencent.mobileqq.msf.core.net.p.a(P:203)
09-13 15:34:05.116  5153  5628 E MSF.C.NetConnTag.true: 	at com.tencent.mobileqq.msf.core.net.p.a(P:179)
09-13 15:34:05.116  5153  5628 E MSF.C.NetConnTag.true: 	at com.tencent.mobileqq.msf.core.net.p.b(P:40)
09-13 15:34:05.116  5153  5628 E MSF.C.NetConnTag.true: 	at com.tencent.mobileqq.msf.core.net.p.a(P:108)
09-13 15:34:05.116  5153  5628 E MSF.C.NetConnTag.true: 	at com.tencent.mobileqq.msf.core.net.p.q(P:1)
09-13 15:34:05.116  5153  5628 E MSF.C.NetConnTag.true: 	at com.tencent.mobileqq.msf.core.net.p.a(P:228)
09-13 15:34:05.116  5153  5628 E MSF.C.NetConnTag.true: 	at com.tencent.mobileqq.msf.core.ag$c.run(P:115)
09-13 15:34:05.117  5153  5628 D MSF.C.NetConnTag.true: open msfwifi.3g.qq.com:8080 failed connError_unreachable costTime: 2 configTimeout: 20000 noneProxy cross:0
09-13 15:34:05.135  5153  5153 D NetConnInfoCenter: receive broadcast Intent { act=android.intent.action.MEDIA_MOUNTED dat=file:///storage/caf-999 flg=0x5000010 cmp=com.tencent.mobileqq/.msf.core.NetConnInfoCenter (has extras) }, init = true
09-13 15:34:06.162  5153  5628 D MSF.C.NetConnTag.true: try open Conn OSwzPz8sf3VlLiMyLTEjM2RwN3orKWs5JS5qbGpgdXl6c2BkamJ1YHt5YmRgPiQ2OSZqOi80KWAkNjw4YGl/Ljg2NW5q noneProxy net:0 cross:0 protocalsocket
09-13 15:34:06.163  5153  5628 E MSF.C.NetConnTag.true: [openConn] socket has built, socketEngineID: 0socket: 113694192java.lang.Throwable
09-13 15:34:06.163  5153  5628 E MSF.C.NetConnTag.true: 	at com.tencent.mobileqq.msf.core.net.m.a(P:46)
09-13 15:34:06.163  5153  5628 E MSF.C.NetConnTag.true: 	at com.tencent.mobileqq.msf.core.net.p.a(P:207)
09-13 15:34:06.163  5153  5628 E MSF.C.NetConnTag.true: 	at com.tencent.mobileqq.msf.core.net.p.a(P:203)
09-13 15:34:06.163  5153  5628 E MSF.C.NetConnTag.true: 	at com.tencent.mobileqq.msf.core.net.p.a(P:179)
09-13 15:34:06.163  5153  5628 E MSF.C.NetConnTag.true: 	at com.tencent.mobileqq.msf.core.net.p.b(P:40)
09-13 15:34:06.163  5153  5628 E MSF.C.NetConnTag.true: 	at com.tencent.mobileqq.msf.core.net.p.a(P:108)
09-13 15:34:06.163  5153  5628 E MSF.C.NetConnTag.true: 	at com.tencent.mobileqq.msf.core.net.p.q(P:1)
09-13 15:34:06.163  5153  5628 E MSF.C.NetConnTag.true: 	at com.tencent.mobileqq.msf.core.net.p.a(P:228)
09-13 15:34:06.163  5153  5628 E MSF.C.NetConnTag.true: 	at com.tencent.mobileqq.msf.core.ag$c.run(P:115)
09-13 15:34:06.165  5153  5628 D MSF.C.NetConnTag.true: open msfwifi.3g.qq.com:8080 failed connError_unreachable costTime: 2 configTimeout: 20000 noneProxy cross:0
09-13 15:34:07.209  5153  5628 D MSF.C.NetConnTag.true: try open Conn OSwzPz8sf3VlLiMyLTEjM2RwN3orKWs5JS5qbGpgdXl6c2BkamJ1YHt5YmRgPiQ2OSZqOi80KWAkNjw4YGl/Ljg2NW5q noneProxy net:0 cross:0 protocalsocket
09-13 15:34:07.210  5153  5628 E MSF.C.NetConnTag.true: [openConn] socket has built, socketEngineID: 0socket: 216377999java.lang.Throwable
09-13 15:34:07.210  5153  5628 E MSF.C.NetConnTag.true: 	at com.tencent.mobileqq.msf.core.net.m.a(P:46)
09-13 15:34:07.210  5153  5628 E MSF.C.NetConnTag.true: 	at com.tencent.mobileqq.msf.core.net.p.a(P:207)
09-13 15:34:07.210  5153  5628 E MSF.C.NetConnTag.true: 	at com.tencent.mobileqq.msf.core.net.p.a(P:203)
09-13 15:34:07.210  5153  5628 E MSF.C.NetConnTag.true: 	at com.tencent.mobileqq.msf.core.net.p.a(P:179)
09-13 15:34:07.210  5153  5628 E MSF.C.NetConnTag.true: 	at com.tencent.mobileqq.msf.core.net.p.b(P:40)
09-13 15:34:07.210  5153  5628 E MSF.C.NetConnTag.true: 	at com.tencent.mobileqq.msf.core.net.p.a(P:108)
09-13 15:34:07.210  5153  5628 E MSF.C.NetConnTag.true: 	at com.tencent.mobileqq.msf.core.net.p.q(P:1)
09-13 15:34:07.210  5153  5628 E MSF.C.NetConnTag.true: 	at com.tencent.mobileqq.msf.core.net.p.a(P:228)
09-13 15:34:07.210  5153  5628 E MSF.C.NetConnTag.true: 	at com.tencent.mobileqq.msf.core.ag$c.run(P:115)
09-13 15:34:07.211  5153  5628 D MSF.C.NetConnTag.true: open msfwifi.3g.qq.com:8080 failed connError_unreachable costTime: 1 configTimeout: 20000 noneProxy cross:0
09-13 15:34:07.212  5153  5628 D WifiDetector: WIFI detect onWifiAllConnFailed!
09-13 15:34:07.218  5153  5628 D WifiDetector: WIFI detect start failed, wifi is not connected!
09-13 15:34:07.219  5153  5628 D MSF.C.NetConnTag.true: msf can not get ssid
09-13 15:34:07.219  5153  5628 D MSF.C.NetConnTag.true: current network state: weakNet
09-13 15:34:07.219  5153  5628 D MSF.C.NetConnTag.true: msf can not get ssid
09-13 15:34:07.219  5153  5628 D MSF.C.NetConnTag.true: current network state: weakNet
09-13 15:34:07.244  5153  5628 D MSF.C.NetConnTag.true: p ok re2: 31038
09-13 15:34:07.245  5153  5628 D MSF.C.NetConnTag.: MsfCoreMsgSender worker run closeConn writeError
09-13 15:34:07.245  5153  5628 D MSF.C.NetConnTag.true: MsfCoreMsgSender closeConn socketEngineID: 0 socket hashcode: 216377999 for reason: writeError
09-13 15:34:07.247  5153  5628 E MSF.C.NetConnTag.true: close socket has done, socketEngineID: 0socket: 216377999java.lang.Throwable
09-13 15:34:07.247  5153  5628 E MSF.C.NetConnTag.true: 	at com.tencent.mobileqq.msf.core.net.m.b(P:71)
09-13 15:34:07.247  5153  5628 E MSF.C.NetConnTag.true: 	at com.tencent.mobileqq.msf.core.net.p.a(P:239)
09-13 15:34:07.247  5153  5628 E MSF.C.NetConnTag.true: 	at com.tencent.mobileqq.msf.core.ag.a(P:195)
09-13 15:34:07.247  5153  5628 E MSF.C.NetConnTag.true: 	at com.tencent.mobileqq.msf.core.ag$c.run(P:129)
09-13 15:34:07.248  5153  5628 D MSF.C.NetConnTag.true: MsfCoreMsgSender closeConn socketEngineID: 1 socket hashcode: 0 for reason: writeError
09-13 15:34:07.257  5153  5628 E MSF.C.NetConnTag.true: conn is already closed on writeError closeConn socketEngineID: 1 socket hashcode: 0java.lang.Throwable
09-13 15:34:07.257  5153  5628 E MSF.C.NetConnTag.true: 	at com.tencent.mobileqq.msf.core.net.m.b(P:27)
09-13 15:34:07.257  5153  5628 E MSF.C.NetConnTag.true: 	at com.tencent.mobileqq.msf.core.net.p.a(P:239)
09-13 15:34:07.257  5153  5628 E MSF.C.NetConnTag.true: 	at com.tencent.mobileqq.msf.core.ag.a(P:195)
09-13 15:34:07.257  5153  5628 E MSF.C.NetConnTag.true: 	at com.tencent.mobileqq.msf.core.ag$c.run(P:129)
09-13 15:34:07.258  5153  5628 D MSF.C.NetConnTag.DualConnContext.true:  reset
09-13 15:34:07.258  5153  5628 D MSF.C.NetConnTag.DualConnContext.true: removeConnectionChecker: remove connId = 0
09-13 15:34:07.258  5153  5628 D MSF.C.NetConnTag.DualConnContext.true: removeConnectionChecker: remove connId = 1
09-13 15:34:08.383  6950  7121 E libc    : Access denied finding property "ro.serialno"
09-13 15:34:08.380  6950  6950 W mars::cdn: type=1400 audit(0.0:4158): avc: denied { read } for name="u:object_r:serialno_prop:s0" dev="tmpfs" ino=1268 scontext=u:r:untrusted_app_29:s0:c208,c256,c512,c768 tcontext=u:object_r:serialno_prop:s0 tclass=file permissive=0 app=com.tencent.mm
09-13 15:34:08.384  6950  7121 E libc    : Access denied finding property "ro.serialno"
09-13 15:34:08.410  6950  7121 E libc    : Access denied finding property "ro.serialno"
09-13 15:34:08.413  6950  7121 I chatty  : uid=10208(com.tencent.mm) mars::cdn identical 2 lines
09-13 15:34:08.420  6950  7121 E libc    : Access denied finding property "ro.serialno"
09-13 15:34:08.994  5153  5554 W Settings: Setting airplane_mode_on has moved from android.provider.Settings.System to android.provider.Settings.Global, returning read-only value.
09-13 15:34:09.000  5153  5554 W Settings: Setting airplane_mode_on has moved from android.provider.Settings.System to android.provider.Settings.Global, returning read-only value.
09-13 15:34:09.006  5153  5554 I chatty  : uid=10211(com.tencent.mobileqq) MsfCheckDeepSle identical 2 lines
09-13 15:34:09.009  5153  5554 W Settings: Setting airplane_mode_on has moved from android.provider.Settings.System to android.provider.Settings.Global, returning read-only value.
09-13 15:34:09.404  5153  5531 D MSF.C.NetConnTag.true: preDetectTimeoutMsg cmd:PTc8Oz0xK3QvOzM8OzYiPxUmPSQ, ssoSeq:31038
09-13 15:34:09.480  5153  5403 D MemoryCeilingMonitor: [handleMemoryCalculate]
09-13 15:34:09.481  5153  5403 D MemoryCeilingMonitor: [calculate] tot: 3814933, max: 268435456, free: 315077, heap: 3499856, per: 0.01303797960281372
09-13 15:34:12.296  5153  5628 D MSF.C.NetConnTag.DualConnContext.true: tryDualConn
09-13 15:34:12.298  5153  5628 D MSF.C.NetConnTag.true: mainSocketEngineOpenConn start...activeIpFamily=0
09-13 15:34:12.298  5153  5628 D MSF.C.SsoListManager:  getAvailableSsoList ssoTypeKey = SocketWifiIpv4, curr size null
09-13 15:34:12.298  5153  5628 D MSF.C.SsoListManager:  getAvailableSsoList ssoTypeKey = SocketMobileIpv4, curr size null
09-13 15:34:12.298  5153  5628 D MSF.C.NetConnTag.true: mainSocketEngineOpenConn try single conn wifiSsoList=10, mobileSsoList=6
09-13 15:34:12.299  5153  5628 D MSF.C.NetConnTag.true: [setMainSocketEngineId] mainConnID: 0
09-13 15:34:12.301  5153  5628 W Settings: Setting airplane_mode_on has moved from android.provider.Settings.System to android.provider.Settings.Global, returning read-only value.
09-13 15:34:12.305  5153  5628 D MSF.C.NetConnTag.true: try open Conn OSwzPz8sf3VlLiMyLTEjM2RwN3orKWs5JS5qbGpgdXl6c2BkamJ1YHt5YmRgPiQ2OSZqOi80KWAkNjw4YGl/Ljg2NW5q noneProxy net:0 cross:0 protocalsocket
09-13 15:34:12.306  5153  5628 E MSF.C.NetConnTag.true: [openConn] socket has built, socketEngineID: 0socket: 21721864java.lang.Throwable
09-13 15:34:12.306  5153  5628 E MSF.C.NetConnTag.true: 	at com.tencent.mobileqq.msf.core.net.m.a(P:46)
09-13 15:34:12.306  5153  5628 E MSF.C.NetConnTag.true: 	at com.tencent.mobileqq.msf.core.net.p.a(P:207)
09-13 15:34:12.306  5153  5628 E MSF.C.NetConnTag.true: 	at com.tencent.mobileqq.msf.core.net.p.a(P:203)
09-13 15:34:12.306  5153  5628 E MSF.C.NetConnTag.true: 	at com.tencent.mobileqq.msf.core.net.p.a(P:179)
09-13 15:34:12.306  5153  5628 E MSF.C.NetConnTag.true: 	at com.tencent.mobileqq.msf.core.net.p.b(P:40)
09-13 15:34:12.306  5153  5628 E MSF.C.NetConnTag.true: 	at com.tencent.mobileqq.msf.core.net.p.a(P:108)
09-13 15:34:12.306  5153  5628 E MSF.C.NetConnTag.true: 	at com.tencent.mobileqq.msf.core.net.p.q(P:1)
09-13 15:34:12.306  5153  5628 E MSF.C.NetConnTag.true: 	at com.tencent.mobileqq.msf.core.net.p.a(P:217)
09-13 15:34:12.306  5153  5628 E MSF.C.NetConnTag.true: 	at com.tencent.mobileqq.msf.core.ag$c.run(P:115)
09-13 15:34:12.308  5153  5628 D MSF.C.NetConnTag.true: open msfwifi.3g.qq.com:8080 failed connError_unreachable costTime: 2 configTimeout: 20000 noneProxy cross:0
09-13 15:34:13.348  5153  5628 D MSF.C.NetConnTag.true: try open Conn OSwzPz8sf3VlLiMyLTEjM2RwN3orKWs5JS5qbGpgdXl6c2BkamJ1YHt5YmRgPiQ2OSZqOi80KWAkNjw4YGl/Ljg2NW5q noneProxy net:0 cross:0 protocalsocket
09-13 15:34:13.349  5153  5628 E MSF.C.NetConnTag.true: [openConn] socket has built, socketEngineID: 0socket: 79584391java.lang.Throwable
09-13 15:34:13.349  5153  5628 E MSF.C.NetConnTag.true: 	at com.tencent.mobileqq.msf.core.net.m.a(P:46)
09-13 15:34:13.349  5153  5628 E MSF.C.NetConnTag.true: 	at com.tencent.mobileqq.msf.core.net.p.a(P:207)
09-13 15:34:13.349  5153  5628 E MSF.C.NetConnTag.true: 	at com.tencent.mobileqq.msf.core.net.p.a(P:203)
09-13 15:34:13.349  5153  5628 E MSF.C.NetConnTag.true: 	at com.tencent.mobileqq.msf.core.net.p.a(P:179)
09-13 15:34:13.349  5153  5628 E MSF.C.NetConnTag.true: 	at com.tencent.mobileqq.msf.core.net.p.b(P:40)
09-13 15:34:13.349  5153  5628 E MSF.C.NetConnTag.true: 	at com.tencent.mobileqq.msf.core.net.p.a(P:108)
09-13 15:34:13.349  5153  5628 E MSF.C.NetConnTag.true: 	at com.tencent.mobileqq.msf.core.net.p.q(P:1)
09-13 15:34:13.349  5153  5628 E MSF.C.NetConnTag.true: 	at com.tencent.mobileqq.msf.core.net.p.a(P:217)
09-13 15:34:13.349  5153  5628 E MSF.C.NetConnTag.true: 	at com.tencent.mobileqq.msf.core.ag$c.run(P:115)
09-13 15:34:13.350  5153  5628 D MSF.C.NetConnTag.true: open msfwifi.3g.qq.com:8080 failed connError_unreachable costTime: 1 configTimeout: 20000 noneProxy cross:0
09-13 15:34:13.769  1267  1334 E BatteryStatsService: Unable to load Power Hal or power.stats HAL
09-13 15:34:13.918  5153  5153 D StandbyModeManager: onReceive action: android.intent.action.SCREEN_ON
09-13 15:34:13.931  5153  5153 D MSF.C.DeepSleepDetector: onScreenOn hasInDeepSleep false
09-13 15:34:14.030  5153  5153 D MSF.C.LogManager: onReceive broadcastreceiver.action = android.intent.action.SCREEN_ON
09-13 15:34:14.051  5153  5554 W Settings: Setting airplane_mode_on has moved from android.provider.Settings.System to android.provider.Settings.Global, returning read-only value.
09-13 15:34:14.053  5153  5554 I chatty  : uid=10211(com.tencent.mobileqq) MsfCheckDeepSle identical 1 line
09-13 15:34:14.055  5153  5554 W Settings: Setting airplane_mode_on has moved from android.provider.Settings.System to android.provider.Settings.Global, returning read-only value.
09-13 15:34:14.392  5153  5628 D MSF.C.NetConnTag.true: try open Conn OSwzPz8sf3VlLiMyLTEjM2RwN3orKWs5JS5qbGpgdXl6c2BkamJ1YHt5YmRgPiQ2OSZqOi80KWAkNjw4YGl/Ljg2NW5q noneProxy net:0 cross:0 protocalsocket
09-13 15:34:14.400  5153  5628 E MSF.C.NetConnTag.true: [openConn] socket has built, socketEngineID: 0socket: 192526162java.lang.Throwable
09-13 15:34:14.400  5153  5628 E MSF.C.NetConnTag.true: 	at com.tencent.mobileqq.msf.core.net.m.a(P:46)
09-13 15:34:14.400  5153  5628 E MSF.C.NetConnTag.true: 	at com.tencent.mobileqq.msf.core.net.p.a(P:207)
09-13 15:34:14.400  5153  5628 E MSF.C.NetConnTag.true: 	at com.tencent.mobileqq.msf.core.net.p.a(P:203)
09-13 15:34:14.400  5153  5628 E MSF.C.NetConnTag.true: 	at com.tencent.mobileqq.msf.core.net.p.a(P:179)
09-13 15:34:14.400  5153  5628 E MSF.C.NetConnTag.true: 	at com.tencent.mobileqq.msf.core.net.p.b(P:40)
09-13 15:34:14.400  5153  5628 E MSF.C.NetConnTag.true: 	at com.tencent.mobileqq.msf.core.net.p.a(P:108)
09-13 15:34:14.400  5153  5628 E MSF.C.NetConnTag.true: 	at com.tencent.mobileqq.msf.core.net.p.q(P:1)
09-13 15:34:14.400  5153  5628 E MSF.C.NetConnTag.true: 	at com.tencent.mobileqq.msf.core.net.p.a(P:217)
09-13 15:34:14.400  5153  5628 E MSF.C.NetConnTag.true: 	at com.tencent.mobileqq.msf.core.ag$c.run(P:115)
09-13 15:34:14.401  5153  5628 D MSF.C.NetConnTag.true: open msfwifi.3g.qq.com:8080 failed connError_unreachable costTime: 9 configTimeout: 20000 noneProxy cross:0
09-13 15:34:14.504  5153  5372 I PERF_LOG: GC.happened gc!!!!!!!!!, 10372 ms interval from last time
09-13 15:34:14.661  1267  1322 I ActivityTaskManager: Displayed com.vivo.daemonService/.unlock.RequestRecovery: +14s976ms
09-13 15:34:14.938  1267  2560 D BatteryStatsService: notePemString  noteWhich: 49,arg1: -2, arg2: -1, arg3: 1846, arg4: 360, name: com.android.systemui
09-13 15:34:14.966  6919  7214 I mars::stn: [longlink_connect_monitor.cc:119, __LongLinkStateToSystemLog]:longlink_progress longlink state: connect failed connect socket error, disconnected time: 57257
09-13 15:34:15.131  1267  1985 D BatteryStatsService: notePemString  noteWhich: 49,arg1: -2, arg2: -1, arg3: 1846, arg4: 360, name: com.android.systemui
09-13 15:34:15.443  5153  5628 D MSF.C.NetConnTag.true: try open Conn OSwzPz8sf3VlLiMyLTEjM2RwN3orKWs5JS5qbGpgdXl6c2BkamJ1YHt5YmRgPiQ2OSZqOi80KWAkNjw4YGl/Ljg2NW5q noneProxy net:0 cross:0 protocalsocket
09-13 15:34:15.443  5153  5628 E MSF.C.NetConnTag.true: [openConn] socket has built, socketEngineID: 0socket: 163380441java.lang.Throwable
09-13 15:34:15.443  5153  5628 E MSF.C.NetConnTag.true: 	at com.tencent.mobileqq.msf.core.net.m.a(P:46)
09-13 15:34:15.443  5153  5628 E MSF.C.NetConnTag.true: 	at com.tencent.mobileqq.msf.core.net.p.a(P:207)
09-13 15:34:15.443  5153  5628 E MSF.C.NetConnTag.true: 	at com.tencent.mobileqq.msf.core.net.p.a(P:203)
09-13 15:34:15.443  5153  5628 E MSF.C.NetConnTag.true: 	at com.tencent.mobileqq.msf.core.net.p.a(P:179)
09-13 15:34:15.443  5153  5628 E MSF.C.NetConnTag.true: 	at com.tencent.mobileqq.msf.core.net.p.b(P:40)
09-13 15:34:15.443  5153  5628 E MSF.C.NetConnTag.true: 	at com.tencent.mobileqq.msf.core.net.p.a(P:108)
09-13 15:34:15.443  5153  5628 E MSF.C.NetConnTag.true: 	at com.tencent.mobileqq.msf.core.net.p.q(P:1)
09-13 15:34:15.443  5153  5628 E MSF.C.NetConnTag.true: 	at com.tencent.mobileqq.msf.core.net.p.a(P:217)
09-13 15:34:15.443  5153  5628 E MSF.C.NetConnTag.true: 	at com.tencent.mobileqq.msf.core.ag$c.run(P:115)
09-13 15:34:15.444  5153  5628 D MSF.C.NetConnTag.true: open msfwifi.3g.qq.com:8080 failed connError_unreachable costTime: 1 configTimeout: 20000 noneProxy cross:0
09-13 15:34:15.444  5153  5628 D WifiDetector: WIFI detect onWifiAllConnFailed!
09-13 15:34:15.451  5153  5628 D WifiDetector: WIFI detect start failed, wifi is not connected!
09-13 15:34:15.451  5153  5628 D MSF.C.NetConnTag.true: msf can not get ssid
09-13 15:34:15.452  5153  5628 D MSF.C.NetConnTag.true: current network state: weakNet
09-13 15:34:15.452  5153  5628 D MSF.C.NetConnTag.true: msf can not get ssid
09-13 15:34:15.452  5153  5628 D MSF.C.NetConnTag.true: current network state: weakNet
09-13 15:34:15.454  5153  5628 D MSF.C.NetConnTag.true: p ok re1: [can not reuse old point]31038
09-13 15:34:15.454  5153  5628 D MSF.C.NetConnTag.true: mainSocketEngineOpenConn start...activeIpFamily=0
09-13 15:34:15.455  5153  5628 D MSF.C.SsoListManager:  getAvailableSsoList ssoTypeKey = SocketWifiIpv4, curr size null
09-13 15:34:15.455  5153  5628 D MSF.C.SsoListManager:  getAvailableSsoList ssoTypeKey = SocketMobileIpv4, curr size null
09-13 15:34:15.455  5153  5628 D MSF.C.NetConnTag.true: mainSocketEngineOpenConn try single conn wifiSsoList=10, mobileSsoList=6
09-13 15:34:15.455  5153  5628 D MSF.C.NetConnTag.true: [setMainSocketEngineId] mainConnID: 0
09-13 15:34:15.457  5153  5628 W Settings: Setting airplane_mode_on has moved from android.provider.Settings.System to android.provider.Settings.Global, returning read-only value.
09-13 15:34:15.458  5153  5628 D MSF.C.NetConnTag.true: try open Conn OSwzPz8sf3VlLiMyLTEjM2RwN3orKWs5JS5qbGpgdXl6c2BkamJ1YHt5YmRgPiQ2OSZqOi80KWAkNjw4YGl/Ljg2NW5q noneProxy net:0 cross:0 protocalsocket
09-13 15:34:15.459  5153  5628 E MSF.C.NetConnTag.true: [openConn] socket has built, socketEngineID: 0socket: 155666764java.lang.Throwable
09-13 15:34:15.459  5153  5628 E MSF.C.NetConnTag.true: 	at com.tencent.mobileqq.msf.core.net.m.a(P:46)
09-13 15:34:15.459  5153  5628 E MSF.C.NetConnTag.true: 	at com.tencent.mobileqq.msf.core.net.p.a(P:207)
09-13 15:34:15.459  5153  5628 E MSF.C.NetConnTag.true: 	at com.tencent.mobileqq.msf.core.net.p.a(P:203)
09-13 15:34:15.459  5153  5628 E MSF.C.NetConnTag.true: 	at com.tencent.mobileqq.msf.core.net.p.a(P:179)
09-13 15:34:15.459  5153  5628 E MSF.C.NetConnTag.true: 	at com.tencent.mobileqq.msf.core.net.p.b(P:40)
09-13 15:34:15.459  5153  5628 E MSF.C.NetConnTag.true: 	at com.tencent.mobileqq.msf.core.net.p.a(P:108)
09-13 15:34:15.459  5153  5628 E MSF.C.NetConnTag.true: 	at com.tencent.mobileqq.msf.core.net.p.q(P:1)
09-13 15:34:15.459  5153  5628 E MSF.C.NetConnTag.true: 	at com.tencent.mobileqq.msf.core.net.p.a(P:228)
09-13 15:34:15.459  5153  5628 E MSF.C.NetConnTag.true: 	at com.tencent.mobileqq.msf.core.ag$c.run(P:115)
09-13 15:34:15.459  5153  5628 D MSF.C.NetConnTag.true: open msfwifi.3g.qq.com:8080 failed connError_unreachable costTime: 1 configTimeout: 20000 noneProxy cross:0
09-13 15:34:15.497  6919  7214 I mars::stn: [longlink_connect_monitor.cc:257, __IntervalConnect]:longlink_progress next connect interval: 300000, process active state: true, process foreground: false
09-13 15:34:15.540  6919  7214 I mars::stn: [longlink_connect_monitor.cc:319, __AutoIntervalConnect]:longlink_progress set rebuild alarm, reason: rebuild longlink alarm, current time: 57831, next rebuild time interval: 286687
09-13 15:34:15.574  1267  1334 E BatteryStatsService: Unable to load Power Hal or power.stats HAL
09-13 15:34:16.503  5153  5628 D MSF.C.NetConnTag.true: try open Conn OSwzPz8sf3VlLiMyLTEjM2RwN3orKWs5JS5qbGpgdXl6c2BkamJ1YHt5YmRgPiQ2OSZqOi80KWAkNjw4YGl/Ljg2NW5q noneProxy net:0 cross:0 protocalsocket
09-13 15:34:16.503  5153  5628 E MSF.C.NetConnTag.true: [openConn] socket has built, socketEngineID: 0socket: 173722267java.lang.Throwable
09-13 15:34:16.503  5153  5628 E MSF.C.NetConnTag.true: 	at com.tencent.mobileqq.msf.core.net.m.a(P:46)
09-13 15:34:16.503  5153  5628 E MSF.C.NetConnTag.true: 	at com.tencent.mobileqq.msf.core.net.p.a(P:207)
09-13 15:34:16.503  5153  5628 E MSF.C.NetConnTag.true: 	at com.tencent.mobileqq.msf.core.net.p.a(P:203)
09-13 15:34:16.503  5153  5628 E MSF.C.NetConnTag.true: 	at com.tencent.mobileqq.msf.core.net.p.a(P:179)
09-13 15:34:16.503  5153  5628 E MSF.C.NetConnTag.true: 	at com.tencent.mobileqq.msf.core.net.p.b(P:40)
09-13 15:34:16.503  5153  5628 E MSF.C.NetConnTag.true: 	at com.tencent.mobileqq.msf.core.net.p.a(P:108)
09-13 15:34:16.503  5153  5628 E MSF.C.NetConnTag.true: 	at com.tencent.mobileqq.msf.core.net.p.q(P:1)
09-13 15:34:16.503  5153  5628 E MSF.C.NetConnTag.true: 	at com.tencent.mobileqq.msf.core.net.p.a(P:228)
09-13 15:34:16.503  5153  5628 E MSF.C.NetConnTag.true: 	at com.tencent.mobileqq.msf.core.ag$c.run(P:115)
09-13 15:34:16.504  5153  5628 D MSF.C.NetConnTag.true: open msfwifi.3g.qq.com:8080 failed connError_unreachable costTime: 1 configTimeout: 20000 noneProxy cross:0
09-13 15:34:17.545  5153  5628 D MSF.C.NetConnTag.true: try open Conn OSwzPz8sf3VlLiMyLTEjM2RwN3orKWs5JS5qbGpgdXl6c2BkamJ1YHt5YmRgPiQ2OSZqOi80KWAkNjw4YGl/Ljg2NW5q noneProxy net:0 cross:0 protocalsocket
09-13 15:34:17.546  5153  5628 E MSF.C.NetConnTag.true: [openConn] socket has built, socketEngineID: 0socket: 61750134java.lang.Throwable
09-13 15:34:17.546  5153  5628 E MSF.C.NetConnTag.true: 	at com.tencent.mobileqq.msf.core.net.m.a(P:46)
09-13 15:34:17.546  5153  5628 E MSF.C.NetConnTag.true: 	at com.tencent.mobileqq.msf.core.net.p.a(P:207)
09-13 15:34:17.546  5153  5628 E MSF.C.NetConnTag.true: 	at com.tencent.mobileqq.msf.core.net.p.a(P:203)
09-13 15:34:17.546  5153  5628 E MSF.C.NetConnTag.true: 	at com.tencent.mobileqq.msf.core.net.p.a(P:179)
09-13 15:34:17.546  5153  5628 E MSF.C.NetConnTag.true: 	at com.tencent.mobileqq.msf.core.net.p.b(P:40)
09-13 15:34:17.546  5153  5628 E MSF.C.NetConnTag.true: 	at com.tencent.mobileqq.msf.core.net.p.a(P:108)
09-13 15:34:17.546  5153  5628 E MSF.C.NetConnTag.true: 	at com.tencent.mobileqq.msf.core.net.p.q(P:1)
09-13 15:34:17.546  5153  5628 E MSF.C.NetConnTag.true: 	at com.tencent.mobileqq.msf.core.net.p.a(P:228)
09-13 15:34:17.546  5153  5628 E MSF.C.NetConnTag.true: 	at com.tencent.mobileqq.msf.core.ag$c.run(P:115)
09-13 15:34:17.547  5153  5628 D MSF.C.NetConnTag.true: open msfwifi.3g.qq.com:8080 failed connError_unreachable costTime: 1 configTimeout: 20000 noneProxy cross:0
09-13 15:34:18.552  8057  8057 I opjohnwu.magis: Late-enabling -Xcheck:jni
09-13 15:34:18.568  1267  1334 E BatteryStatsService: Unable to load Power Hal or power.stats HAL
09-13 15:34:18.570  8057  8057 I opjohnwu.magis: Unquickening 26 vdex files!
09-13 15:34:18.589  5153  5628 D MSF.C.NetConnTag.true: try open Conn OSwzPz8sf3VlLiMyLTEjM2RwN3orKWs5JS5qbGpgdXl6c2BkamJ1YHt5YmRgPiQ2OSZqOi80KWAkNjw4YGl/Ljg2NW5q noneProxy net:0 cross:0 protocalsocket
09-13 15:34:18.597  5153  5628 E MSF.C.NetConnTag.true: [openConn] socket has built, socketEngineID: 0socket: 226286157java.lang.Throwable
09-13 15:34:18.597  5153  5628 E MSF.C.NetConnTag.true: 	at com.tencent.mobileqq.msf.core.net.m.a(P:46)
09-13 15:34:18.597  5153  5628 E MSF.C.NetConnTag.true: 	at com.tencent.mobileqq.msf.core.net.p.a(P:207)
09-13 15:34:18.597  5153  5628 E MSF.C.NetConnTag.true: 	at com.tencent.mobileqq.msf.core.net.p.a(P:203)
09-13 15:34:18.597  5153  5628 E MSF.C.NetConnTag.true: 	at com.tencent.mobileqq.msf.core.net.p.a(P:179)
09-13 15:34:18.597  5153  5628 E MSF.C.NetConnTag.true: 	at com.tencent.mobileqq.msf.core.net.p.b(P:40)
09-13 15:34:18.597  5153  5628 E MSF.C.NetConnTag.true: 	at com.tencent.mobileqq.msf.core.net.p.a(P:108)
09-13 15:34:18.597  5153  5628 E MSF.C.NetConnTag.true: 	at com.tencent.mobileqq.msf.core.net.p.q(P:1)
09-13 15:34:18.597  5153  5628 E MSF.C.NetConnTag.true: 	at com.tencent.mobileqq.msf.core.net.p.a(P:228)
09-13 15:34:18.597  5153  5628 E MSF.C.NetConnTag.true: 	at com.tencent.mobileqq.msf.core.ag$c.run(P:115)
09-13 15:34:18.598  5153  5628 D MSF.C.NetConnTag.true: open msfwifi.3g.qq.com:8080 failed connError_unreachable costTime: 8 configTimeout: 20000 noneProxy cross:0
09-13 15:34:18.599  5153  5628 D WifiDetector: WIFI detect onWifiAllConnFailed!
09-13 15:34:18.604  5153  5628 D WifiDetector: WIFI detect start failed, wifi is not connected!
09-13 15:34:18.604  5153  5628 D MSF.C.NetConnTag.true: msf can not get ssid
09-13 15:34:18.604  5153  5628 D MSF.C.NetConnTag.true: current network state: weakNet
09-13 15:34:18.604  5153  5628 D MSF.C.NetConnTag.true: msf can not get ssid
09-13 15:34:18.604  5153  5628 D MSF.C.NetConnTag.true: current network state: weakNet
09-13 15:34:18.612  5153  5628 D MSF.C.NetConnTag.true: p ok re2: 31038
09-13 15:34:18.612  5153  5628 D MSF.C.NetConnTag.: MsfCoreMsgSender worker run closeConn writeError
09-13 15:34:18.613  5153  5628 D MSF.C.NetConnTag.true: MsfCoreMsgSender closeConn socketEngineID: 0 socket hashcode: 226286157 for reason: writeError
09-13 15:34:18.614  5153  5628 E MSF.C.NetConnTag.true: close socket has done, socketEngineID: 0socket: 226286157java.lang.Throwable
09-13 15:34:18.614  5153  5628 E MSF.C.NetConnTag.true: 	at com.tencent.mobileqq.msf.core.net.m.b(P:71)
09-13 15:34:18.614  5153  5628 E MSF.C.NetConnTag.true: 	at com.tencent.mobileqq.msf.core.net.p.a(P:239)
09-13 15:34:18.614  5153  5628 E MSF.C.NetConnTag.true: 	at com.tencent.mobileqq.msf.core.ag.a(P:195)
09-13 15:34:18.614  5153  5628 E MSF.C.NetConnTag.true: 	at com.tencent.mobileqq.msf.core.ag$c.run(P:129)
09-13 15:34:18.614  5153  5628 D MSF.C.NetConnTag.true: MsfCoreMsgSender closeConn socketEngineID: 1 socket hashcode: 0 for reason: writeError
09-13 15:34:18.614  5153  5628 E MSF.C.NetConnTag.true: conn is already closed on writeError closeConn socketEngineID: 1 socket hashcode: 0java.lang.Throwable
09-13 15:34:18.614  5153  5628 E MSF.C.NetConnTag.true: 	at com.tencent.mobileqq.msf.core.net.m.b(P:27)
09-13 15:34:18.614  5153  5628 E MSF.C.NetConnTag.true: 	at com.tencent.mobileqq.msf.core.net.p.a(P:239)
09-13 15:34:18.614  5153  5628 E MSF.C.NetConnTag.true: 	at com.tencent.mobileqq.msf.core.ag.a(P:195)
09-13 15:34:18.614  5153  5628 E MSF.C.NetConnTag.true: 	at com.tencent.mobileqq.msf.core.ag$c.run(P:129)
09-13 15:34:18.614  5153  5628 D MSF.C.NetConnTag.DualConnContext.true:  reset
09-13 15:34:18.614  5153  5628 D MSF.C.NetConnTag.DualConnContext.true: removeConnectionChecker: remove connId = 0
