09-13 15:33:49.286  5153  5628 D MSF.C.NetConnTag.true: mainSocketEngineOpenConn try single conn wifiSsoList=10, mobileSsoList=6
09-13 15:33:49.286  5153  5628 D MSF.C.NetConnTag.true: [setMainSocketEngineId] mainConnID: 0
09-13 15:33:49.295  5153  5153 D MsfInitCost: MSF_Alive_Log ServiceInitCost: 1218
09-13 15:33:49.296  5153  5153 D MSF.S.MsfService: MSF_Alive_Log serivce onStart: null
09-13 15:33:49.300  5153  5725 I SharedPreferencesProxy: create new ContentProviderClient: crashcontrol
09-13 15:33:49.312  5153  5153 D MSFAliveManager: startupType = 4, firstStartup = true, bootTime = 1663054397708, lastStartupTime = 1663052853654, isOffline = true, recordDay = 19248, currentDay = 19248, times=-1, sFromType = 2sStartupBroadcast = android.intent.action.BOOT_COMPLETED
09-13 15:33:49.331  5153  5655 D PandoraEx.MonitorReporter: module[sensor], systemApi[SM#G_DS#I], scene[back], strategy[normal], isSystemCall[true
09-13 15:33:49.331  5153  5655 D StepCounterManager: enable refactored step counter
09-13 15:33:49.332  5153  5655 D HealthStepCounter: msf service onServiceCreated, autoBoot:true
09-13 15:33:49.339  5153  5655 D StepDataStoreImpl: reboot happened: autoBoot:true , hasShutdown:false
09-13 15:33:49.340  5153  5655 D PandoraEx.MonitorReporter: module[sensor], systemApi[SM#G_DS#I], scene[back], strategy[normal], isSystemCall[true
09-13 15:33:49.341  5153  5655 D PandoraEx.MonitorReporter: module[sensor], systemApi[SM#RL#SSII], scene[back], strategy[normal], isSystemCall[true
09-13 15:33:49.346  5153  5628 W Settings: Setting airplane_mode_on has moved from android.provider.Settings.System to android.provider.Settings.Global, returning read-only value.
09-13 15:33:49.374  5153  5628 D MSF.C.NetConnTag.true: try open Conn OSwzPz8sf3VlLiMyLTEjM2RwN3orKWs5JS5qbGpgdXl6c2BkamJ1YHt5YmRgPiQ2OSZqOi80KWAkNjw4YGl/Ljg2NW5q noneProxy net:0 cross:0 protocalsocket
09-13 15:33:49.375  5153  5628 E MSF.C.NetConnTag.true: [openConn] socket has built, socketEngineID: 0socket: 156641446java.lang.Throwable
09-13 15:33:49.375  5153  5628 E MSF.C.NetConnTag.true: 	at com.tencent.mobileqq.msf.core.net.m.a(P:46)
09-13 15:33:49.375  5153  5628 E MSF.C.NetConnTag.true: 	at com.tencent.mobileqq.msf.core.net.p.a(P:207)
09-13 15:33:49.375  5153  5628 E MSF.C.NetConnTag.true: 	at com.tencent.mobileqq.msf.core.net.p.a(P:203)
09-13 15:33:49.375  5153  5628 E MSF.C.NetConnTag.true: 	at com.tencent.mobileqq.msf.core.net.p.a(P:179)
09-13 15:33:49.375  5153  5628 E MSF.C.NetConnTag.true: 	at com.tencent.mobileqq.msf.core.net.p.b(P:40)
09-13 15:33:49.375  5153  5628 E MSF.C.NetConnTag.true: 	at com.tencent.mobileqq.msf.core.net.p.a(P:108)
09-13 15:33:49.375  5153  5628 E MSF.C.NetConnTag.true: 	at com.tencent.mobileqq.msf.core.net.p.q(P:1)
09-13 15:33:49.375  5153  5628 E MSF.C.NetConnTag.true: 	at com.tencent.mobileqq.msf.core.net.p.a(P:217)
09-13 15:33:49.375  5153  5628 E MSF.C.NetConnTag.true: 	at com.tencent.mobileqq.msf.core.ag$c.run(P:115)
09-13 15:33:49.376  5153  5655 D MSF.C.MsfCore: MsfCore init health step cost=123
09-13 15:33:49.377  5153  5628 D MSF.C.NetConnTag.true: open msfwifi.3g.qq.com:8080 failed connError_unreachable costTime: 1 configTimeout: 20000 noneProxy cross:0
09-13 15:33:49.377  5153  5655 I SharedPreferencesProxy: create new ContentProviderClient: quic_res_config
09-13 15:33:49.396  5153  5655 I MSF.C.MsfCore: init quic_enable=1 version=0 libpath=null
09-13 15:33:49.396  5153  5655 D MemoryCeilingMonitor: [detect] start detect memory.
09-13 15:33:49.397  5153  5403 D MemoryCeilingMonitor: [handleReportStart]
09-13 15:33:49.444  5153  5372 I PERF_LOG: GC.happened gc!!!!!!!!!, 227 ms interval from last time
09-13 15:33:49.564  5153  5372 I PERF_LOG: GC.happened gc!!!!!!!!!, 120 ms interval from last time
09-13 15:33:50.434  5153  5628 D MSF.C.NetConnTag.true: try open Conn OSwzPz8sf3VlLiMyLTEjM2RwN3orKWs5JS5qbGpgdXl6c2BkamJ1YHt5YmRgPiQ2OSZqOi80KWAkNjw4YGl/Ljg2NW5q noneProxy net:0 cross:0 protocalsocket
09-13 15:33:50.435  5153  5628 E MSF.C.NetConnTag.true: [openConn] socket has built, socketEngineID: 0socket: 84342403java.lang.Throwable
09-13 15:33:50.435  5153  5628 E MSF.C.NetConnTag.true: 	at com.tencent.mobileqq.msf.core.net.m.a(P:46)
09-13 15:33:50.435  5153  5628 E MSF.C.NetConnTag.true: 	at com.tencent.mobileqq.msf.core.net.p.a(P:207)
09-13 15:33:50.435  5153  5628 E MSF.C.NetConnTag.true: 	at com.tencent.mobileqq.msf.core.net.p.a(P:203)
09-13 15:33:50.435  5153  5628 E MSF.C.NetConnTag.true: 	at com.tencent.mobileqq.msf.core.net.p.a(P:179)
09-13 15:33:50.435  5153  5628 E MSF.C.NetConnTag.true: 	at com.tencent.mobileqq.msf.core.net.p.b(P:40)
09-13 15:33:50.435  5153  5628 E MSF.C.NetConnTag.true: 	at com.tencent.mobileqq.msf.core.net.p.a(P:108)
09-13 15:33:50.435  5153  5628 E MSF.C.NetConnTag.true: 	at com.tencent.mobileqq.msf.core.net.p.q(P:1)
09-13 15:33:50.435  5153  5628 E MSF.C.NetConnTag.true: 	at com.tencent.mobileqq.msf.core.net.p.a(P:217)
09-13 15:33:50.435  5153  5628 E MSF.C.NetConnTag.true: 	at com.tencent.mobileqq.msf.core.ag$c.run(P:115)
09-13 15:33:50.437  5153  5628 D MSF.C.NetConnTag.true: open msfwifi.3g.qq.com:8080 failed connError_unreachable costTime: 2 configTimeout: 20000 noneProxy cross:0
09-13 15:33:50.660  5285  5312 D QLogManager: QLog init
09-13 15:33:50.694  5285  5312 D LogWriterManager: initLog: useNewLog false MSF_IS_COLOR_LEVEL=false fullEncryptedLogMode=false DebugVersion=false EncryptedKey=TDWvDnjgbw2SAVPhMBz7ciwYgJBuXkf+5leoojo0RM/3Yp5dckVQHPctwiWhvlbHqENXP/aP/2m9ydkhBt1Rgn2Xq8xtP81lvFZV1pQUyB6Qvc0t+nhW64YVJX7I/xvwOm+kV1tzY7Vqk33dN0YFHIEt3ymUvo3NwgOyCcn/gdlRUIXHmBFZgizQYArJUG+s/zvC3PdtSDu8gMeFrWEUYffe6hk13zchGR2AqYCyWUAi6Nt9BhzA9m7u+C/W2ZR9PNnEE7lRsxtTCUs5wVFLmsSk0vQExvsLVFUm7CikyYhNHOxeteRswBltDgufPEx9lrCyEKCmJ7ry2VMSCPmfpw== QLog.isColorLevel()=false UIN_REPORTLOG_LEVEL=1
09-13 15:33:50.694  5285  5312 D StorageFileMonitor: onFileOperate runtime not ready
09-13 15:33:50.710  5285  5312 W System.err: java.lang.ClassNotFoundException: java.nio.CharArrayBuffer
09-13 15:33:50.711  5285  5312 W System.err: 	at java.lang.Class.classForName(Native Method)
09-13 15:33:50.711  5285  5312 W System.err: 	at java.lang.Class.forName(Class.java:454)
09-13 15:33:50.711  5285  5312 W System.err: 	at java.lang.Class.forName(Class.java:379)
09-13 15:33:50.711  5285  5312 W System.err: 	at com.tencent.qphone.base.util.log.QLogWriter.wrap(P:11)
09-13 15:33:50.711  5285  5312 W System.err: 	at com.tencent.qphone.base.util.log.QLogWriter.write(P:4)
09-13 15:33:50.711  5285  5312 W System.err: 	at com.tencent.qphone.base.util.log.QBufferedWriter.flushBuffer(P:5)
09-13 15:33:50.711  5285  5312 W System.err: 	at com.tencent.qphone.base.util.log.QBufferedWriter.flush(P:2)
09-13 15:33:50.711  5285  5312 W System.err: 	at com.tencent.qphone.base.util.LogWriterManager.writeLogItem(P:21)
09-13 15:33:50.711  5285  5312 W System.err: 	at com.tencent.qphone.base.util.LogWriterManager.writeLogItems(P:10)
09-13 15:33:50.711  5285  5312 W System.err: 	at com.tencent.qphone.base.util.QLogItemManager.writeLogItems(P:3)
09-13 15:33:50.711  5285  5312 W System.err: 	at com.tencent.qphone.base.util.QLogItemManager.access$100(P:1)
09-13 15:33:50.711  5285  5312 W System.err: 	at com.tencent.qphone.base.util.QLogItemManager$WriteHandler.handleMessage(P:12)
09-13 15:33:50.711  5285  5312 W System.err: 	at android.os.Handler.dispatchMessage(Handler.java:106)
09-13 15:33:50.712  5285  5312 W System.err: 	at android.os.Looper.loop(Looper.java:257)
09-13 15:33:50.712  5285  5312 W System.err: 	at android.os.HandlerThread.run(HandlerThread.java:67)
09-13 15:33:50.712  5285  5312 W System.err: Caused by: java.lang.ClassNotFoundException: java.nio.CharArrayBuffer
09-13 15:33:50.712  5285  5312 W System.err: 	... 15 more
09-13 15:33:51.004  5153  5371 D AutoMonitor: Step, cost=0 results: true
09-13 15:33:51.016  5153  6084 I SharedPreferencesProxy: create new ContentProviderClient: dpcConfig
09-13 15:33:51.035  5285  6091 D StorageFileMonitor: onFileOperate runtime not ready
09-13 15:33:51.497  5153  5628 D MSF.C.NetConnTag.true: try open Conn OSwzPz8sf3VlLiMyLTEjM2RwN3orKWs5JS5qbGpgdXl6c2BkamJ1YHt5YmRgPiQ2OSZqOi80KWAkNjw4YGl/Ljg2NW5q noneProxy net:0 cross:0 protocalsocket
09-13 15:33:51.497  5153  5628 E MSF.C.NetConnTag.true: [openConn] socket has built, socketEngineID: 0socket: 20477919java.lang.Throwable
09-13 15:33:51.497  5153  5628 E MSF.C.NetConnTag.true: 	at com.tencent.mobileqq.msf.core.net.m.a(P:46)
09-13 15:33:51.497  5153  5628 E MSF.C.NetConnTag.true: 	at com.tencent.mobileqq.msf.core.net.p.a(P:207)
09-13 15:33:51.497  5153  5628 E MSF.C.NetConnTag.true: 	at com.tencent.mobileqq.msf.core.net.p.a(P:203)
09-13 15:33:51.497  5153  5628 E MSF.C.NetConnTag.true: 	at com.tencent.mobileqq.msf.core.net.p.a(P:179)
09-13 15:33:51.497  5153  5628 E MSF.C.NetConnTag.true: 	at com.tencent.mobileqq.msf.core.net.p.b(P:40)
09-13 15:33:51.497  5153  5628 E MSF.C.NetConnTag.true: 	at com.tencent.mobileqq.msf.core.net.p.a(P:108)
09-13 15:33:51.497  5153  5628 E MSF.C.NetConnTag.true: 	at com.tencent.mobileqq.msf.core.net.p.q(P:1)
09-13 15:33:51.497  5153  5628 E MSF.C.NetConnTag.true: 	at com.tencent.mobileqq.msf.core.net.p.a(P:217)
09-13 15:33:51.497  5153  5628 E MSF.C.NetConnTag.true: 	at com.tencent.mobileqq.msf.core.ag$c.run(P:115)
09-13 15:33:51.498  5153  5628 D MSF.C.NetConnTag.true: open msfwifi.3g.qq.com:8080 failed connError_unreachable costTime: 1 configTimeout: 20000 noneProxy cross:0
09-13 15:33:51.776  5153  5372 I PERF_LOG: GC.happened gc!!!!!!!!!, 2213 ms interval from last time
09-13 15:33:51.789  5153  6084 D UnifiedMonitor: dpc string user_ratio_0=0.0002|max_stackdep_0=8|user_ratio_3=0.01|user_ratio_4=0.001|user_ratio_5=0.001|user_ratio_6=0|max_stackdep_7=10|user_ratio_9=0.01|max_report_9=100|event_ratio_9=1|user_ratio_7=0.001|user_ratio_13=0.001|user_ratio_1000=0.0008|user_ratio_1009=0.02|max_report_1009=5|event_ratio_1009=0.01
09-13 15:33:51.791  5285  5339 I PERF_LOG: GC.happened gc!!!!!!!!!, 3908 ms interval from last time
09-13 15:33:51.792  5153  6084 D UnifiedMonitor: Conf debug=false gray=false public=true vip=false clr=false
09-13 15:33:51.792  5153  6084 D UnifiedMonitor: Conf FAMILY_LOOPER, r=false, es=0.1 us8.0E-4 mx=10 thres=100
09-13 15:33:51.792  5153  6084 D UnifiedMonitor: Conf FAMILY_OBSERVER, r=false, es=0.1 us0.001 mx=10 thres=100
09-13 15:33:51.793  5153  6084 D UnifiedMonitor: Conf FAMILY_IMAGE_DRAWABLE, r=false, es=0.1 us0.001 mx=10 thres=100
09-13 15:33:51.793  5153  6084 D UnifiedMonitor: Conf FAMILY_IMAGE_VIEW, r=false, es=0.1 us0.01 mx=10 thres=100
09-13 15:33:51.793  5153  6084 D UnifiedMonitor: Conf FAMILY_SUB_TASK, r=false, es=1.0 us0.001 mx=2 thres=180000
09-13 15:33:51.793  5153  6084 D UnifiedMonitor: Conf FAMILY_FILE_TASK, r=false, es=1.0 us0.001 mx=2 thres=180000
09-13 15:33:51.793  5153  6084 D UnifiedMonitor: Conf FAMILY_BG_TASK, r=false, es=0.001 us0.0 mx=10 thres=1000
09-13 15:33:51.793  5153  6084 D UnifiedMonitor: Conf FAMILY_MSF_MSG, r=false, es=1.0 us0.001 mx=2 thres=180000
09-13 15:33:51.793  5153  6084 D UnifiedMonitor: Conf FAMILY_MSF_MSG_HIGH_PRIORITY, r=false, es=0.1 us0.001 mx=10 thres=0
09-13 15:33:51.793  5153  6084 D UnifiedMonitor: Conf FAMILY_ACT_TIME, r=false, es=0.01 us0.02 mx=5 thres=100
09-13 15:33:51.793  5153  6084 D UnifiedMonitor: Conf FAMILY_SCENE_SMOOTH, r=false, es=0.1 us0.001 mx=10 thres=100
09-13 15:33:51.793  5153  6084 D UnifiedMonitor: Conf FAMILY_DROP_FRAME, r=false, es=0.01 us-0.0 mx=1 thres=100100005
09-13 15:33:51.793  5153  6084 D UnifiedMonitor: Conf FAMILY_CPU_STATS, r=false, es=0.01 us0.01 mx=5 thres=100
09-13 15:33:51.793  5153  6084 D UnifiedMonitor: Conf FAMILY_NEW_FPS, r=false, es=1.0 us0.001 mx=10 thres=180000
09-13 15:33:51.793  5153  6084 D UnifiedMonitor: Conf FAMILY_RECENT, r=false, es=0.01 us0.001 mx=5 thres=100
09-13 15:33:51.793  5153  6084 D UnifiedMonitor: Conf FAMILY_QZONE_LOOPER, r=false, es=1.0 us0.001 mx=2 thres=600000
09-13 15:33:51.793  5153  6084 D UnifiedMonitor: Conf FAMILY_MSF_SENDER, r=false, es=1.0 us0.001 mx=2 thres=180000
09-13 15:33:51.793  5153  6084 D UnifiedMonitor: Conf FAMILY_MSF_RECVER, r=false, es=1.0 us0.001 mx=2 thres=180000
09-13 15:33:51.793  5153  6084 D UnifiedMonitor: Conf FAMILY_MSF_LIGHT_SENDER, r=false, es=1.0 us0.001 mx=2 thres=180000
09-13 15:33:51.793  5153  6084 D UnifiedMonitor: Conf FAMILY_MSF_NETWORK, r=false, es=0.01 us0.001 mx=5 thres=100
09-13 15:33:51.793  5153  6084 D UnifiedMonitor: Conf FAMILY_TOOL_LOOPER, r=false, es=0.01 us0.01 mx=10 thres=100
09-13 15:33:51.793  5153  6084 D UnifiedMonitor: Conf FAMILY_SCENE_PERF, r=false, es=1.0 us0.001 mx=2 thres=180000
09-13 15:33:52.434  5153  5447 I WeaknetNew: MSF_StatReportThread WeaknetChanged (1), Normal to Weaknet, reason:(0, 1)
09-13 15:33:52.443  5153  5447 D WeaknetNew: send weakNet status change broadcast, isWeakNet: true, reason: 1
09-13 15:33:52.446  5153  5447 W System.err: java.lang.NullPointerException: Attempt to invoke virtual method 'java.lang.String android.net.wifi.WifiInfo.getBSSID()' on a null object reference
09-13 15:33:52.449  5153  5447 W System.err: 	at com.tencent.qmethod.pandoraex.monitor.NetworkMonitor.getBSSID(P:9)
09-13 15:33:52.449  5153  5447 W System.err: 	at com.tencent.mobileqq.msf.sdk.a.a.a(P:121)
09-13 15:33:52.449  5153  5447 W System.err: 	at com.tencent.mobileqq.msf.core.ao.a(P:19)
09-13 15:33:52.449  5153  5447 W System.err: 	at com.tencent.mobileqq.msf.core.ao.c(P:14)
09-13 15:33:52.449  5153  5447 W System.err: 	at com.tencent.mobileqq.msf.core.ao.a(P:2)
09-13 15:33:52.450  5153  5447 W System.err: 	at com.tencent.mobileqq.msf.core.ao$c.run(P:5)
09-13 15:33:52.451  5153  5447 W System.err: 	at android.os.Handler.handleCallback(Handler.java:938)
09-13 15:33:52.451  5153  5447 W System.err: 	at android.os.Handler.dispatchMessage(Handler.java:99)
09-13 15:33:52.451  5153  5447 W System.err: 	at android.os.Looper.loop(Looper.java:257)
09-13 15:33:52.451  5153  5447 W System.err: 	at android.os.HandlerThread.run(HandlerThread.java:67)
09-13 15:33:52.542  5153  5628 D MSF.C.NetConnTag.true: try open Conn OSwzPz8sf3VlLiMyLTEjM2RwN3orKWs5JS5qbGpgdXl6c2BkamJ1YHt5YmRgPiQ2OSZqOi80KWAkNjw4YGl/Ljg2NW5q noneProxy net:0 cross:0 protocalsocket
09-13 15:33:52.542  5153  5628 E MSF.C.NetConnTag.true: [openConn] socket has built, socketEngineID: 0socket: 251974852java.lang.Throwable
09-13 15:33:52.542  5153  5628 E MSF.C.NetConnTag.true: 	at com.tencent.mobileqq.msf.core.net.m.a(P:46)
09-13 15:33:52.542  5153  5628 E MSF.C.NetConnTag.true: 	at com.tencent.mobileqq.msf.core.net.p.a(P:207)
09-13 15:33:52.542  5153  5628 E MSF.C.NetConnTag.true: 	at com.tencent.mobileqq.msf.core.net.p.a(P:203)
09-13 15:33:52.542  5153  5628 E MSF.C.NetConnTag.true: 	at com.tencent.mobileqq.msf.core.net.p.a(P:179)
09-13 15:33:52.542  5153  5628 E MSF.C.NetConnTag.true: 	at com.tencent.mobileqq.msf.core.net.p.b(P:40)
09-13 15:33:52.542  5153  5628 E MSF.C.NetConnTag.true: 	at com.tencent.mobileqq.msf.core.net.p.a(P:108)
09-13 15:33:52.542  5153  5628 E MSF.C.NetConnTag.true: 	at com.tencent.mobileqq.msf.core.net.p.q(P:1)
09-13 15:33:52.542  5153  5628 E MSF.C.NetConnTag.true: 	at com.tencent.mobileqq.msf.core.net.p.a(P:217)
09-13 15:33:52.542  5153  5628 E MSF.C.NetConnTag.true: 	at com.tencent.mobileqq.msf.core.ag$c.run(P:115)
09-13 15:33:52.543  5153  5628 D MSF.C.NetConnTag.true: open msfwifi.3g.qq.com:8080 failed connError_unreachable costTime: 1 configTimeout: 20000 noneProxy cross:0
09-13 15:33:52.543  5153  5628 D WifiDetector: WIFI detect onWifiAllConnFailed!
09-13 15:33:52.552  5153  5628 D WifiDetector: WIFI detect start failed, wifi is not connected!
09-13 15:33:52.553  5153  5628 D MSF.C.NetConnTag.true: msf can not get ssid
09-13 15:33:52.553  5153  5628 D MSF.C.NetConnTag.true: current network state: weakNet
09-13 15:33:52.553  5153  5628 D MSF.C.NetConnTag.true: msf can not get ssid
09-13 15:33:52.553  5153  5628 D MSF.C.NetConnTag.true: current network state: weakNet
09-13 15:33:52.554  5285  5339 I PERF_LOG: GC.happened gc!!!!!!!!!, 763 ms interval from last time
09-13 15:33:52.555  5153  5628 D MSF.C.NetConnTag.true: p ok re1: [can not reuse old point]31038
09-13 15:33:52.558  5153  5628 D MSF.C.NetConnTag.true: mainSocketEngineOpenConn start...activeIpFamily=0
09-13 15:33:52.558  5153  5628 D MSF.C.SsoListManager:  getAvailableSsoList ssoTypeKey = SocketWifiIpv4, curr size null
09-13 15:33:52.558  5153  5628 D MSF.C.SsoListManager:  getAvailableSsoList ssoTypeKey = SocketMobileIpv4, curr size null
09-13 15:33:52.558  5153  5628 D MSF.C.NetConnTag.true: mainSocketEngineOpenConn try single conn wifiSsoList=10, mobileSsoList=6
09-13 15:33:52.558  5153  5628 D MSF.C.NetConnTag.true: [setMainSocketEngineId] mainConnID: 0
09-13 15:33:52.561  5153  5628 W Settings: Setting airplane_mode_on has moved from android.provider.Settings.System to android.provider.Settings.Global, returning read-only value.
09-13 15:33:52.565  5153  5628 D MSF.C.NetConnTag.true: try open Conn OSwzPz8sf3VlLiMyLTEjM2RwN3orKWs5JS5qbGpgdXl6c2BkamJ1YHt5YmRgPiQ2OSZqOi80KWAkNjw4YGl/Ljg2NW5q noneProxy net:0 cross:0 protocalsocket
09-13 15:33:52.565  5153  5628 E MSF.C.NetConnTag.true: [openConn] socket has built, socketEngineID: 0socket: 90343027java.lang.Throwable
09-13 15:33:52.565  5153  5628 E MSF.C.NetConnTag.true: 	at com.tencent.mobileqq.msf.core.net.m.a(P:46)
09-13 15:33:52.565  5153  5628 E MSF.C.NetConnTag.true: 	at com.tencent.mobileqq.msf.core.net.p.a(P:207)
09-13 15:33:52.565  5153  5628 E MSF.C.NetConnTag.true: 	at com.tencent.mobileqq.msf.core.net.p.a(P:203)
09-13 15:33:52.565  5153  5628 E MSF.C.NetConnTag.true: 	at com.tencent.mobileqq.msf.core.net.p.a(P:179)
09-13 15:33:52.565  5153  5628 E MSF.C.NetConnTag.true: 	at com.tencent.mobileqq.msf.core.net.p.b(P:40)
09-13 15:33:52.565  5153  5628 E MSF.C.NetConnTag.true: 	at com.tencent.mobileqq.msf.core.net.p.a(P:108)
09-13 15:33:52.565  5153  5628 E MSF.C.NetConnTag.true: 	at com.tencent.mobileqq.msf.core.net.p.q(P:1)
09-13 15:33:52.565  5153  5628 E MSF.C.NetConnTag.true: 	at com.tencent.mobileqq.msf.core.net.p.a(P:228)
09-13 15:33:52.565  5153  5628 E MSF.C.NetConnTag.true: 	at com.tencent.mobileqq.msf.core.ag$c.run(P:115)
09-13 15:33:52.566  5153  5628 D MSF.C.NetConnTag.true: open msfwifi.3g.qq.com:8080 failed connError_unreachable costTime: 1 configTimeout: 20000 noneProxy cross:0
09-13 15:33:52.804  5285  5318 D NativeTrafficMonitorHelper: init from OpenNativeTrafficMonitor
09-13 15:33:52.805  5285  5318 D NativeTrafficMonitorHelper: stepUpNativeTrafficMonitor
09-13 15:33:52.809  5285  5318 D MSF.D.AppNetInfoNewImpl: registerNetInfoHandler aebf089
09-13 15:33:52.809  5285  5318 D NativeTrafficMonitorHelper: startToInitNativeTrafficMonitorWithConfig isPublicVersion[true]
09-13 15:33:52.817  5285  5318 D NativeTrafficMonitorConfigProcessor: onParsed type: 836
09-13 15:33:52.818  5285  5318 D NativeTrafficMonitorHelper: realInitNativeTrafficMonitorWithConfig start, NativeTrafficMonitorConfig{isInitNativeTrafficMonitor=true, isEnableMonitor=true, isEnableGlobalMonitor=true, mobileReportThreshold=9223372036854775807, nextMobileLogTimes=1, wifiReportThreshold=9223372036854775807, nextWifiLogTimes=1, mobileLogThreshold=9223372036854775807, wifiLogThreshold=9223372036854775807, globalThreadInfoThreshold=50000000, globalMonitorTime=300, globalMobileReportThreshold=500000000, nextGlobalMobileLogTimes=1, globalWifiReportThreshold=500000000, nextGlobalWifiLogTimes=1, globalMobileLogThreshold=9223372036854775807, globalWifiLogThreshold=9223372036854775807}
09-13 15:33:52.821  5285  5318 E TrafficMonitorLibrary: HookSocket_Above_P start
09-13 15:33:52.821  5285  5318 E TrafficMonitorLibrary: HookSocket_Above_P succeed
09-13 15:33:52.821  5285  5318 D NativeTrafficMonitorHelper: realInitNativeTrafficMonitorWithConfig isMobileNet: false
09-13 15:33:52.821  5285  5318 D AutoMonitor: OpenThreadCreateHook, cost=17 results: true
09-13 15:33:53.008  5153  5371 D AutoMonitor: Step, cost=0 results: true
09-13 15:33:53.097  5153  6361 D BaseHighStringMonitor: start failed
09-13 15:33:53.098  5153  6361 D BaseHighStringMonitor: start failed
09-13 15:33:53.098  5153  6361 I QQRMonitorSDKManager: setUin 1239120048
09-13 15:33:53.265  5153  5410 I wlogin_sdk[P:14]: oldPath:/storage/emulated/0/tencent/wtlogin/com.tencent.mobileqq
09-13 15:33:53.266  5153  5410 I wlogin_sdk[P:23]: oldPath not exist
09-13 15:33:53.578  6410  6410 I AutoRevokePermissions: Parsed teamfood setting value: null
09-13 15:33:53.580  6410  6410 I AutoRevokePermissions: Parsed teamfood setting value: null
09-13 15:33:53.580  6410  6410 I AutoRevokePermissions: scheduleAutoRevokePermissions with frequency 1296000000ms and threshold 7776000000ms
09-13 15:33:53.583  6410  6410 I AutoRevokePermissions: user 0 is a profile owner. Running Auto Revoke.
09-13 15:33:53.584  6410  6410 I AutoRevokePermissions: Parsed teamfood setting value: null
09-13 15:33:53.589  6410  6410 I AutoRevokePermissions: onStartJob
09-13 15:33:53.590  6410  6410 I AutoRevokePermissions: Skipping auto revoke first run when scheduled by system
09-13 15:33:53.608  5153  5628 D MSF.C.NetConnTag.true: try open Conn OSwzPz8sf3VlLiMyLTEjM2RwN3orKWs5JS5qbGpgdXl6c2BkamJ1YHt5YmRgPiQ2OSZqOi80KWAkNjw4YGl/Ljg2NW5q noneProxy net:0 cross:0 protocalsocket
09-13 15:33:53.608  5153  5628 E MSF.C.NetConnTag.true: [openConn] socket has built, socketEngineID: 0socket: 3559659java.lang.Throwable
09-13 15:33:53.608  5153  5628 E MSF.C.NetConnTag.true: 	at com.tencent.mobileqq.msf.core.net.m.a(P:46)
09-13 15:33:53.608  5153  5628 E MSF.C.NetConnTag.true: 	at com.tencent.mobileqq.msf.core.net.p.a(P:207)
09-13 15:33:53.608  5153  5628 E MSF.C.NetConnTag.true: 	at com.tencent.mobileqq.msf.core.net.p.a(P:203)
09-13 15:33:53.608  5153  5628 E MSF.C.NetConnTag.true: 	at com.tencent.mobileqq.msf.core.net.p.a(P:179)
09-13 15:33:53.608  5153  5628 E MSF.C.NetConnTag.true: 	at com.tencent.mobileqq.msf.core.net.p.b(P:40)
09-13 15:33:53.608  5153  5628 E MSF.C.NetConnTag.true: 	at com.tencent.mobileqq.msf.core.net.p.a(P:108)
09-13 15:33:53.608  5153  5628 E MSF.C.NetConnTag.true: 	at com.tencent.mobileqq.msf.core.net.p.q(P:1)
09-13 15:33:53.608  5153  5628 E MSF.C.NetConnTag.true: 	at com.tencent.mobileqq.msf.core.net.p.a(P:228)
09-13 15:33:53.608  5153  5628 E MSF.C.NetConnTag.true: 	at com.tencent.mobileqq.msf.core.ag$c.run(P:115)
09-13 15:33:53.609  5153  5628 D MSF.C.NetConnTag.true: open msfwifi.3g.qq.com:8080 failed connError_unreachable costTime: 1 configTimeout: 20000 noneProxy cross:0
09-13 15:33:53.716  6455  6455 E m.android.shel: Not starting debugger since process cannot load the jdwp agent.
09-13 15:33:53.724  5153  5372 I PERF_LOG: GC.happened gc!!!!!!!!!, 1947 ms interval from last time
09-13 15:33:53.756  6455  6455 I m.android.shel: The ClassLoaderContext is a special shared library.
09-13 15:33:53.775  6455  6455 D NetworkSecurityConfig: No Network Security Config specified, using platform default
09-13 15:33:53.776  6455  6455 D NetworkSecurityConfig: No Network Security Config specified, using platform default
09-13 15:33:53.802  6455  6455 D HeapDumpReceiver: onReceive(): Intent { act=android.intent.action.BOOT_COMPLETED flg=0x89000010 cmp=com.android.shell/.HeapDumpReceiver (has extras) }
09-13 15:33:53.803  6455  6478 D HeapDumpReceiver: Deleting from /data/user_de/0/com.android.shell/files/heapdumps
09-13 15:33:53.807  5153  5554 W Settings: Setting airplane_mode_on has moved from android.provider.Settings.System to android.provider.Settings.Global, returning read-only value.
09-13 15:33:53.814  5153  5554 W Settings: Setting airplane_mode_on has moved from android.provider.Settings.System to android.provider.Settings.Global, returning read-only value.
09-13 15:33:53.824  5153  5554 I chatty  : uid=10211(com.tencent.mobileqq) MsfCheckDeepSle identical 4 lines
09-13 15:33:53.827  5153  5554 W Settings: Setting airplane_mode_on has moved from android.provider.Settings.System to android.provider.Settings.Global, returning read-only value.
09-13 15:33:54.225  5153  6522 E RMonitor_manager_PluginMng: can not find plugin {name: device, id: 131, mode: 0, entrance: com.tencent.rmonitor.device.DeviceInfoMonitor}java.lang.ClassNotFoundException: com.tencent.rmonitor.device.DeviceInfoMonitor
09-13 15:33:54.225  5153  6522 E RMonitor_manager_PluginMng: 	at java.lang.Class.classForName(Native Method)
09-13 15:33:54.225  5153  6522 E RMonitor_manager_PluginMng: 	at java.lang.Class.forName(Class.java:454)
09-13 15:33:54.225  5153  6522 E RMonitor_manager_PluginMng: 	at java.lang.Class.forName(Class.java:379)
09-13 15:33:54.225  5153  6522 E RMonitor_manager_PluginMng: 	at com.tencent.rmonitor.c.d.g(P:2)
09-13 15:33:54.225  5153  6522 E RMonitor_manager_PluginMng: 	at com.tencent.rmonitor.c.d.h(P:2)
09-13 15:33:54.225  5153  6522 E RMonitor_manager_PluginMng: 	at com.tencent.rmonitor.c.d.c(P:5)
09-13 15:33:54.225  5153  6522 E RMonitor_manager_PluginMng: 	at com.tencent.rmonitor.c.c.f(P:9)
09-13 15:33:54.225  5153  6522 E RMonitor_manager_PluginMng: 	at com.tencent.rmonitor.Magnifier$1.run(P:3)
09-13 15:33:54.225  5153  6522 E RMonitor_manager_PluginMng: 	at android.os.Handler.handleCallback(Handler.java:938)
09-13 15:33:54.225  5153  6522 E RMonitor_manager_PluginMng: 	at android.os.Handler.dispatchMessage(Handler.java:99)
09-13 15:33:54.225  5153  6522 E RMonitor_manager_PluginMng: 	at android.os.Looper.loop(Looper.java:257)
09-13 15:33:54.225  5153  6522 E RMonitor_manager_PluginMng: 	at android.os.HandlerThread.run(HandlerThread.java:67)
09-13 15:33:54.225  5153  6522 E RMonitor_manager_PluginMng: Caused by: java.lang.ClassNotFoundException: com.tencent.rmonitor.device.DeviceInfoMonitor
09-13 15:33:54.225  5153  6522 E RMonitor_manager_PluginMng: 	... 12 more
09-13 15:33:54.392  5153  5725 E MSFAliveManager: boot type uninit
09-13 15:33:54.651  5153  5628 D MSF.C.NetConnTag.true: try open Conn OSwzPz8sf3VlLiMyLTEjM2RwN3orKWs5JS5qbGpgdXl6c2BkamJ1YHt5YmRgPiQ2OSZqOi80KWAkNjw4YGl/Ljg2NW5q noneProxy net:0 cross:0 protocalsocket
09-13 15:33:54.652  5153  5628 E MSF.C.NetConnTag.true: [openConn] socket has built, socketEngineID: 0socket: 203960460java.lang.Throwable
09-13 15:33:54.652  5153  5628 E MSF.C.NetConnTag.true: 	at com.tencent.mobileqq.msf.core.net.m.a(P:46)
09-13 15:33:54.652  5153  5628 E MSF.C.NetConnTag.true: 	at com.tencent.mobileqq.msf.core.net.p.a(P:207)
09-13 15:33:54.652  5153  5628 E MSF.C.NetConnTag.true: 	at com.tencent.mobileqq.msf.core.net.p.a(P:203)
09-13 15:33:54.652  5153  5628 E MSF.C.NetConnTag.true: 	at com.tencent.mobileqq.msf.core.net.p.a(P:179)
09-13 15:33:54.652  5153  5628 E MSF.C.NetConnTag.true: 	at com.tencent.mobileqq.msf.core.net.p.b(P:40)
09-13 15:33:54.652  5153  5628 E MSF.C.NetConnTag.true: 	at com.tencent.mobileqq.msf.core.net.p.a(P:108)
09-13 15:33:54.652  5153  5628 E MSF.C.NetConnTag.true: 	at com.tencent.mobileqq.msf.core.net.p.q(P:1)
09-13 15:33:54.652  5153  5628 E MSF.C.NetConnTag.true: 	at com.tencent.mobileqq.msf.core.net.p.a(P:228)
09-13 15:33:54.652  5153  5628 E MSF.C.NetConnTag.true: 	at com.tencent.mobileqq.msf.core.ag$c.run(P:115)
09-13 15:33:54.652  5153  5628 D MSF.C.NetConnTag.true: open msfwifi.3g.qq.com:8080 failed connError_unreachable costTime: 1 configTimeout: 20000 noneProxy cross:0
09-13 15:33:55.437  1267  1334 E BatteryStatsService: Unable to load Power Hal or power.stats HAL
09-13 15:33:55.670  5153  5153 D StandbyModeManager: onReceive action: android.intent.action.SCREEN_OFF
09-13 15:33:55.670  5153  5153 D StandbyModeManager: stop try start standby by mobileOff ON when screenoff
09-13 15:33:55.705  5153  5628 D MSF.C.NetConnTag.true: try open Conn OSwzPz8sf3VlLiMyLTEjM2RwN3orKWs5JS5qbGpgdXl6c2BkamJ1YHt5YmRgPiQ2OSZqOi80KWAkNjw4YGl/Ljg2NW5q noneProxy net:0 cross:0 protocalsocket
09-13 15:33:55.706  5153  5628 E MSF.C.NetConnTag.true: [openConn] socket has built, socketEngineID: 0socket: 124865243java.lang.Throwable
09-13 15:33:55.706  5153  5628 E MSF.C.NetConnTag.true: 	at com.tencent.mobileqq.msf.core.net.m.a(P:46)
09-13 15:33:55.706  5153  5628 E MSF.C.NetConnTag.true: 	at com.tencent.mobileqq.msf.core.net.p.a(P:207)
09-13 15:33:55.706  5153  5628 E MSF.C.NetConnTag.true: 	at com.tencent.mobileqq.msf.core.net.p.a(P:203)
09-13 15:33:55.706  5153  5628 E MSF.C.NetConnTag.true: 	at com.tencent.mobileqq.msf.core.net.p.a(P:179)
09-13 15:33:55.706  5153  5628 E MSF.C.NetConnTag.true: 	at com.tencent.mobileqq.msf.core.net.p.b(P:40)
09-13 15:33:55.706  5153  5628 E MSF.C.NetConnTag.true: 	at com.tencent.mobileqq.msf.core.net.p.a(P:108)
09-13 15:33:55.706  5153  5628 E MSF.C.NetConnTag.true: 	at com.tencent.mobileqq.msf.core.net.p.q(P:1)
09-13 15:33:55.706  5153  5628 E MSF.C.NetConnTag.true: 	at com.tencent.mobileqq.msf.core.net.p.a(P:228)
09-13 15:33:55.706  5153  5628 E MSF.C.NetConnTag.true: 	at com.tencent.mobileqq.msf.core.ag$c.run(P:115)
09-13 15:33:55.707  5153  5628 D MSF.C.NetConnTag.true: MSF_Alive_Log set netWorkFailTime =1663054435707
09-13 15:33:55.707  5153  5628 D MSF.C.NetConnTag.true: open msfwifi.3g.qq.com:8080 failed connError_unreachable costTime: 2 configTimeout: 20000 noneProxy cross:0
09-13 15:33:55.708  5153  5628 D WifiDetector: WIFI detect onWifiAllConnFailed!
09-13 15:33:55.736  5153  5628 D WifiDetector: WIFI detect start failed, wifi is not connected!
09-13 15:33:55.737  5153  5628 D MSF.C.NetConnTag.true: msf can not get ssid
09-13 15:33:55.737  5153  5628 D MSF.C.NetConnTag.true: current network state: weakNet
09-13 15:33:55.737  5153  5628 D MSF.C.NetConnTag.true: msf can not get ssid
09-13 15:33:55.737  5153  5628 D MSF.C.NetConnTag.true: current network state: weakNet
09-13 15:33:55.744  5153  5628 D MSF.C.NetConnTag.true: p ok re2: 31038
09-13 15:33:55.745  5153  5628 D MSF.C.NetConnTag.: MsfCoreMsgSender worker run closeConn writeError
09-13 15:33:55.746  5153  5628 D MSF.C.NetConnTag.true: MsfCoreMsgSender closeConn socketEngineID: 0 socket hashcode: 124865243 for reason: writeError
09-13 15:33:55.772  5153  5628 E MSF.C.NetConnTag.true: close socket has done, socketEngineID: 0socket: 124865243java.lang.Throwable
09-13 15:33:55.772  5153  5628 E MSF.C.NetConnTag.true: 	at com.tencent.mobileqq.msf.core.net.m.b(P:71)
09-13 15:33:55.772  5153  5628 E MSF.C.NetConnTag.true: 	at com.tencent.mobileqq.msf.core.net.p.a(P:239)
09-13 15:33:55.772  5153  5628 E MSF.C.NetConnTag.true: 	at com.tencent.mobileqq.msf.core.ag.a(P:195)
09-13 15:33:55.772  5153  5628 E MSF.C.NetConnTag.true: 	at com.tencent.mobileqq.msf.core.ag$c.run(P:129)
09-13 15:33:55.775  5153  5628 D MSF.C.NetConnTag.true: MsfCoreMsgSender closeConn socketEngineID: 1 socket hashcode: 0 for reason: writeError
09-13 15:33:55.786  5153  5628 E MSF.C.NetConnTag.true: conn is already closed on writeError closeConn socketEngineID: 1 socket hashcode: 0java.lang.Throwable
09-13 15:33:55.786  5153  5628 E MSF.C.NetConnTag.true: 	at com.tencent.mobileqq.msf.core.net.m.b(P:27)
09-13 15:33:55.786  5153  5628 E MSF.C.NetConnTag.true: 	at com.tencent.mobileqq.msf.core.net.p.a(P:239)
09-13 15:33:55.786  5153  5628 E MSF.C.NetConnTag.true: 	at com.tencent.mobileqq.msf.core.ag.a(P:195)
09-13 15:33:55.786  5153  5628 E MSF.C.NetConnTag.true: 	at com.tencent.mobileqq.msf.core.ag$c.run(P:129)
09-13 15:33:55.787  5153  5628 D MSF.C.NetConnTag.DualConnContext.true:  reset
09-13 15:33:55.787  5153  5628 D MSF.C.NetConnTag.DualConnContext.true: removeConnectionChecker: remove connId = 0
09-13 15:33:55.788  5153  5628 D MSF.C.NetConnTag.DualConnContext.true: removeConnectionChecker: remove connId = 1
09-13 15:33:56.848  5285  6799 D QQThreadMonitorManager: INIT FROM PROCESS:com.tencent.mobileqq
09-13 15:33:56.850  5285  6799 D QQThreadMonitorConfig: com.tencent.mobileqq[isMatrixTrafficToggle]false
09-13 15:33:56.850  5285  6799 D QQThreadMonitorConfig: com.tencent.mobileqq[isMatrixTrafficToggle]false
09-13 15:33:56.850  5285  6799 D QQThreadMonitorConfig: com.tencent.mobileqq[isMatrixLeakToggle]false
09-13 15:33:56.850  5285  6799 D QQThreadMonitorConfig: com.tencent.mobileqq[isMatrixLeakToggle]false
09-13 15:33:57.054  5153  6800 D QQThreadMonitorManager: INIT FROM PROCESS:com.tencent.mobileqq:MSF
09-13 15:33:57.054  5153  6800 D QQThreadMonitorConfig: com.tencent.mobileqq:MSF[isMatrixLeakToggle]false
09-13 15:33:57.055  5153  6800 D QQThreadMonitorConfig: com.tencent.mobileqq:MSF[isMatrixLeakToggle]false
09-13 15:33:57.055  5153  6800 D QQThreadMonitorConfig: com.tencent.mobileqq:MSF[isMatrixTrafficToggle]false
09-13 15:33:57.055  5153  6800 D QQThreadMonitorConfig: com.tencent.mobileqq:MSF[isMatrixTrafficToggle]false
09-13 15:33:57.151  5153  5372 I PERF_LOG: GC.happened gc!!!!!!!!!, 3428 ms interval from last time
09-13 15:33:57.434  5153  6801 I SharedPreferencesProxy: create new ContentProviderClient: msf_sdk_proxy_factory
09-13 15:33:57.441  5285  6802 D StorageFileMonitor: onFileOperate runtime not ready
09-13 15:33:57.445  5153  6801 I MsfServiceSdk:  create isUseNewProxy=false randomInt=93
09-13 15:33:57.459  5153  6805 D MSF.D.Proxy: MSF_Alive_Log start service finish
09-13 15:33:57.460  5153  5153 D MSF.S.MsfService: MSF_Alive_Log serivce onStart: null
09-13 15:33:57.463  5153  6805 D MSF.D.Proxy: threadID:456, threadName: thread_heavy_1 bind service finished true
09-13 15:33:57.463  5153  5153 D MSF.S.MsfService: MSF_Alive_Log serivce onBind by :null
09-13 15:33:57.468  5153  5153 D MSF.D.RemoteServiceProxy: onServiceConnected service:ComponentInfo{com.tencent.mobileqq/com.tencent.mobileqq.msf.service.MsfService}
09-13 15:33:57.469  5153  5403 D MSF.C.DeepSleepDetector: onProcessViewableChanged process: com.tencent.mobileqq:MSF, state: false, at: 0
09-13 15:33:57.476  5153  6806 D MSF.D.RemoteServiceProxy: linkToDeath
09-13 15:33:57.476  5153  6806 D MSF.S.ReqHandler: handleMsfRequest registerMsfService
09-13 15:33:57.477  5153  6806 I MSF.S.AppProcessManager: onRegisterApp process=null processBootName=null appid=88886666 callback=cb26f9a
09-13 15:33:57.478  5153  6806 W MSF.S.AppProcessManager: com.tencent.mobileqq:MSF handleWaitSendProxyMsgThread onRegisterApp appProcessName is null
09-13 15:33:57.480  5153  6806 I wlogin_sdk[P:5]: get guid d710de468b26628fcd8aeeabe00a6523
09-13 15:33:57.714  5285  6834 I MsfServiceSdk:  create isUseNewProxy=false randomInt=93
09-13 15:33:58.665  6919  6919 E tencent.mm:pus: Not starting debugger since process cannot load the jdwp agent.
09-13 15:33:58.758  6919  6919 I tencent.mm:pus: The ClassLoaderContext is a special shared library.
09-13 15:33:58.764  6919  6919 D ApplicationLoaders: Returning zygote-cached class loader: /system/framework/android.test.base.jar
09-13 15:33:58.867  5153  5554 W Settings: Setting airplane_mode_on has moved from android.provider.Settings.System to android.provider.Settings.Global, returning read-only value.
09-13 15:33:58.872  5153  5554 I chatty  : uid=10211(com.tencent.mobileqq) MsfCheckDeepSle identical 2 lines
09-13 15:33:58.874  5153  5554 W Settings: Setting airplane_mode_on has moved from android.provider.Settings.System to android.provider.Settings.Global, returning read-only value.
09-13 15:33:58.944  6919  6919 E LoadedApk: Unable to instantiate appComponentFactory
09-13 15:33:58.944  6919  6919 E LoadedApk: java.lang.ClassNotFoundException: Didn't find class "androidx.core.app.CoreComponentFactory" on path: DexPathList[[zip file "/data/app/~~zTVZhBqvh3fWOzNub3_hbA==/com.tencent.mm-MNtGAGjPoODqkA5W9GpNOQ==/base.apk"],nativeLibraryDirectories=[/data/app/~~zTVZhBqvh3fWOzNub3_hbA==/com.tencent.mm-MNtGAGjPoODqkA5W9GpNOQ==/lib/arm64, /data/app/~~zTVZhBqvh3fWOzNub3_hbA==/com.tencent.mm-MNtGAGjPoODqkA5W9GpNOQ==/base.apk!/lib/arm64-v8a, /system/lib64, /system/system_ext/lib64]]
09-13 15:33:58.944  6919  6919 E LoadedApk: 	at dalvik.system.BaseDexClassLoader.findClass(BaseDexClassLoader.java:207)
09-13 15:33:58.944  6919  6919 E LoadedApk: 	at java.lang.ClassLoader.loadClass(ClassLoader.java:379)
09-13 15:33:58.944  6919  6919 E LoadedApk: 	at java.lang.ClassLoader.loadClass(ClassLoader.java:312)
09-13 15:33:58.944  6919  6919 E LoadedApk: 	at android.app.LoadedApk.createAppFactory(LoadedApk.java:275)
09-13 15:33:58.944  6919  6919 E LoadedApk: 	at android.app.LoadedApk.createOrUpdateClassLoaderLocked(LoadedApk.java:920)
09-13 15:33:58.944  6919  6919 E LoadedApk: 	at android.app.LoadedApk.getClassLoader(LoadedApk.java:973)
09-13 15:33:58.944  6919  6919 E LoadedApk: 	at android.app.LoadedApk.getResources(LoadedApk.java:1205)
09-13 15:33:58.944  6919  6919 E LoadedApk: 	at android.app.ContextImpl.createAppContext(ContextImpl.java:2720)
09-13 15:33:58.944  6919  6919 E LoadedApk: 	at android.app.ContextImpl.createAppContext(ContextImpl.java:2712)
09-13 15:33:58.944  6919  6919 E LoadedApk: 	at android.app.ActivityThread.handleBindApplication(ActivityThread.java:7105)
09-13 15:33:58.944  6919  6919 E LoadedApk: 	at android.app.ActivityThread.access$1600(ActivityThread.java:269)
09-13 15:33:58.944  6919  6919 E LoadedApk: 	at android.app.ActivityThread$H.handleMessage(ActivityThread.java:2183)
09-13 15:33:58.944  6919  6919 E LoadedApk: 	at android.os.Handler.dispatchMessage(Handler.java:106)
09-13 15:33:58.944  6919  6919 E LoadedApk: 	at android.os.Looper.loop(Looper.java:257)
09-13 15:33:58.944  6919  6919 E LoadedApk: 	at android.app.ActivityThread.main(ActivityThread.java:8256)
09-13 15:33:58.944  6919  6919 E LoadedApk: 	at java.lang.reflect.Method.invoke(Native Method)
09-13 15:33:58.944  6919  6919 E LoadedApk: 	at com.android.internal.os.RuntimeInit$MethodAndArgsCaller.run(RuntimeInit.java:626)
09-13 15:33:58.944  6919  6919 E LoadedApk: 	at com.android.internal.os.ZygoteInit.main(ZygoteInit.java:1031)
09-13 15:33:58.999  6919  6919 D NetworkSecurityConfig: Using Network Security Config from resource be debugBuild: false
09-13 15:33:59.003  6919  6919 D NetworkSecurityConfig: Using Network Security Config from resource be debugBuild: false
09-13 15:33:59.242  5153  6536 D MeasureCore: exist same version RAFTComConfig{comName='RMonitor-Android', comVersion='1.4.33'}
09-13 15:33:59.250  5153  6536 D MeasureCore: filter Usage for RMonitor-Android_1.4.33 reason = START_UP_RATE_LIMIT
09-13 15:33:59.268  6919  6919 I MMKV    : <native-bridge.cpp:104::JNI_OnLoad> current API level = 30, libc++_shared=0
09-13 15:33:59.272  6919  6919 I MMKV    : <MMKV.cpp:165::initialize> version v1.2.12, page size 4096, arch arm64-v8a
09-13 15:33:59.272  6919  6919 I MMKV    : <MMKV.cpp:176::initialize> armv8 AES instructions is supported
09-13 15:33:59.272  6919  6919 I MMKV    : <MMKV.cpp:184::initialize> armv8 CRC32 instructions is supported
09-13 15:33:59.274  6919  6919 I MMKV    : <MMKV.cpp:207::initializeMMKV> root dir: /data/user/0/com.tencent.mm/files/mmkv
09-13 15:33:59.321  6950  6950 E com.tencent.mm: Not starting debugger since process cannot load the jdwp agent.
09-13 15:33:59.333  5153  5153 D MSF.C.ConfigManager: MSF_Alive_Log get config jobscheduler_enable=2
09-13 15:33:59.333  5153  5153 D MSFAliveManager: MSF_Alive_Log get job state = 2
09-13 15:33:59.333  5153  5153 D MSFAliveManager: MSF_Alive_Log add JobScheduler begin
09-13 15:33:59.364  5153  5153 D MSFAliveManager: MSF_Alive_Log add JobScheduler success!
09-13 15:33:59.365  5153  5153 D AppCloneHandler: AppClone: checkCloneBehavior
09-13 15:33:59.372  5153  5153 D AppCloneHandler: newFirstInstallTime:1661352457555 ,oldFirstInstallTime:1661352457555
09-13 15:33:59.375  5153  5153 D MSFAliveJobService: MSF_Alive_Log MSFAliveJobService onCreate 
09-13 15:33:59.384  5153  5153 D MSFAliveJobService: MSF_Alive_Log MSFAliveJobService onStartJob 
09-13 15:33:59.384  5153  5538 D MSF.C.ConfigManager: MSF_Alive_Log get config jobscheduler_enable=2
09-13 15:33:59.385  5153  5538 D MSFAliveManager: MSF_Alive_Log get job state = 2
09-13 15:33:59.385  5153  5538 D MSFAliveJobService: MSF_Alive_Log MSFAliveJobService handleMessage start service
09-13 15:33:59.386  5153  5538 D MSFAliveJobService: MSF_Alive_Log : isDeviceIdleMode=false, netWorkFailTime=1663054435707, enterIdle=0 levelIdle=0,netFailInterval=3679
09-13 15:33:59.388  5153  5538 D PandoraEx.MonitorReporter: module[sensor], systemApi[SM#G_DS#I], scene[back], strategy[normal], isSystemCall[true
09-13 15:33:59.393  5153  5538 D PandoraEx.MonitorReporter: module[sensor], systemApi[SM#RL#SSII], scene[back], strategy[normal], isSystemCall[true
09-13 15:33:59.399  6950  6950 I com.tencent.mm: The ClassLoaderContext is a special shared library.
09-13 15:33:59.403  6950  6950 D ApplicationLoaders: Returning zygote-cached class loader: /system/framework/android.test.base.jar
09-13 15:33:59.440  5153  5403 D MemoryCeilingMonitor: [handleMemoryCalculate]
09-13 15:33:59.441  5153  5403 D MemoryCeilingMonitor: [calculate] tot: 3814933, max: 268435456, free: 501149, heap: 3313784, per: 0.012344807386398315
09-13 15:33:59.514  6950  6950 E LoadedApk: Unable to instantiate appComponentFactory
09-13 15:33:59.514  6950  6950 E LoadedApk: java.lang.ClassNotFoundException: Didn't find class "androidx.core.app.CoreComponentFactory" on path: DexPathList[[zip file "/data/app/~~zTVZhBqvh3fWOzNub3_hbA==/com.tencent.mm-MNtGAGjPoODqkA5W9GpNOQ==/base.apk"],nativeLibraryDirectories=[/data/app/~~zTVZhBqvh3fWOzNub3_hbA==/com.tencent.mm-MNtGAGjPoODqkA5W9GpNOQ==/lib/arm64, /data/app/~~zTVZhBqvh3fWOzNub3_hbA==/com.tencent.mm-MNtGAGjPoODqkA5W9GpNOQ==/base.apk!/lib/arm64-v8a, /system/lib64, /system/system_ext/lib64]]
09-13 15:33:59.514  6950  6950 E LoadedApk: 	at dalvik.system.BaseDexClassLoader.findClass(BaseDexClassLoader.java:207)
09-13 15:33:59.514  6950  6950 E LoadedApk: 	at java.lang.ClassLoader.loadClass(ClassLoader.java:379)
09-13 15:33:59.514  6950  6950 E LoadedApk: 	at java.lang.ClassLoader.loadClass(ClassLoader.java:312)
09-13 15:33:59.514  6950  6950 E LoadedApk: 	at android.app.LoadedApk.createAppFactory(LoadedApk.java:275)
09-13 15:33:59.514  6950  6950 E LoadedApk: 	at android.app.LoadedApk.createOrUpdateClassLoaderLocked(LoadedApk.java:920)
09-13 15:33:59.514  6950  6950 E LoadedApk: 	at android.app.LoadedApk.getClassLoader(LoadedApk.java:973)
09-13 15:33:59.514  6950  6950 E LoadedApk: 	at android.app.LoadedApk.getResources(LoadedApk.java:1205)
09-13 15:33:59.514  6950  6950 E LoadedApk: 	at android.app.ContextImpl.createAppContext(ContextImpl.java:2720)
09-13 15:33:59.514  6950  6950 E LoadedApk: 	at android.app.ContextImpl.createAppContext(ContextImpl.java:2712)
09-13 15:33:59.514  6950  6950 E LoadedApk: 	at android.app.ActivityThread.handleBindApplication(ActivityThread.java:7105)
09-13 15:33:59.514  6950  6950 E LoadedApk: 	at android.app.ActivityThread.access$1600(ActivityThread.java:269)
09-13 15:33:59.514  6950  6950 E LoadedApk: 	at android.app.ActivityThread$H.handleMessage(ActivityThread.java:2183)
09-13 15:33:59.514  6950  6950 E LoadedApk: 	at android.os.Handler.dispatchMessage(Handler.java:106)
09-13 15:33:59.514  6950  6950 E LoadedApk: 	at android.os.Looper.loop(Looper.java:257)
09-13 15:33:59.514  6950  6950 E LoadedApk: 	at android.app.ActivityThread.main(ActivityThread.java:8256)
09-13 15:33:59.514  6950  6950 E LoadedApk: 	at java.lang.reflect.Method.invoke(Native Method)
09-13 15:33:59.514  6950  6950 E LoadedApk: 	at com.android.internal.os.RuntimeInit$MethodAndArgsCaller.run(RuntimeInit.java:626)
09-13 15:33:59.514  6950  6950 E LoadedApk: 	at com.android.internal.os.ZygoteInit.main(ZygoteInit.java:1031)
09-13 15:33:59.522  6919  6919 D CompatibilityChangeReporter: Compat change id reported: 147600208; UID 10208; state: ENABLED
09-13 15:33:59.542  6950  6950 D NetworkSecurityConfig: Using Network Security Config from resource be debugBuild: false
09-13 15:33:59.544  6950  6950 D NetworkSecurityConfig: Using Network Security Config from resource be debugBuild: false
09-13 15:33:59.547  6919  6919 W SQLiteCompatibilityWalFlags: Cannot read global setting sqlite_compatibility_wal_flags - Application state not available
09-13 15:33:59.640  6919  6919 W tencent.mm:push: type=1400 audit(0.0:4129): avc: denied { read } for name="anr" dev="dm-10" ino=53458 scontext=u:r:untrusted_app_29:s0:c208,c256,c512,c768 tcontext=u:object_r:anr_data_file:s0 tclass=dir permissive=0 app=com.tencent.mm
09-13 15:33:59.667  6919  6919 V NativeCrash: Alternative stack installed.
09-13 15:33:59.667  6919  6919 V NativeCrash: Signal handler installed.
09-13 15:33:59.691  6950  6950 I MMKV    : <native-bridge.cpp:104::JNI_OnLoad> current API level = 30, libc++_shared=0
09-13 15:33:59.691  6950  6950 I MMKV    : <MMKV.cpp:165::initialize> version v1.2.12, page size 4096, arch arm64-v8a
09-13 15:33:59.691  6950  6950 I MMKV    : <MMKV.cpp:176::initialize> armv8 AES instructions is supported
09-13 15:33:59.691  6950  6950 I MMKV    : <MMKV.cpp:184::initialize> armv8 CRC32 instructions is supported
09-13 15:33:59.691  6950  6950 I MMKV    : <MMKV.cpp:207::initializeMMKV> root dir: /data/user/0/com.tencent.mm/files/mmkv
09-13 15:33:59.778  6950  6950 I com.tencent.mm: Waiting for a blocking GC ClassLinker
09-13 15:33:59.781  6919  6919 I tencent.mm:pus: Thread[1,tid=6919,Native,Thread*=0xb400007a53f45c00,peer=0x72d9c3b0,"main"] recursive attempt to load library "/data/app/~~zTVZhBqvh3fWOzNub3_hbA==/com.tencent.mm-MNtGAGjPoODqkA5W9GpNOQ==/lib/arm64/libtrace-canary.so"
09-13 15:33:59.782  6919  6919 I tencent.mm:pus: Thread[1,tid=6919,Native,Thread*=0xb400007a53f45c00,peer=0x72d9c3b0,"main"] recursive attempt to load library "/data/app/~~zTVZhBqvh3fWOzNub3_hbA==/com.tencent.mm-MNtGAGjPoODqkA5W9GpNOQ==/lib/arm64/libtrace-canary.so"
09-13 15:33:59.872  6950  6950 I com.tencent.mm: WaitForGcToComplete blocked ClassLinker on AddRemoveAppImageSpace for 94.753ms
09-13 15:34:00.032  6950  6950 D CompatibilityChangeReporter: Compat change id reported: 147600208; UID 10208; state: ENABLED
09-13 15:34:00.050  6950  6950 W SQLiteCompatibilityWalFlags: Cannot read global setting sqlite_compatibility_wal_flags - Application state not available
09-13 15:34:00.158  6950  6950 E ActivityThread: Failed to find provider info for com.google.android.gms.phenotype
09-13 15:34:00.193  6950  7041 I FA      : Collection disabled with firebase_analytics_collection_enabled=0
09-13 15:34:00.193  6950  6950 I TetheringManager: registerTetheringEventCallback:com.tencent.mm
09-13 15:34:00.198  6950  7041 I FA      : App measurement is starting up, version: 12451
09-13 15:34:00.198  6950  7041 I FA      : To enable debug logging run: adb shell setprop log.tag.FA VERBOSE
09-13 15:34:00.198  6950  7041 I FA      : To enable faster debug mode event logging run:
09-13 15:34:00.198  6950  7041 I FA      :   adb shell setprop debug.firebase.analytics.app com.tencent.mm
09-13 15:34:00.231  6919  6919 I MicroMsg.ServiceManager: [:6919, ]:[+] preload feature service: '[provider com.tencent.mm.plugin.zero.p, provider com.tencent.mm.plugin.byp.c]', dest_status: INITIALIZED, wait: true
09-13 15:34:00.238  6919  7046 I MicroMsg.ServiceManager: [:7046, ]:[+] resolve dependencies '[class com.tencent.mm.plugin.zero.b, class com.tencent.mm.plugin.zero.LoadProtocolJNIService, class com.tencent.mm.plugin.zero.i]' of 'com.tencent.mm.plugin.zero.p@60628af'.
09-13 15:34:00.240  6919  7046 I MicroMsg.ServiceManager: [:7046, ]:[+] resolve dependencies '[]' of 'com.tencent.mm.plugin.zero.b@d9a0c45'.
09-13 15:34:00.240  6919  7049 I MicroMsg.ServiceManager: [:7049, ]:[+] resolve dependencies '[]' of 'com.tencent.mm.plugin.byp.c@75ed4bc'.
09-13 15:34:00.240  6919  7046 I MicroMsg.LoadLibrary: [:7046, ]:[+] Try to load library [wcdb] with cl: dalvik.system.PathClassLoader[DexPathList[[zip file "/data/app/~~zTVZhBqvh3fWOzNub3_hbA==/com.tencent.mm-MNtGAGjPoODqkA5W9GpNOQ==/base.apk"],nativeLibraryDirectories=[/data/app/~~zTVZhBqvh3fWOzNub3_hbA==/com.tencent.mm-MNtGAGjPoODqkA5W9GpNOQ==/lib/arm64, /data/app/~~zTVZhBqvh3fWOzNub3_hbA==/com.tencent.mm-MNtGAGjPoODqkA5W9GpNOQ==/base.apk!/lib/arm64-v8a, /system/lib64, /system/system_ext/lib64]]]
09-13 15:34:00.241  6919  7049 I Loader.SingleTaskExecutor: [:7049, ]:[start] name=BypSyncExecutor
09-13 15:34:00.245  6919  7049 I MicroMsg.ServiceManager: [:7049, ]:[+] transit lifecycle status of 'com.tencent.mm.plugin.byp.c@75ed4bc': 'INACTIVE' => 'ACTIVATED'.
09-13 15:34:00.249  6919  7050 I MicroMsg.ServiceManager: [:7050, ]:[+] resolve dependencies '[class com.tencent.mm.plugin.zero.LoadNormsgJNIService, interface com.tencent.mm.plugin.zero.k]' of 'com.tencent.mm.plugin.zero.LoadProtocolJNIService@95427c1'.
09-13 15:34:00.249  6919  7046 I WCDB    : Initialize JNI module (1/12) CursorWindow...
09-13 15:34:00.250  6919  7046 V WCDB.JNIHelp: Registering com/tencent/wcdb/CursorWindow natives
09-13 15:34:00.250  6919  7046 I WCDB    : Initialize JNI module (2/12) ChunkedCursorWindow...
09-13 15:34:00.250  6919  7046 V WCDB.JNIHelp: Registering com/tencent/wcdb/database/ChunkedCursorWindow natives
09-13 15:34:00.250  6919  7046 V WCDB.JNIHelp: Registering com/tencent/wcdb/database/SQLiteAsyncQuery natives
09-13 15:34:00.250  6919  7046 I WCDB    : Initialize JNI module (3/12) SQLiteConnection...
09-13 15:34:00.250  6919  7046 I WCDB    : Initialize JNI module (4/12) SQLiteDebug...
09-13 15:34:00.250  6919  7046 V WCDB.JNIHelp: Registering com/tencent/wcdb/database/SQLiteDebug natives
09-13 15:34:00.250  6919  7046 I WCDB    : Initialize JNI module (5/12) SQLiteDirectCursor...
09-13 15:34:00.250  6919  7046 V WCDB.JNIHelp: Registering com/tencent/wcdb/database/SQLiteDirectQuery natives
09-13 15:34:00.250  6919  7046 I WCDB    : Initialize JNI module (6/12) SQLiteGlobal...
09-13 15:34:00.250  6919  7046 V WCDB.JNIHelp: Registering com/tencent/wcdb/database/SQLiteGlobal natives
09-13 15:34:00.250  6919  7046 I WCDB    : Initialize JNI module (7/12) MMFtsTokenizer...
09-13 15:34:00.250  6919  7046 V WCDB.JNIHelp: Registering com/tencent/wcdb/extension/fts/MMFtsTokenizer natives
09-13 15:34:00.250  6919  7046 I WCDB    : Initialize JNI module (8/12) FileUtils...
